../Core/GNSS/U-Blox_F9P_Driver/U-Blox_F9P_Driver.c:44:6:U_Blox_Init	8	static
../Core/GNSS/U-Blox_F9P_Driver/U-Blox_F9P_Driver.c:49:6:U_Blox_Task	24	static
../Core/GNSS/U-Blox_F9P_Driver/U-Blox_F9P_Driver.c:123:6:U_Blox_Set_Frame	32	static
../Core/GNSS/U-Blox_F9P_Driver/U-Blox_F9P_Driver.c:134:9:U_Blox_Send_Frame	8	static
../Core/GNSS/U-Blox_F9P_Driver/U-Blox_F9P_Driver.c:143:10:U_Blox_Calculate_Checksum	32	static
../Core/GNSS/U-Blox_F9P_Driver/U-Blox_F9P_Driver.c:154:6:U_Blox_Receive_Data	16	static
../Core/GNSS/U-Blox_F9P_Driver/U-Blox_F9P_Driver.c:163:9:U_Blox_Is_Packet_Ready	4	static
../Core/GNSS/U-Blox_F9P_Driver/U-Blox_F9P_Driver.c:167:9:U_Blox_Is_Packet_Ready_To_Send	4	static
../Core/GNSS/U-Blox_F9P_Driver/U-Blox_F9P_Driver.c:171:6:U_Blox_Send_Packet	4	static
../Core/GNSS/U-Blox_F9P_Driver/U-Blox_F9P_Driver.c:177:6:U_Blox_Send_Data	16	static
../Core/GNSS/U-Blox_F9P_Driver/U-Blox_F9P_Driver.c:180:6:U_Blox_Get_Package	24	static
../Core/GNSS/U-Blox_F9P_Driver/U-Blox_F9P_Driver.c:197:6:U_Blox_Receive_5_Byte	16	static
../Core/GNSS/U-Blox_F9P_Driver/U-Blox_F9P_Driver.c:201:6:RxBufferMove	24	static
../Core/GNSS/U-Blox_F9P_Driver/U-Blox_F9P_Driver.c:210:6:RxBufferDeletePackage	24	static
../Core/GNSS/U-Blox_F9P_Driver/U-Blox_F9P_Driver.c:217:6:HAL_UART_TxCpltCallback	16	static
../Core/GNSS/U-Blox_F9P_Driver/U-Blox_F9P_Driver.c:225:6:HAL_UART_RxCpltCallback	16	static
../Core/GNSS/U-Blox_F9P_Driver/U-Blox_F9P_Driver.c:233:10:GetRxBufferIndex	16	static
