../Core/GNSS/U-Blox_F9P_Driver/U-Blox_F9P_Driver.c:44:6:U_Blox_Init	8	static
../Core/GNSS/U-Blox_F9P_Driver/U-Blox_F9P_Driver.c:49:6:U_Blox_Task	24	static
../Core/GNSS/U-Blox_F9P_Driver/U-Blox_F9P_Driver.c:123:6:U_Blox_Set_Frame	24	static
../Core/GNSS/U-Blox_F9P_Driver/U-Blox_F9P_Driver.c:136:9:U_Blox_Send_Frame	8	static
../Core/GNSS/U-Blox_F9P_Driver/U-Blox_F9P_Driver.c:145:10:U_Blox_Calculate_Checksum	32	static
../Core/GNSS/U-Blox_F9P_Driver/U-Blox_F9P_Driver.c:156:6:U_Blox_Receive_Data	16	static
../Core/GNSS/U-Blox_F9P_Driver/U-Blox_F9P_Driver.c:165:9:U_Blox_Is_Packet_Ready	4	static
../Core/GNSS/U-Blox_F9P_Driver/U-Blox_F9P_Driver.c:169:9:U_Blox_Is_Packet_Ready_To_Send	4	static
../Core/GNSS/U-Blox_F9P_Driver/U-Blox_F9P_Driver.c:173:6:U_Blox_Send_Packet	4	static
../Core/GNSS/U-Blox_F9P_Driver/U-Blox_F9P_Driver.c:179:6:U_Blox_Send_Data	16	static
../Core/GNSS/U-Blox_F9P_Driver/U-Blox_F9P_Driver.c:182:6:U_Blox_Get_Package	24	static
../Core/GNSS/U-Blox_F9P_Driver/U-Blox_F9P_Driver.c:199:6:U_Blox_Receive_5_Byte	16	static
../Core/GNSS/U-Blox_F9P_Driver/U-Blox_F9P_Driver.c:203:6:RxBufferMove	24	static
../Core/GNSS/U-Blox_F9P_Driver/U-Blox_F9P_Driver.c:212:6:RxBufferDeletePackage	24	static
../Core/GNSS/U-Blox_F9P_Driver/U-Blox_F9P_Driver.c:219:6:HAL_UART_TxCpltCallback	16	static
../Core/GNSS/U-Blox_F9P_Driver/U-Blox_F9P_Driver.c:227:6:HAL_UART_RxCpltCallback	16	static
../Core/GNSS/U-Blox_F9P_Driver/U-Blox_F9P_Driver.c:235:10:GetRxBufferIndex	16	static
