../Core/GNSS/U-Blox_F9P_Driver/U-Blox_F9P_Driver.c:43:6:U_Blox_Init	4	static
../Core/GNSS/U-Blox_F9P_Driver/U-Blox_F9P_Driver.c:47:6:U_Blox_Task	24	static
../Core/GNSS/U-Blox_F9P_Driver/U-Blox_F9P_Driver.c:92:6:U_Blox_Set_Frame	24	static
../Core/GNSS/U-Blox_F9P_Driver/U-Blox_F9P_Driver.c:105:9:U_Blox_Send_Frame	8	static
../Core/GNSS/U-Blox_F9P_Driver/U-Blox_F9P_Driver.c:114:10:U_Blox_Calculate_Checksum	32	static
../Core/GNSS/U-Blox_F9P_Driver/U-Blox_F9P_Driver.c:125:6:U_Blox_Receive_Data	16	static
../Core/GNSS/U-Blox_F9P_Driver/U-Blox_F9P_Driver.c:134:9:U_Blox_Is_Packet_Ready	4	static
../Core/GNSS/U-Blox_F9P_Driver/U-Blox_F9P_Driver.c:138:9:U_Blox_Is_Packet_Ready_To_Send	4	static
../Core/GNSS/U-Blox_F9P_Driver/U-Blox_F9P_Driver.c:143:6:U_Blox_Send_Packet	4	static
../Core/GNSS/U-Blox_F9P_Driver/U-Blox_F9P_Driver.c:151:6:U_Blox_Send_Data	16	static
../Core/GNSS/U-Blox_F9P_Driver/U-Blox_F9P_Driver.c:155:6:U_Blox_Get_Package	24	static
../Core/GNSS/U-Blox_F9P_Driver/U-Blox_F9P_Driver.c:170:6:RxBufferMove	24	static
