../Core/GNSS/U-Blox_F9P_Driver/U-Blox_F9P_Driver.c:43:6:U_Blox_Init	4	static
../Core/GNSS/U-Blox_F9P_Driver/U-Blox_F9P_Driver.c:47:6:U_Blox_Task	24	static
../Core/GNSS/U-Blox_F9P_Driver/U-Blox_F9P_Driver.c:90:6:U_Blox_Set_Frame	24	static
../Core/GNSS/U-Blox_F9P_Driver/U-Blox_F9P_Driver.c:103:9:U_Blox_Send_Frame	8	static
../Core/GNSS/U-Blox_F9P_Driver/U-Blox_F9P_Driver.c:112:10:U_Blox_Calculate_Checksum	32	static
../Core/GNSS/U-Blox_F9P_Driver/U-Blox_F9P_Driver.c:123:6:U_Blox_Receive_Data	16	static
../Core/GNSS/U-Blox_F9P_Driver/U-Blox_F9P_Driver.c:132:9:U_Blox_Is_Packet_Ready	4	static
../Core/GNSS/U-Blox_F9P_Driver/U-Blox_F9P_Driver.c:136:9:U_Blox_Is_Packet_Ready_To_Send	4	static
../Core/GNSS/U-Blox_F9P_Driver/U-Blox_F9P_Driver.c:140:6:U_Blox_Send_Packet	4	static
../Core/GNSS/U-Blox_F9P_Driver/U-Blox_F9P_Driver.c:146:6:U_Blox_Send_Data	16	static
../Core/GNSS/U-Blox_F9P_Driver/U-Blox_F9P_Driver.c:149:6:U_Blox_Get_Package	24	static
../Core/GNSS/U-Blox_F9P_Driver/U-Blox_F9P_Driver.c:164:6:RxBufferMove	24	static
