../Core/GNSS/U-Blox_F9P_Driver/U-Blox_F9P_Driver.c:44:6:U_Blox_Init	8	static
../Core/GNSS/U-Blox_F9P_Driver/U-Blox_F9P_Driver.c:49:6:U_Blox_Task	24	static
../Core/GNSS/U-Blox_F9P_Driver/U-Blox_F9P_Driver.c:117:6:U_Blox_Set_Frame	24	static
../Core/GNSS/U-Blox_F9P_Driver/U-Blox_F9P_Driver.c:130:9:U_Blox_Send_Frame	8	static
../Core/GNSS/U-Blox_F9P_Driver/U-Blox_F9P_Driver.c:138:10:U_Blox_Calculate_Checksum	32	static
../Core/GNSS/U-Blox_F9P_Driver/U-Blox_F9P_Driver.c:149:6:U_Blox_Receive_Data	16	static
../Core/GNSS/U-Blox_F9P_Driver/U-Blox_F9P_Driver.c:158:9:U_Blox_Is_Packet_Ready	4	static
../Core/GNSS/U-Blox_F9P_Driver/U-Blox_F9P_Driver.c:162:9:U_Blox_Is_Packet_Ready_To_Send	4	static
../Core/GNSS/U-Blox_F9P_Driver/U-Blox_F9P_Driver.c:166:6:U_Blox_Send_Packet	4	static
../Core/GNSS/U-Blox_F9P_Driver/U-Blox_F9P_Driver.c:172:6:U_Blox_Send_Data	16	static
../Core/GNSS/U-Blox_F9P_Driver/U-Blox_F9P_Driver.c:175:6:U_Blox_Get_Package	24	static
../Core/GNSS/U-Blox_F9P_Driver/U-Blox_F9P_Driver.c:191:6:U_Blox_Receive_5_Byte	16	static
../Core/GNSS/U-Blox_F9P_Driver/U-Blox_F9P_Driver.c:195:6:RxBufferMove	24	static
../Core/GNSS/U-Blox_F9P_Driver/U-Blox_F9P_Driver.c:204:6:RxBufferDeletePackage	24	static
../Core/GNSS/U-Blox_F9P_Driver/U-Blox_F9P_Driver.c:210:6:HAL_UART_RxCpltCallback	16	static
../Core/GNSS/U-Blox_F9P_Driver/U-Blox_F9P_Driver.c:218:10:GetRxBufferIndex	16	static
