Archive member included to satisfy reference by file (symbol)

C:/ST/STM32CubeIDE_1.16.0/STM32CubeIDE/plugins/com.st.stm32cube.ide.mcu.externaltools.gnu-tools-for-stm32.12.3.rel1.win32_1.0.200.202406191623/tools/bin/../lib/gcc/arm-none-eabi/12.3.1/../../../../arm-none-eabi/lib/thumb/v7e-m+dp/hard\libc_nano.a(libc_a-exit.o)
                              C:/ST/STM32CubeIDE_1.16.0/STM32CubeIDE/plugins/com.st.stm32cube.ide.mcu.externaltools.gnu-tools-for-stm32.12.3.rel1.win32_1.0.200.202406191623/tools/bin/../lib/gcc/arm-none-eabi/12.3.1/../../../../arm-none-eabi/lib/thumb/v7e-m+dp/hard/crt0.o (exit)
C:/ST/STM32CubeIDE_1.16.0/STM32CubeIDE/plugins/com.st.stm32cube.ide.mcu.externaltools.gnu-tools-for-stm32.12.3.rel1.win32_1.0.200.202406191623/tools/bin/../lib/gcc/arm-none-eabi/12.3.1/../../../../arm-none-eabi/lib/thumb/v7e-m+dp/hard\libc_nano.a(libc_a-findfp.o)
                              C:/ST/STM32CubeIDE_1.16.0/STM32CubeIDE/plugins/com.st.stm32cube.ide.mcu.externaltools.gnu-tools-for-stm32.12.3.rel1.win32_1.0.200.202406191623/tools/bin/../lib/gcc/arm-none-eabi/12.3.1/../../../../arm-none-eabi/lib/thumb/v7e-m+dp/hard\libc_nano.a(libc_a-exit.o) (__stdio_exit_handler)
C:/ST/STM32CubeIDE_1.16.0/STM32CubeIDE/plugins/com.st.stm32cube.ide.mcu.externaltools.gnu-tools-for-stm32.12.3.rel1.win32_1.0.200.202406191623/tools/bin/../lib/gcc/arm-none-eabi/12.3.1/../../../../arm-none-eabi/lib/thumb/v7e-m+dp/hard\libc_nano.a(libc_a-fwalk.o)
                              C:/ST/STM32CubeIDE_1.16.0/STM32CubeIDE/plugins/com.st.stm32cube.ide.mcu.externaltools.gnu-tools-for-stm32.12.3.rel1.win32_1.0.200.202406191623/tools/bin/../lib/gcc/arm-none-eabi/12.3.1/../../../../arm-none-eabi/lib/thumb/v7e-m+dp/hard\libc_nano.a(libc_a-findfp.o) (_fwalk_sglue)
C:/ST/STM32CubeIDE_1.16.0/STM32CubeIDE/plugins/com.st.stm32cube.ide.mcu.externaltools.gnu-tools-for-stm32.12.3.rel1.win32_1.0.200.202406191623/tools/bin/../lib/gcc/arm-none-eabi/12.3.1/../../../../arm-none-eabi/lib/thumb/v7e-m+dp/hard\libc_nano.a(libc_a-stdio.o)
                              C:/ST/STM32CubeIDE_1.16.0/STM32CubeIDE/plugins/com.st.stm32cube.ide.mcu.externaltools.gnu-tools-for-stm32.12.3.rel1.win32_1.0.200.202406191623/tools/bin/../lib/gcc/arm-none-eabi/12.3.1/../../../../arm-none-eabi/lib/thumb/v7e-m+dp/hard\libc_nano.a(libc_a-findfp.o) (__sread)
C:/ST/STM32CubeIDE_1.16.0/STM32CubeIDE/plugins/com.st.stm32cube.ide.mcu.externaltools.gnu-tools-for-stm32.12.3.rel1.win32_1.0.200.202406191623/tools/bin/../lib/gcc/arm-none-eabi/12.3.1/../../../../arm-none-eabi/lib/thumb/v7e-m+dp/hard\libc_nano.a(libc_a-memset.o)
                              C:/ST/STM32CubeIDE_1.16.0/STM32CubeIDE/plugins/com.st.stm32cube.ide.mcu.externaltools.gnu-tools-for-stm32.12.3.rel1.win32_1.0.200.202406191623/tools/bin/../lib/gcc/arm-none-eabi/12.3.1/../../../../arm-none-eabi/lib/thumb/v7e-m+dp/hard/crt0.o (memset)
C:/ST/STM32CubeIDE_1.16.0/STM32CubeIDE/plugins/com.st.stm32cube.ide.mcu.externaltools.gnu-tools-for-stm32.12.3.rel1.win32_1.0.200.202406191623/tools/bin/../lib/gcc/arm-none-eabi/12.3.1/../../../../arm-none-eabi/lib/thumb/v7e-m+dp/hard\libc_nano.a(libc_a-closer.o)
                              C:/ST/STM32CubeIDE_1.16.0/STM32CubeIDE/plugins/com.st.stm32cube.ide.mcu.externaltools.gnu-tools-for-stm32.12.3.rel1.win32_1.0.200.202406191623/tools/bin/../lib/gcc/arm-none-eabi/12.3.1/../../../../arm-none-eabi/lib/thumb/v7e-m+dp/hard\libc_nano.a(libc_a-stdio.o) (_close_r)
C:/ST/STM32CubeIDE_1.16.0/STM32CubeIDE/plugins/com.st.stm32cube.ide.mcu.externaltools.gnu-tools-for-stm32.12.3.rel1.win32_1.0.200.202406191623/tools/bin/../lib/gcc/arm-none-eabi/12.3.1/../../../../arm-none-eabi/lib/thumb/v7e-m+dp/hard\libc_nano.a(libc_a-reent.o)
                              C:/ST/STM32CubeIDE_1.16.0/STM32CubeIDE/plugins/com.st.stm32cube.ide.mcu.externaltools.gnu-tools-for-stm32.12.3.rel1.win32_1.0.200.202406191623/tools/bin/../lib/gcc/arm-none-eabi/12.3.1/../../../../arm-none-eabi/lib/thumb/v7e-m+dp/hard\libc_nano.a(libc_a-closer.o) (errno)
C:/ST/STM32CubeIDE_1.16.0/STM32CubeIDE/plugins/com.st.stm32cube.ide.mcu.externaltools.gnu-tools-for-stm32.12.3.rel1.win32_1.0.200.202406191623/tools/bin/../lib/gcc/arm-none-eabi/12.3.1/../../../../arm-none-eabi/lib/thumb/v7e-m+dp/hard\libc_nano.a(libc_a-impure.o)
                              C:/ST/STM32CubeIDE_1.16.0/STM32CubeIDE/plugins/com.st.stm32cube.ide.mcu.externaltools.gnu-tools-for-stm32.12.3.rel1.win32_1.0.200.202406191623/tools/bin/../lib/gcc/arm-none-eabi/12.3.1/../../../../arm-none-eabi/lib/thumb/v7e-m+dp/hard\libc_nano.a(libc_a-reent.o) (_impure_ptr)
C:/ST/STM32CubeIDE_1.16.0/STM32CubeIDE/plugins/com.st.stm32cube.ide.mcu.externaltools.gnu-tools-for-stm32.12.3.rel1.win32_1.0.200.202406191623/tools/bin/../lib/gcc/arm-none-eabi/12.3.1/../../../../arm-none-eabi/lib/thumb/v7e-m+dp/hard\libc_nano.a(libc_a-lseekr.o)
[...]
Memory Configuration

Name             Origin             Length             Attributes
ITCMRAM          0x00000000         0x00010000         xrw
DTCMRAM          0x20000000         0x00020000         xrw
FLASH            0x08000000         0x00100000         xr
RAM_D1           0x24000000         0x00050000         xrw
RAM_D2           0x30000000         0x00008000         xrw
RAM_D3           0x38000000         0x00004000         xrw
*default*        0x00000000         0xffffffff

Linker script and memory map

LOAD C:/ST/STM32CubeIDE_1.16.0/STM32CubeIDE/plugins/com.st.stm32cube.ide.mcu.externaltools.gnu-tools-for-stm32.12.3.rel1.win32_1.0.200.202406191623/tools/bin/../lib/gcc/arm-none-eabi/12.3.1/thumb/v7e-m+dp/hard/crti.o
LOAD C:/ST/STM32CubeIDE_1.16.0/STM32CubeIDE/plugins/com.st.stm32cube.ide.mcu.externaltools.gnu-tools-for-stm32.12.3.rel1.win32_1.0.200.202406191623/tools/bin/../lib/gcc/arm-none-eabi/12.3.1/thumb/v7e-m+dp/hard/crtbegin.o
LOAD C:/ST/STM32CubeIDE_1.16.0/STM32CubeIDE/plugins/com.st.stm32cube.ide.mcu.externaltools.gnu-tools-for-stm32.12.3.rel1.win32_1.0.200.202406191623/tools/bin/../lib/gcc/arm-none-eabi/12.3.1/../../../../arm-none-eabi/lib/thumb/v7e-m+dp/hard/crt0.o
LOAD ./Core/GNSS/GNSS.o
LOAD ./Core/GNSS/U-Blox_F9P_Driver/U-Blox_F9P_Driver.o
LOAD ./Core/Src/main.o
LOAD ./Core/Src/stm32h7xx_hal_msp.o
LOAD ./Core/Src/stm32h7xx_it.o
LOAD ./Core/Src/syscalls.o
LOAD ./Core/Src/sysmem.o
LOAD ./Core/Src/system_stm32h7xx.o
LOAD ./Core/Startup/startup_stm32h723zgtx.o
LOAD ./Core/SysTick_Timer/SysTick_Timer.o
LOAD ./Drivers/STM32H7xx_HAL_Driver/Src/stm32h7xx_hal.o
LOAD ./Drivers/STM32H7xx_HAL_Driver/Src/stm32h7xx_hal_cortex.o
LOAD ./Drivers/STM32H7xx_HAL_Driver/Src/stm32h7xx_hal_dma.o
LOAD ./Drivers/STM32H7xx_HAL_Driver/Src/stm32h7xx_hal_dma_ex.o
LOAD ./Drivers/STM32H7xx_HAL_Driver/Src/stm32h7xx_hal_exti.o
LOAD ./Drivers/STM32H7xx_HAL_Driver/Src/stm32h7xx_hal_flash.o
LOAD ./Drivers/STM32H7xx_HAL_Driver/Src/stm32h7xx_hal_flash_ex.o
LOAD ./Drivers/STM32H7xx_HAL_Driver/Src/stm32h7xx_hal_gpio.o
LOAD ./Drivers/STM32H7xx_HAL_Driver/Src/stm32h7xx_hal_hsem.o
LOAD ./Drivers/STM32H7xx_HAL_Driver/Src/stm32h7xx_hal_i2c.o
LOAD ./Drivers/STM32H7xx_HAL_Driver/Src/stm32h7xx_hal_i2c_ex.o
LOAD ./Drivers/STM32H7xx_HAL_Driver/Src/stm32h7xx_hal_mdma.o
LOAD ./Drivers/STM32H7xx_HAL_Driver/Src/stm32h7xx_hal_pwr.o
LOAD ./Drivers/STM32H7xx_HAL_Driver/Src/stm32h7xx_hal_pwr_ex.o
LOAD ./Drivers/STM32H7xx_HAL_Driver/Src/stm32h7xx_hal_rcc.o
LOAD ./Drivers/STM32H7xx_HAL_Driver/Src/stm32h7xx_hal_rcc_ex.o
LOAD ./Drivers/STM32H7xx_HAL_Driver/Src/stm32h7xx_hal_tim.o
LOAD ./Drivers/STM32H7xx_HAL_Driver/Src/stm32h7xx_hal_tim_ex.o
LOAD ./Drivers/STM32H7xx_HAL_Driver/Src/stm32h7xx_hal_uart.o
LOAD ./Drivers/STM32H7xx_HAL_Driver/Src/stm32h7xx_hal_uart_ex.o
START GROUP
LOAD C:/ST/STM32CubeIDE_1.16.0/STM32CubeIDE/plugins/com.st.stm32cube.ide.mcu.externaltools.gnu-tools-for-stm32.12.3.rel1.win32_1.0.200.202406191623/tools/bin/../lib/gcc/arm-none-eabi/12.3.1/../../../../arm-none-eabi/lib/thumb/v7e-m+dp/hard\libc_nano.a
LOAD C:/ST/STM32CubeIDE_1.16.0/STM32CubeIDE/plugins/com.st.stm32cube.ide.mcu.externaltools.gnu-tools-for-stm32.12.3.rel1.win32_1.0.200.202406191623/tools/bin/../lib/gcc/arm-none-eabi/12.3.1/../../../../arm-none-eabi/lib/thumb/v7e-m+dp/hard\libm.a
END GROUP
START GROUP
LOAD C:/ST/STM32CubeIDE_1.16.0/STM32CubeIDE/plugins/com.st.stm32cube.ide.mcu.externaltools.gnu-tools-for-stm32.12.3.rel1.win32_1.0.200.202406191623/tools/bin/../lib/gcc/arm-none-eabi/12.3.1/thumb/v7e-m+dp/hard\libgcc.a
LOAD C:/ST/STM32CubeIDE_1.16.0/STM32CubeIDE/plugins/com.st.stm32cube.ide.mcu.externaltools.gnu-tools-for-stm32.12.3.rel1.win32_1.0.200.202406191623/tools/bin/../lib/gcc/arm-none-eabi/12.3.1/../../../../arm-none-eabi/lib/thumb/v7e-m+dp/hard\libc_nano.a
END GROUP
START GROUP
LOAD C:/ST/STM32CubeIDE_1.16.0/STM32CubeIDE/plugins/com.st.stm32cube.ide.mcu.externaltools.gnu-tools-for-stm32.12.3.rel1.win32_1.0.200.202406191623/tools/bin/../lib/gcc/arm-none-eabi/12.3.1/thumb/v7e-m+dp/hard\libgcc.a
LOAD C:/ST/STM32CubeIDE_1.16.0/STM32CubeIDE/plugins/com.st.stm32cube.ide.mcu.externaltools.gnu-tools-for-stm32.12.3.rel1.win32_1.0.200.202406191623/tools/bin/../lib/gcc/arm-none-eabi/12.3.1/../../../../arm-none-eabi/lib/thumb/v7e-m+dp/hard\libc_nano.a
LOAD C:/ST/STM32CubeIDE_1.16.0/STM32CubeIDE/plugins/com.st.stm32cube.ide.mcu.externaltools.gnu-tools-for-stm32.12.3.rel1.win32_1.0.200.202406191623/tools/bin/../lib/gcc/arm-none-eabi/12.3.1/../../../../arm-none-eabi/lib/thumb/v7e-m+dp/hard\libnosys.a
END GROUP
START GROUP
LOAD C:/ST/STM32CubeIDE_1.16.0/STM32CubeIDE/plugins/com.st.stm32cube.ide.mcu.externaltools.gnu-tools-for-stm32.12.3.rel1.win32_1.0.200.202406191623/tools/bin/../lib/gcc/arm-none-eabi/12.3.1/thumb/v7e-m+dp/hard\libgcc.a
LOAD C:/ST/STM32CubeIDE_1.16.0/STM32CubeIDE/plugins/com.st.stm32cube.ide.mcu.externaltools.gnu-tools-for-stm32.12.3.rel1.win32_1.0.200.202406191623/tools/bin/../lib/gcc/arm-none-eabi/12.3.1/../../../../arm-none-eabi/lib/thumb/v7e-m+dp/hard\libc_nano.a
LOAD C:/ST/STM32CubeIDE_1.16.0/STM32CubeIDE/plugins/com.st.stm32cube.ide.mcu.externaltools.gnu-tools-for-stm32.12.3.rel1.win32_1.0.200.202406191623/tools/bin/../lib/gcc/arm-none-eabi/12.3.1/../../../../arm-none-eabi/lib/thumb/v7e-m+dp/hard\libnosys.a
END GROUP
LOAD C:/ST/STM32CubeIDE_1.16.0/STM32CubeIDE/plugins/com.st.stm32cube.ide.mcu.externaltools.gnu-tools-for-stm32.12.3.rel1.win32_1.0.200.202406191623/tools/bin/../lib/gcc/arm-none-eabi/12.3.1/thumb/v7e-m+dp/hard/crtend.o
LOAD C:/ST/STM32CubeIDE_1.16.0/STM32CubeIDE/plugins/com.st.stm32cube.ide.mcu.externaltools.gnu-tools-for-stm32.12.3.rel1.win32_1.0.200.202406191623/tools/bin/../lib/gcc/arm-none-eabi/12.3.1/thumb/v7e-m+dp/hard/crtn.o
                0x24050000                        _estack = (ORIGIN (RAM_D1) + LENGTH (RAM_D1))
                0x00000200                        _Min_Heap_Size = 0x200
                0x00000400                        _Min_Stack_Size = 0x400

.isr_vector     0x08000000      0x2cc
                0x08000000                        . = ALIGN (0x4)
 *(.isr_vector)
 .isr_vector    0x08000000      0x2cc ./Core/Startup/startup_stm32h723zgtx.o
                0x08000000                g_pfnVectors
                0x080002cc                        . = ALIGN (0x4)

.text           0x080002cc     0x7750
                0x080002cc                        . = ALIGN (0x4)
 *(.text)
 .text          0x080002cc       0x40 C:/ST/STM32CubeIDE_1.16.0/STM32CubeIDE/plugins/com.st.stm32cube.ide.mcu.externaltools.gnu-tools-for-stm32.12.3.rel1.win32_1.0.200.202406191623/tools/bin/../lib/gcc/arm-none-eabi/12.3.1/thumb/v7e-m+dp/hard/crtbegin.o
 .text          0x0800030c       0x30 C:/ST/STM32CubeIDE_1.16.0/STM32CubeIDE/plugins/com.st.stm32cube.ide.mcu.externaltools.gnu-tools-for-stm32.12.3.rel1.win32_1.0.200.202406191623/tools/bin/../lib/gcc/arm-none-eabi/12.3.1/thumb/v7e-m+dp/hard\libgcc.a(_aeabi_uldivmod.o)
                0x0800030c                __aeabi_uldivmod
 .text          0x0800033c      0x2bc C:/ST/STM32CubeIDE_1.16.0/STM32CubeIDE/plugins/com.st.stm32cube.ide.mcu.externaltools.gnu-tools-for-stm32.12.3.rel1.win32_1.0.200.202406191623/tools/bin/../lib/gcc/arm-none-eabi/12.3.1/thumb/v7e-m+dp/hard\libgcc.a(_udivmoddi4.o)
                0x0800033c                __udivmoddi4
 .text          0x080005f8        0x4 C:/ST/STM32CubeIDE_1.16.0/STM32CubeIDE/plugins/com.st.stm32cube.ide.mcu.externaltools.gnu-tools-for-stm32.12.3.rel1.win32_1.0.200.202406191623/tools/bin/../lib/gcc/arm-none-eabi/12.3.1/thumb/v7e-m+dp/hard\libgcc.a(_dvmd_tls.o)
                0x080005f8                __aeabi_idiv0
                0x080005f8                __aeabi_ldiv0
 *(.text*)
 .text.GNSS_Tanimla
                0x080005fc       0xcc ./Core/GNSS/GNSS.o
                0x080005fc                GNSS_Tanimla
 .text.GNSS_Veri_Al
                0x080006c8       0xf4 ./Core/GNSS/GNSS.o
                0x080006c8                GNSS_Veri_Al
 .text.GNSS_Gorev
                0x080007bc        0xc ./Core/GNSS/GNSS.o
                0x080007bc                GNSS_Gorev
 .text.U_Blox_Init
                0x080007c8       0x24 ./Core/GNSS/U-Blox_F9P_Driver/U-Blox_F9P_Driver.o
                0x080007c8                U_Blox_Init
 .text.U_Blox_Task
                0x080007ec       0xf8 ./Core/GNSS/U-Blox_F9P_Driver/U-Blox_F9P_Driver.o
                0x080007ec                U_Blox_Task
 .text.U_Blox_Set_Frame
                0x080008e4       0x7c ./Core/GNSS/U-Blox_F9P_Driver/U-Blox_F9P_Driver.o
                0x080008e4                U_Blox_Set_Frame
 .text.U_Blox_Send_Frame
                0x08000960       0x34 ./Core/GNSS/U-Blox_F9P_Driver/U-Blox_F9P_Driver.o
                0x08000960                U_Blox_Send_Frame
 .text.U_Blox_Calculate_Checksum
                0x08000994       0x62 ./Core/GNSS/U-Blox_F9P_Driver/U-Blox_F9P_Driver.o
                0x08000994                U_Blox_Calculate_Checksum
 *fill*         0x080009f6        0x2 
 .text.U_Blox_Receive_Data
                0x080009f8       0x54 ./Core/GNSS/U-Blox_F9P_Driver/U-Blox_F9P_Driver.o
                0x080009f8                U_Blox_Receive_Data
 .text.U_Blox_Is_Packet_Ready
                0x08000a4c       0x20 ./Core/GNSS/U-Blox_F9P_Driver/U-Blox_F9P_Driver.o
                0x08000a4c                U_Blox_Is_Packet_Ready
 .text.U_Blox_Is_Packet_Ready_To_Send
                0x08000a6c       0x20 ./Core/GNSS/U-Blox_F9P_Driver/U-Blox_F9P_Driver.o
                0x08000a6c                U_Blox_Is_Packet_Ready_To_Send
 .text.U_Blox_Send_Packet
                0x08000a8c       0x28 ./Core/GNSS/U-Blox_F9P_Driver/U-Blox_F9P_Driver.o
                0x08000a8c                U_Blox_Send_Packet
 .text.U_Blox_Send_Data
                0x08000ab4       0x24 ./Core/GNSS/U-Blox_F9P_Driver/U-Blox_F9P_Driver.o
                0x08000ab4                U_Blox_Send_Data
 .text.U_Blox_Get_Package
                0x08000ad8       0x68 ./Core/GNSS/U-Blox_F9P_Driver/U-Blox_F9P_Driver.o
                0x08000ad8                U_Blox_Get_Package
 .text.RxBufferMove
                0x08000b40       0x60 ./Core/GNSS/U-Blox_F9P_Driver/U-Blox_F9P_Driver.o
                0x08000b40                RxBufferMove
 .text.main     0x08000ba0       0x70 ./Core/Src/main.o
                0x08000ba0                main
 .text.SystemClock_Config
                0x08000c10       0xdc ./Core/Src/main.o
                0x08000c10                SystemClock_Config
 .text.MX_USART3_UART_Init
                0x08000cec       0x98 ./Core/Src/main.o
 .text.MX_GPIO_Init
                0x08000d84       0xd4 ./Core/Src/main.o
 .text.MPU_Config
                0x08000e58       0x58 ./Core/Src/main.o
 .text.Error_Handler
                0x08000eb0        0xc ./Core/Src/main.o
                0x08000eb0                Error_Handler
 .text.HAL_MspInit
                0x08000ebc       0x34 ./Core/Src/stm32h7xx_hal_msp.o
                0x08000ebc                HAL_MspInit
 .text.HAL_UART_MspInit
                0x08000ef0       0xe4 ./Core/Src/stm32h7xx_hal_msp.o
                0x08000ef0                HAL_UART_MspInit
 .text.NMI_Handler
                0x08000fd4        0x8 ./Core/Src/stm32h7xx_it.o
                0x08000fd4                NMI_Handler
 .text.HardFault_Handler
                0x08000fdc        0x8 ./Core/Src/stm32h7xx_it.o
                0x08000fdc                HardFault_Handler
 .text.MemManage_Handler
                0x08000fe4        0x8 ./Core/Src/stm32h7xx_it.o
                0x08000fe4                MemManage_Handler
 .text.BusFault_Handler
                0x08000fec        0x8 ./Core/Src/stm32h7xx_it.o
                0x08000fec                BusFault_Handler
 .text.UsageFault_Handler
                0x08000ff4        0x8 ./Core/Src/stm32h7xx_it.o
                0x08000ff4                UsageFault_Handler
 .text.SVC_Handler
                0x08000ffc        0xe ./Core/Src/stm32h7xx_it.o
                0x08000ffc                SVC_Handler
 .text.DebugMon_Handler
                0x0800100a        0xe ./Core/Src/stm32h7xx_it.o
                0x0800100a                DebugMon_Handler
 .text.PendSV_Handler
                0x08001018        0xe ./Core/Src/stm32h7xx_it.o
                0x08001018                PendSV_Handler
 *fill*         0x08001026        0x2 
 .text.USART3_IRQHandler
                0x08001028       0x2c ./Core/Src/stm32h7xx_it.o
                0x08001028                USART3_IRQHandler
 .text.SystemInit
                0x08001054       0xf0 ./Core/Src/system_stm32h7xx.o
                0x08001054                SystemInit
 .text.Reset_Handler
                0x08001144       0x50 ./Core/Startup/startup_stm32h723zgtx.o
                0x08001144                Reset_Handler
 .text.Default_Handler
                0x08001194        0x2 ./Core/Startup/startup_stm32h723zgtx.o
                0x08001194                RTC_Alarm_IRQHandler
                0x08001194                EXTI2_IRQHandler
                0x08001194                TIM8_CC_IRQHandler
                0x08001194                UART8_IRQHandler
                0x08001194                SPI4_IRQHandler
                0x08001194                FDCAN3_IT0_IRQHandler
                0x08001194                TIM1_CC_IRQHandler
                0x08001194                BDMA_Channel6_IRQHandler
                0x08001194                DMA2_Stream5_IRQHandler
                0x08001194                DMA1_Stream5_IRQHandler
                0x08001194                CORDIC_IRQHandler
                0x08001194                BDMA_Channel1_IRQHandler
                0x08001194                TAMP_STAMP_IRQHandler
                0x08001194                EXTI3_IRQHandler
                0x08001194                LPTIM4_IRQHandler
                0x08001194                TIM8_TRG_COM_TIM14_IRQHandler
                0x08001194                LPTIM2_IRQHandler
                0x08001194                DFSDM1_FLT1_IRQHandler
                0x08001194                DMAMUX2_OVR_IRQHandler
                0x08001194                TIM8_UP_TIM13_IRQHandler
                0x08001194                I2C3_ER_IRQHandler
                0x08001194                DFSDM1_FLT2_IRQHandler
                0x08001194                I2C5_EV_IRQHandler
                0x08001194                USART10_IRQHandler
                0x08001194                MDMA_IRQHandler
                0x08001194                LPTIM3_IRQHandler
                0x08001194                HSEM1_IRQHandler
                0x08001194                EXTI0_IRQHandler
                0x08001194                I2C2_EV_IRQHandler
                0x08001194                DMA1_Stream2_IRQHandler
                0x08001194                FPU_IRQHandler
                0x08001194                OTG_HS_WKUP_IRQHandler
                0x08001194                FDCAN1_IT1_IRQHandler
                0x08001194                LTDC_ER_IRQHandler
                0x08001194                DMA2_Stream2_IRQHandler
                0x08001194                SPI1_IRQHandler
                0x08001194                OCTOSPI1_IRQHandler
                0x08001194                TIM6_DAC_IRQHandler
                0x08001194                DMA2_Stream3_IRQHandler
                0x08001194                OCTOSPI2_IRQHandler
                0x08001194                DFSDM1_FLT3_IRQHandler
                0x08001194                TIM23_IRQHandler
                0x08001194                USART6_IRQHandler
                0x08001194                TIM17_IRQHandler
                0x08001194                BDMA_Channel7_IRQHandler
                0x08001194                LPTIM5_IRQHandler
                0x08001194                UART5_IRQHandler
                0x08001194                ADC3_IRQHandler
                0x08001194                DMA2_Stream0_IRQHandler
                0x08001194                TIM4_IRQHandler
                0x08001194                BDMA_Channel2_IRQHandler
                0x08001194                I2C1_EV_IRQHandler
                0x08001194                DMA1_Stream6_IRQHandler
                0x08001194                DMAMUX1_OVR_IRQHandler
                0x08001194                DMA1_Stream1_IRQHandler
                0x08001194                TIM16_IRQHandler
                0x08001194                UART4_IRQHandler
                0x08001194                BDMA_Channel5_IRQHandler
                0x08001194                TIM3_IRQHandler
                0x08001194                RCC_IRQHandler
                0x08001194                UART9_IRQHandler
                0x08001194                TIM8_BRK_TIM12_IRQHandler
                0x08001194                TIM1_TRG_COM_IRQHandler
                0x08001194                Default_Handler
                0x08001194                ECC_IRQHandler
                0x08001194                FMAC_IRQHandler
                0x08001194                CEC_IRQHandler
                0x08001194                EXTI15_10_IRQHandler
                0x08001194                BDMA_Channel0_IRQHandler
                0x08001194                ADC_IRQHandler
                0x08001194                I2C5_ER_IRQHandler
                0x08001194                DMA1_Stream7_IRQHandler
                0x08001194                SPI5_IRQHandler
                0x08001194                TIM7_IRQHandler
                0x08001194                FDCAN3_IT1_IRQHandler
                0x08001194                SDMMC1_IRQHandler
                0x08001194                TIM5_IRQHandler
                0x08001194                DMA2_Stream7_IRQHandler
                0x08001194                TIM15_IRQHandler
                0x08001194                PVD_AVD_IRQHandler
                0x08001194                I2C3_EV_IRQHandler
                0x08001194                EXTI9_5_IRQHandler
                0x08001194                RTC_WKUP_IRQHandler
                0x08001194                LTDC_IRQHandler
                0x08001194                ETH_WKUP_IRQHandler
                0x08001194                SPDIF_RX_IRQHandler
                0x08001194                SPI2_IRQHandler
                0x08001194                OTG_HS_EP1_IN_IRQHandler
                0x08001194                DMA1_Stream0_IRQHandler
                0x08001194                TIM24_IRQHandler
                0x08001194                CRS_IRQHandler
                0x08001194                EXTI4_IRQHandler
                0x08001194                RNG_IRQHandler
                0x08001194                FDCAN2_IT1_IRQHandler
                0x08001194                ETH_IRQHandler
                0x08001194                TIM1_UP_IRQHandler
                0x08001194                BDMA_Channel4_IRQHandler
                0x08001194                OTG_HS_EP1_OUT_IRQHandler
                0x08001194                WWDG_IRQHandler
                0x08001194                SPI6_IRQHandler
                0x08001194                MDIOS_IRQHandler
                0x08001194                I2C4_EV_IRQHandler
                0x08001194                FDCAN2_IT0_IRQHandler
                0x08001194                LPUART1_IRQHandler
                0x08001194                FDCAN1_IT0_IRQHandler
                0x08001194                TIM2_IRQHandler
                0x08001194                OTG_HS_IRQHandler
                0x08001194                DMA2D_IRQHandler
                0x08001194                TIM1_BRK_IRQHandler
                0x08001194                EXTI1_IRQHandler
                0x08001194                SDMMC2_IRQHandler
                0x08001194                BDMA_Channel3_IRQHandler
                0x08001194                DTS_IRQHandler
                0x08001194                UART7_IRQHandler
                0x08001194                MDIOS_WKUP_IRQHandler
                0x08001194                USART2_IRQHandler
                0x08001194                DFSDM1_FLT0_IRQHandler
                0x08001194                SAI4_IRQHandler
                0x08001194                I2C2_ER_IRQHandler
                0x08001194                DMA2_Stream1_IRQHandler
                0x08001194                FLASH_IRQHandler
                0x08001194                DMA2_Stream4_IRQHandler
                0x08001194                USART1_IRQHandler
                0x08001194                SPI3_IRQHandler
                0x08001194                WAKEUP_PIN_IRQHandler
                0x08001194                DMA1_Stream4_IRQHandler
                0x08001194                I2C1_ER_IRQHandler
                0x08001194                FMC_IRQHandler
                0x08001194                FDCAN_CAL_IRQHandler
                0x08001194                SWPMI1_IRQHandler
                0x08001194                COMP1_IRQHandler
                0x08001194                LPTIM1_IRQHandler
                0x08001194                DCMI_PSSI_IRQHandler
                0x08001194                I2C4_ER_IRQHandler
                0x08001194                DMA2_Stream6_IRQHandler
                0x08001194                SAI1_IRQHandler
                0x08001194                DMA1_Stream3_IRQHandler
 *fill*         0x08001196        0x2 
 .text.SystickGetMs
                0x08001198       0x18 ./Core/SysTick_Timer/SysTick_Timer.o
                0x08001198                SystickGetMs
 .text.SystickCheckMs
                0x080011b0       0x30 ./Core/SysTick_Timer/SysTick_Timer.o
                0x080011b0                SystickCheckMs
 .text.SysTick_Handler
                0x080011e0       0x1c ./Core/SysTick_Timer/SysTick_Timer.o
                0x080011e0                SysTick_Handler
 .text.HAL_Init
                0x080011fc       0x78 ./Drivers/STM32H7xx_HAL_Driver/Src/stm32h7xx_hal.o
                0x080011fc                HAL_Init
 .text.HAL_InitTick
                0x08001274       0x6c ./Drivers/STM32H7xx_HAL_Driver/Src/stm32h7xx_hal.o
                0x08001274                HAL_InitTick
 .text.HAL_GetTick
                0x080012e0       0x18 ./Drivers/STM32H7xx_HAL_Driver/Src/stm32h7xx_hal.o
                0x080012e0                HAL_GetTick
 .text.__NVIC_SetPriorityGrouping
                0x080012f8       0x48 ./Drivers/STM32H7xx_HAL_Driver/Src/stm32h7xx_hal_cortex.o
 .text.__NVIC_GetPriorityGrouping
                0x08001340       0x1c ./Drivers/STM32H7xx_HAL_Driver/Src/stm32h7xx_hal_cortex.o
 .text.__NVIC_EnableIRQ
                0x0800135c       0x3c ./Drivers/STM32H7xx_HAL_Driver/Src/stm32h7xx_hal_cortex.o
 .text.__NVIC_SetPriority
                0x08001398       0x54 ./Drivers/STM32H7xx_HAL_Driver/Src/stm32h7xx_hal_cortex.o
 .text.NVIC_EncodePriority
                0x080013ec       0x66 ./Drivers/STM32H7xx_HAL_Driver/Src/stm32h7xx_hal_cortex.o
 *fill*         0x08001452        0x2 
 .text.SysTick_Config
                0x08001454       0x44 ./Drivers/STM32H7xx_HAL_Driver/Src/stm32h7xx_hal_cortex.o
 .text.HAL_NVIC_SetPriorityGrouping
                0x08001498       0x16 ./Drivers/STM32H7xx_HAL_Driver/Src/stm32h7xx_hal_cortex.o
                0x08001498                HAL_NVIC_SetPriorityGrouping
 .text.HAL_NVIC_SetPriority
                0x080014ae       0x34 ./Drivers/STM32H7xx_HAL_Driver/Src/stm32h7xx_hal_cortex.o
                0x080014ae                HAL_NVIC_SetPriority
 .text.HAL_NVIC_EnableIRQ
                0x080014e2       0x1c ./Drivers/STM32H7xx_HAL_Driver/Src/stm32h7xx_hal_cortex.o
                0x080014e2                HAL_NVIC_EnableIRQ
 .text.HAL_SYSTICK_Config
                0x080014fe       0x18 ./Drivers/STM32H7xx_HAL_Driver/Src/stm32h7xx_hal_cortex.o
                0x080014fe                HAL_SYSTICK_Config
 *fill*         0x08001516        0x2 
 .text.HAL_MPU_Disable
                0x08001518       0x30 ./Drivers/STM32H7xx_HAL_Driver/Src/stm32h7xx_hal_cortex.o
                0x08001518                HAL_MPU_Disable
 .text.HAL_MPU_Enable
                0x08001548       0x40 ./Drivers/STM32H7xx_HAL_Driver/Src/stm32h7xx_hal_cortex.o
                0x08001548                HAL_MPU_Enable
 .text.HAL_MPU_ConfigRegion
                0x08001588       0x80 ./Drivers/STM32H7xx_HAL_Driver/Src/stm32h7xx_hal_cortex.o
                0x08001588                HAL_MPU_ConfigRegion
 .text.HAL_DMA_Abort
                0x08001608      0x63c ./Drivers/STM32H7xx_HAL_Driver/Src/stm32h7xx_hal_dma.o
                0x08001608                HAL_DMA_Abort
 .text.HAL_DMA_Abort_IT
                0x08001c44      0x48c ./Drivers/STM32H7xx_HAL_Driver/Src/stm32h7xx_hal_dma.o
                0x08001c44                HAL_DMA_Abort_IT
 .text.HAL_GPIO_Init
                0x080020d0      0x350 ./Drivers/STM32H7xx_HAL_Driver/Src/stm32h7xx_hal_gpio.o
                0x080020d0                HAL_GPIO_Init
 .text.HAL_GPIO_WritePin
                0x08002420       0x32 ./Drivers/STM32H7xx_HAL_Driver/Src/stm32h7xx_hal_gpio.o
                0x08002420                HAL_GPIO_WritePin
 *fill*         0x08002452        0x2 
 .text.HAL_PWREx_ConfigSupply
                0x08002454       0x74 ./Drivers/STM32H7xx_HAL_Driver/Src/stm32h7xx_hal_pwr_ex.o
                0x08002454                HAL_PWREx_ConfigSupply
 .text.HAL_RCC_OscConfig
                0x080024c8      0x7b4 ./Drivers/STM32H7xx_HAL_Driver/Src/stm32h7xx_hal_rcc.o
                0x080024c8                HAL_RCC_OscConfig
 .text.HAL_RCC_ClockConfig
                0x08002c7c      0x36c ./Drivers/STM32H7xx_HAL_Driver/Src/stm32h7xx_hal_rcc.o
                0x08002c7c                HAL_RCC_ClockConfig
 .text.HAL_RCC_GetSysClockFreq
                0x08002fe8      0x2f4 ./Drivers/STM32H7xx_HAL_Driver/Src/stm32h7xx_hal_rcc.o
                0x08002fe8                HAL_RCC_GetSysClockFreq
 .text.HAL_RCC_GetHCLKFreq
                0x080032dc       0x60 ./Drivers/STM32H7xx_HAL_Driver/Src/stm32h7xx_hal_rcc.o
                0x080032dc                HAL_RCC_GetHCLKFreq
 .text.HAL_RCC_GetPCLK1Freq
                0x0800333c       0x2c ./Drivers/STM32H7xx_HAL_Driver/Src/stm32h7xx_hal_rcc.o
                0x0800333c                HAL_RCC_GetPCLK1Freq
 .text.HAL_RCC_GetPCLK2Freq
                0x08003368       0x2c ./Drivers/STM32H7xx_HAL_Driver/Src/stm32h7xx_hal_rcc.o
                0x08003368                HAL_RCC_GetPCLK2Freq
 .text.HAL_RCCEx_PeriphCLKConfig
                0x08003394     0x1340 ./Drivers/STM32H7xx_HAL_Driver/Src/stm32h7xx_hal_rcc_ex.o
                0x08003394                HAL_RCCEx_PeriphCLKConfig
 .text.HAL_RCCEx_GetD3PCLK1Freq
                0x080046d4       0x2c ./Drivers/STM32H7xx_HAL_Driver/Src/stm32h7xx_hal_rcc_ex.o
                0x080046d4                HAL_RCCEx_GetD3PCLK1Freq
 .text.HAL_RCCEx_GetPLL2ClockFreq
                0x08004700      0x2a8 ./Drivers/STM32H7xx_HAL_Driver/Src/stm32h7xx_hal_rcc_ex.o
                0x08004700                HAL_RCCEx_GetPLL2ClockFreq
 .text.HAL_RCCEx_GetPLL3ClockFreq
                0x080049a8      0x2a8 ./Drivers/STM32H7xx_HAL_Driver/Src/stm32h7xx_hal_rcc_ex.o
                0x080049a8                HAL_RCCEx_GetPLL3ClockFreq
 .text.RCCEx_PLL2_Config
                0x08004c50      0x164 ./Drivers/STM32H7xx_HAL_Driver/Src/stm32h7xx_hal_rcc_ex.o
 .text.RCCEx_PLL3_Config
                0x08004db4      0x164 ./Drivers/STM32H7xx_HAL_Driver/Src/stm32h7xx_hal_rcc_ex.o
 .text.HAL_UART_Init
                0x08004f18       0xa0 ./Drivers/STM32H7xx_HAL_Driver/Src/stm32h7xx_hal_uart.o
                0x08004f18                HAL_UART_Init
 .text.HAL_UART_Transmit
                0x08004fb8      0x11c ./Drivers/STM32H7xx_HAL_Driver/Src/stm32h7xx_hal_uart.o
                0x08004fb8                HAL_UART_Transmit
 .text.HAL_UART_Receive_IT
                0x080050d4       0x98 ./Drivers/STM32H7xx_HAL_Driver/Src/stm32h7xx_hal_uart.o
                0x080050d4                HAL_UART_Receive_IT
 .text.HAL_UART_IRQHandler
                0x0800516c      0x774 ./Drivers/STM32H7xx_HAL_Driver/Src/stm32h7xx_hal_uart.o
                0x0800516c                HAL_UART_IRQHandler
 .text.HAL_UART_TxCpltCallback
                0x080058e0       0x14 ./Drivers/STM32H7xx_HAL_Driver/Src/stm32h7xx_hal_uart.o
                0x080058e0                HAL_UART_TxCpltCallback
 .text.HAL_UART_RxCpltCallback
                0x080058f4       0x14 ./Drivers/STM32H7xx_HAL_Driver/Src/stm32h7xx_hal_uart.o
                0x080058f4                HAL_UART_RxCpltCallback
 .text.HAL_UART_ErrorCallback
                0x08005908       0x14 ./Drivers/STM32H7xx_HAL_Driver/Src/stm32h7xx_hal_uart.o
                0x08005908                HAL_UART_ErrorCallback
 .text.HAL_UARTEx_RxEventCallback
                0x0800591c       0x18 ./Drivers/STM32H7xx_HAL_Driver/Src/stm32h7xx_hal_uart.o
                0x0800591c                HAL_UARTEx_RxEventCallback
 .text.UART_SetConfig
                0x08005934      0xcd8 ./Drivers/STM32H7xx_HAL_Driver/Src/stm32h7xx_hal_uart.o
                0x08005934                UART_SetConfig
 .text.UART_AdvFeatureConfig
                0x0800660c      0x144 ./Drivers/STM32H7xx_HAL_Driver/Src/stm32h7xx_hal_uart.o
                0x0800660c                UART_AdvFeatureConfig
 .text.UART_CheckIdleState
                0x08006750      0x154 ./Drivers/STM32H7xx_HAL_Driver/Src/stm32h7xx_hal_uart.o
                0x08006750                UART_CheckIdleState
 .text.UART_WaitOnFlagUntilTimeout
                0x080068a4       0xda ./Drivers/STM32H7xx_HAL_Driver/Src/stm32h7xx_hal_uart.o
                0x080068a4                UART_WaitOnFlagUntilTimeout
 *fill*         0x0800697e        0x2 
 .text.UART_Start_Receive_IT
                0x08006980      0x244 ./Drivers/STM32H7xx_HAL_Driver/Src/stm32h7xx_hal_uart.o
                0x08006980                UART_Start_Receive_IT
 .text.UART_EndRxTransfer
                0x08006bc4       0xcc ./Drivers/STM32H7xx_HAL_Driver/Src/stm32h7xx_hal_uart.o
 .text.UART_DMAAbortOnError
                0x08006c90       0x2c ./Drivers/STM32H7xx_HAL_Driver/Src/stm32h7xx_hal_uart.o
 .text.UART_EndTransmit_IT
                0x08006cbc       0x56 ./Drivers/STM32H7xx_HAL_Driver/Src/stm32h7xx_hal_uart.o
 *fill*         0x08006d12        0x2 
 .text.UART_RxISR_8BIT
                0x08006d14      0x1b8 ./Drivers/STM32H7xx_HAL_Driver/Src/stm32h7xx_hal_uart.o
 .text.UART_RxISR_16BIT
                0x08006ecc      0x1b8 ./Drivers/STM32H7xx_HAL_Driver/Src/stm32h7xx_hal_uart.o
 .text.UART_RxISR_8BIT_FIFOEN
                0x08007084      0x360 ./Drivers/STM32H7xx_HAL_Driver/Src/stm32h7xx_hal_uart.o
 .text.UART_RxISR_16BIT_FIFOEN
                0x080073e4      0x368 ./Drivers/STM32H7xx_HAL_Driver/Src/stm32h7xx_hal_uart.o
 .text.HAL_UARTEx_WakeupCallback
                0x0800774c       0x14 ./Drivers/STM32H7xx_HAL_Driver/Src/stm32h7xx_hal_uart_ex.o
                0x0800774c                HAL_UARTEx_WakeupCallback
 .text.HAL_UARTEx_RxFifoFullCallback
                0x08007760       0x14 ./Drivers/STM32H7xx_HAL_Driver/Src/stm32h7xx_hal_uart_ex.o
                0x08007760                HAL_UARTEx_RxFifoFullCallback
 .text.HAL_UARTEx_TxFifoEmptyCallback
                0x08007774       0x14 ./Drivers/STM32H7xx_HAL_Driver/Src/stm32h7xx_hal_uart_ex.o
                0x08007774                HAL_UARTEx_TxFifoEmptyCallback
 .text.HAL_UARTEx_DisableFifoMode
                0x08007788       0x72 ./Drivers/STM32H7xx_HAL_Driver/Src/stm32h7xx_hal_uart_ex.o
                0x08007788                HAL_UARTEx_DisableFifoMode
 .text.HAL_UARTEx_SetTxFifoThreshold
                0x080077fa       0x7c ./Drivers/STM32H7xx_HAL_Driver/Src/stm32h7xx_hal_uart_ex.o
                0x080077fa                HAL_UARTEx_SetTxFifoThreshold
 .text.HAL_UARTEx_SetRxFifoThreshold
                0x08007876       0x7c ./Drivers/STM32H7xx_HAL_Driver/Src/stm32h7xx_hal_uart_ex.o
                0x08007876                HAL_UARTEx_SetRxFifoThreshold
 *fill*         0x080078f2        0x2 
 .text.UARTEx_SetNbDataToProcess
                0x080078f4       0x9c ./Drivers/STM32H7xx_HAL_Driver/Src/stm32h7xx_hal_uart_ex.o
 .text.memset   0x08007990       0x10 C:/ST/STM32CubeIDE_1.16.0/STM32CubeIDE/plugins/com.st.stm32cube.ide.mcu.externaltools.gnu-tools-for-stm32.12.3.rel1.win32_1.0.200.202406191623/tools/bin/../lib/gcc/arm-none-eabi/12.3.1/../../../../arm-none-eabi/lib/thumb/v7e-m+dp/hard\libc_nano.a(libc_a-memset.o)
                0x08007990                memset
 .text.__libc_init_array
                0x080079a0       0x48 C:/ST/STM32CubeIDE_1.16.0/STM32CubeIDE/plugins/com.st.stm32cube.ide.mcu.externaltools.gnu-tools-for-stm32.12.3.rel1.win32_1.0.200.202406191623/tools/bin/../lib/gcc/arm-none-eabi/12.3.1/../../../../arm-none-eabi/lib/thumb/v7e-m+dp/hard\libc_nano.a(libc_a-init.o)
                0x080079a0                __libc_init_array
 .text.memcpy   0x080079e8       0x1c C:/ST/STM32CubeIDE_1.16.0/STM32CubeIDE/plugins/com.st.stm32cube.ide.mcu.externaltools.gnu-tools-for-stm32.12.3.rel1.win32_1.0.200.202406191623/tools/bin/../lib/gcc/arm-none-eabi/12.3.1/../../../../arm-none-eabi/lib/thumb/v7e-m+dp/hard\libc_nano.a(libc_a-memcpy-stub.o)
                0x080079e8                memcpy
 *(.glue_7)
 .glue_7        0x08007a04        0x0 linker stubs
 *(.glue_7t)
 .glue_7t       0x08007a04        0x0 linker stubs
 *(.eh_frame)
 .eh_frame      0x08007a04        0x0 C:/ST/STM32CubeIDE_1.16.0/STM32CubeIDE/plugins/com.st.stm32cube.ide.mcu.externaltools.gnu-tools-for-stm32.12.3.rel1.win32_1.0.200.202406191623/tools/bin/../lib/gcc/arm-none-eabi/12.3.1/thumb/v7e-m+dp/hard/crtbegin.o
 *(.init)
 .init          0x08007a04        0x4 C:/ST/STM32CubeIDE_1.16.0/STM32CubeIDE/plugins/com.st.stm32cube.ide.mcu.externaltools.gnu-tools-for-stm32.12.3.rel1.win32_1.0.200.202406191623/tools/bin/../lib/gcc/arm-none-eabi/12.3.1/thumb/v7e-m+dp/hard/crti.o
                0x08007a04                _init
 .init          0x08007a08        0x8 C:/ST/STM32CubeIDE_1.16.0/STM32CubeIDE/plugins/com.st.stm32cube.ide.mcu.externaltools.gnu-tools-for-stm32.12.3.rel1.win32_1.0.200.202406191623/tools/bin/../lib/gcc/arm-none-eabi/12.3.1/thumb/v7e-m+dp/hard/crtn.o
 *(.fini)
 .fini          0x08007a10        0x4 C:/ST/STM32CubeIDE_1.16.0/STM32CubeIDE/plugins/com.st.stm32cube.ide.mcu.externaltools.gnu-tools-for-stm32.12.3.rel1.win32_1.0.200.202406191623/tools/bin/../lib/gcc/arm-none-eabi/12.3.1/thumb/v7e-m+dp/hard/crti.o
                0x08007a10                _fini
 .fini          0x08007a14        0x8 C:/ST/STM32CubeIDE_1.16.0/STM32CubeIDE/plugins/com.st.stm32cube.ide.mcu.externaltools.gnu-tools-for-stm32.12.3.rel1.win32_1.0.200.202406191623/tools/bin/../lib/gcc/arm-none-eabi/12.3.1/thumb/v7e-m+dp/hard/crtn.o
                0x08007a1c                        . = ALIGN (0x4)
                0x08007a1c                        _etext = .

.vfp11_veneer   0x08007a1c        0x0
 .vfp11_veneer  0x08007a1c        0x0 linker stubs

.v4_bx          0x08007a1c        0x0
 .v4_bx         0x08007a1c        0x0 linker stubs

.iplt           0x08007a1c        0x0
 .iplt          0x08007a1c        0x0 C:/ST/STM32CubeIDE_1.16.0/STM32CubeIDE/plugins/com.st.stm32cube.ide.mcu.externaltools.gnu-tools-for-stm32.12.3.rel1.win32_1.0.200.202406191623/tools/bin/../lib/gcc/arm-none-eabi/12.3.1/thumb/v7e-m+dp/hard/crtbegin.o

.rodata         0x08007a1c       0x38
                0x08007a1c                        . = ALIGN (0x4)
 *(.rodata)
 *(.rodata*)
 .rodata.D1CorePrescTable
                0x08007a1c       0x10 ./Core/Src/system_stm32h7xx.o
                0x08007a1c                D1CorePrescTable
 .rodata.UARTPrescTable
                0x08007a2c       0x18 ./Drivers/STM32H7xx_HAL_Driver/Src/stm32h7xx_hal_uart.o
                0x08007a2c                UARTPrescTable
 .rodata.numerator.1
                0x08007a44        0x8 ./Drivers/STM32H7xx_HAL_Driver/Src/stm32h7xx_hal_uart_ex.o
 .rodata.denominator.0
                0x08007a4c        0x8 ./Drivers/STM32H7xx_HAL_Driver/Src/stm32h7xx_hal_uart_ex.o
                0x08007a54                        . = ALIGN (0x4)

.ARM.extab
 *(.ARM.extab* .gnu.linkonce.armextab.*)

.ARM            0x08007a54        0x8
                0x08007a54                        __exidx_start = .
 *(.ARM.exidx*)
 .ARM.exidx     0x08007a54        0x8 C:/ST/STM32CubeIDE_1.16.0/STM32CubeIDE/plugins/com.st.stm32cube.ide.mcu.externaltools.gnu-tools-for-stm32.12.3.rel1.win32_1.0.200.202406191623/tools/bin/../lib/gcc/arm-none-eabi/12.3.1/thumb/v7e-m+dp/hard\libgcc.a(_udivmoddi4.o)
                0x08007a5c                        __exidx_end = .

.preinit_array  0x08007a5c        0x0
                0x08007a5c                        PROVIDE (__preinit_array_start = .)
 *(.preinit_array*)
                0x08007a5c                        PROVIDE (__preinit_array_end = .)

.init_array     0x08007a5c        0x4
                0x08007a5c                        PROVIDE (__init_array_start = .)
 *(SORT_BY_NAME(.init_array.*))
 *(.init_array*)
 .init_array    0x08007a5c        0x4 C:/ST/STM32CubeIDE_1.16.0/STM32CubeIDE/plugins/com.st.stm32cube.ide.mcu.externaltools.gnu-tools-for-stm32.12.3.rel1.win32_1.0.200.202406191623/tools/bin/../lib/gcc/arm-none-eabi/12.3.1/thumb/v7e-m+dp/hard/crtbegin.o
                0x08007a60                        PROVIDE (__init_array_end = .)

.fini_array     0x08007a60        0x4
                [!provide]                        PROVIDE (__fini_array_start = .)
 *(SORT_BY_NAME(.fini_array.*))
 *(.fini_array*)
 .fini_array    0x08007a60        0x4 C:/ST/STM32CubeIDE_1.16.0/STM32CubeIDE/plugins/com.st.stm32cube.ide.mcu.externaltools.gnu-tools-for-stm32.12.3.rel1.win32_1.0.200.202406191623/tools/bin/../lib/gcc/arm-none-eabi/12.3.1/thumb/v7e-m+dp/hard/crtbegin.o
                [!provide]                        PROVIDE (__fini_array_end = .)
                0x08007a64                        _sidata = LOADADDR (.data)

.rel.dyn        0x08007a64        0x0
 .rel.iplt      0x08007a64        0x0 C:/ST/STM32CubeIDE_1.16.0/STM32CubeIDE/plugins/com.st.stm32cube.ide.mcu.externaltools.gnu-tools-for-stm32.12.3.rel1.win32_1.0.200.202406191623/tools/bin/../lib/gcc/arm-none-eabi/12.3.1/thumb/v7e-m+dp/hard/crtbegin.o

.data           0x24000000       0x10 load address 0x08007a64
                0x24000000                        . = ALIGN (0x4)
                0x24000000                        _sdata = .
 *(.data)
 *(.data*)
 .data.SystemCoreClock
                0x24000000        0x4 ./Core/Src/system_stm32h7xx.o
                0x24000000                SystemCoreClock
 .data.SystemD2Clock
                0x24000004        0x4 ./Core/Src/system_stm32h7xx.o
                0x24000004                SystemD2Clock
 .data.uwTickPrio
                0x24000008        0x4 ./Drivers/STM32H7xx_HAL_Driver/Src/stm32h7xx_hal.o
                0x24000008                uwTickPrio
 .data.uwTickFreq
                0x2400000c        0x1 ./Drivers/STM32H7xx_HAL_Driver/Src/stm32h7xx_hal.o
                0x2400000c                uwTickFreq
 *(.RamFunc)
 *(.RamFunc*)
                0x24000010                        . = ALIGN (0x4)
 *fill*         0x2400000d        0x3 
                0x24000010                        _edata = .

.igot.plt       0x24000010        0x0 load address 0x08007a74
 .igot.plt      0x24000010        0x0 C:/ST/STM32CubeIDE_1.16.0/STM32CubeIDE/plugins/com.st.stm32cube.ide.mcu.externaltools.gnu-tools-for-stm32.12.3.rel1.win32_1.0.200.202406191623/tools/bin/../lib/gcc/arm-none-eabi/12.3.1/thumb/v7e-m+dp/hard/crtbegin.o
                0x24000010                        . = ALIGN (0x4)

.bss            0x24000010      0xab8 load address 0x08007a74
                0x24000010                        _sbss = .
                0x24000010                        __bss_start__ = _sbss
 *(.bss)
 .bss           0x24000010       0x1c C:/ST/STM32CubeIDE_1.16.0/STM32CubeIDE/plugins/com.st.stm32cube.ide.mcu.externaltools.gnu-tools-for-stm32.12.3.rel1.win32_1.0.200.202406191623/tools/bin/../lib/gcc/arm-none-eabi/12.3.1/thumb/v7e-m+dp/hard/crtbegin.o
 *(.bss*)
 .bss.U_Blox_frame_tx
                0x2400002c      0x1f8 ./Core/GNSS/GNSS.o
                0x2400002c                U_Blox_frame_tx
 .bss.U_Blox_frame_rx
                0x24000224      0x1f8 ./Core/GNSS/GNSS.o
                0x24000224                U_Blox_frame_rx
 .bss.b         0x2400041c        0x4 ./Core/GNSS/GNSS.o
                0x2400041c                b
 .bss.zaman     0x24000420        0x4 ./Core/GNSS/GNSS.o
 .bss.U_Blox_frame_low_layer_transmit
                0x24000424      0x1fa ./Core/GNSS/U-Blox_F9P_Driver/U-Blox_F9P_Driver.o
                0x24000424                U_Blox_frame_low_layer_transmit
 *fill*         0x2400061e        0x2 
 .bss.U_Blox_Rx
                0x24000620      0x1f8 ./Core/GNSS/U-Blox_F9P_Driver/U-Blox_F9P_Driver.o
 .bss.U_Blox_Tx
                0x24000818      0x1f8 ./Core/GNSS/U-Blox_F9P_Driver/U-Blox_F9P_Driver.o
 .bss.huart3    0x24000a10       0x94 ./Core/Src/main.o
                0x24000a10                huart3
 .bss.GNSS_t    0x24000aa4       0x14 ./Core/Src/main.o
                0x24000aa4                GNSS_t
 .bss.a         0x24000ab8        0x4 ./Core/Src/main.o
                0x24000ab8                a
 .bss.data      0x24000abc        0x1 ./Core/Src/main.o
                0x24000abc                data
 *fill*         0x24000abd        0x3 
 .bss.ms        0x24000ac0        0x4 ./Core/SysTick_Timer/SysTick_Timer.o
 .bss.uwTick    0x24000ac4        0x4 ./Drivers/STM32H7xx_HAL_Driver/Src/stm32h7xx_hal.o
                0x24000ac4                uwTick
 *(COMMON)
                0x24000ac8                        . = ALIGN (0x4)
                0x24000ac8                        _ebss = .
                0x24000ac8                        __bss_end__ = _ebss

._user_heap_stack
                0x24000ac8      0x600 load address 0x08007a74
                0x24000ac8                        . = ALIGN (0x8)
                [!provide]                        PROVIDE (end = .)
                0x24000ac8                        PROVIDE (_end = .)
                0x24000cc8                        . = (. + _Min_Heap_Size)
 *fill*         0x24000ac8      0x200 
                0x240010c8                        . = (. + _Min_Stack_Size)
 *fill*         0x24000cc8      0x400 
                0x240010c8                        . = ALIGN (0x8)

/DISCARD/
 libc.a(*)
 libm.a(*)
 libgcc.a(*)

.ARM.attributes
                0x00000000       0x2e
 *(.ARM.attributes)
 .ARM.attributes
                0x00000000       0x20 C:/ST/STM32CubeIDE_1.16.0/STM32CubeIDE/plugins/com.st.stm32cube.ide.mcu.externaltools.gnu-tools-for-stm32.12.3.rel1.win32_1.0.200.202406191623/tools/bin/../lib/gcc/arm-none-eabi/12.3.1/thumb/v7e-m+dp/hard/crti.o
 .ARM.attributes
                0x00000020       0x32 C:/ST/STM32CubeIDE_1.16.0/STM32CubeIDE/plugins/com.st.stm32cube.ide.mcu.externaltools.gnu-tools-for-stm32.12.3.rel1.win32_1.0.200.202406191623/tools/bin/../lib/gcc/arm-none-eabi/12.3.1/thumb/v7e-m+dp/hard/crtbegin.o
 .ARM.attributes
                0x00000052       0x32 ./Core/GNSS/GNSS.o
 .ARM.attributes
                0x00000084       0x32 ./Core/GNSS/U-Blox_F9P_Driver/U-Blox_F9P_Driver.o
 .ARM.attributes
                0x000000b6       0x32 ./Core/Src/main.o
 .ARM.attributes
                0x000000e8       0x32 ./Core/Src/stm32h7xx_hal_msp.o
 .ARM.attributes
                0x0000011a       0x32 ./Core/Src/stm32h7xx_it.o
 .ARM.attributes
                0x0000014c       0x32 ./Core/Src/system_stm32h7xx.o
 .ARM.attributes
                0x0000017e       0x21 ./Core/Startup/startup_stm32h723zgtx.o
 .ARM.attributes
                0x0000019f       0x32 ./Core/SysTick_Timer/SysTick_Timer.o
 .ARM.attributes
                0x000001d1       0x32 ./Drivers/STM32H7xx_HAL_Driver/Src/stm32h7xx_hal.o
 .ARM.attributes
                0x00000203       0x32 ./Drivers/STM32H7xx_HAL_Driver/Src/stm32h7xx_hal_cortex.o
 .ARM.attributes
                0x00000235       0x32 ./Drivers/STM32H7xx_HAL_Driver/Src/stm32h7xx_hal_dma.o
 .ARM.attributes
                0x00000267       0x32 ./Drivers/STM32H7xx_HAL_Driver/Src/stm32h7xx_hal_gpio.o
 .ARM.attributes
                0x00000299       0x32 ./Drivers/STM32H7xx_HAL_Driver/Src/stm32h7xx_hal_pwr_ex.o
 .ARM.attributes
                0x000002cb       0x32 ./Drivers/STM32H7xx_HAL_Driver/Src/stm32h7xx_hal_rcc.o
 .ARM.attributes
                0x000002fd       0x32 ./Drivers/STM32H7xx_HAL_Driver/Src/stm32h7xx_hal_rcc_ex.o
 .ARM.attributes
                0x0000032f       0x32 ./Drivers/STM32H7xx_HAL_Driver/Src/stm32h7xx_hal_uart.o
 .ARM.attributes
                0x00000361       0x32 ./Drivers/STM32H7xx_HAL_Driver/Src/stm32h7xx_hal_uart_ex.o
 .ARM.attributes
                0x00000393       0x32 C:/ST/STM32CubeIDE_1.16.0/STM32CubeIDE/plugins/com.st.stm32cube.ide.mcu.externaltools.gnu-tools-for-stm32.12.3.rel1.win32_1.0.200.202406191623/tools/bin/../lib/gcc/arm-none-eabi/12.3.1/../../../../arm-none-eabi/lib/thumb/v7e-m+dp/hard\libc_nano.a(libc_a-memset.o)
 .ARM.attributes
                0x000003c5       0x32 C:/ST/STM32CubeIDE_1.16.0/STM32CubeIDE/plugins/com.st.stm32cube.ide.mcu.externaltools.gnu-tools-for-stm32.12.3.rel1.win32_1.0.200.202406191623/tools/bin/../lib/gcc/arm-none-eabi/12.3.1/../../../../arm-none-eabi/lib/thumb/v7e-m+dp/hard\libc_nano.a(libc_a-init.o)
 .ARM.attributes
                0x000003f7       0x32 C:/ST/STM32CubeIDE_1.16.0/STM32CubeIDE/plugins/com.st.stm32cube.ide.mcu.externaltools.gnu-tools-for-stm32.12.3.rel1.win32_1.0.200.202406191623/tools/bin/../lib/gcc/arm-none-eabi/12.3.1/../../../../arm-none-eabi/lib/thumb/v7e-m+dp/hard\libc_nano.a(libc_a-memcpy-stub.o)
 .ARM.attributes
                0x00000429       0x20 C:/ST/STM32CubeIDE_1.16.0/STM32CubeIDE/plugins/com.st.stm32cube.ide.mcu.externaltools.gnu-tools-for-stm32.12.3.rel1.win32_1.0.200.202406191623/tools/bin/../lib/gcc/arm-none-eabi/12.3.1/thumb/v7e-m+dp/hard\libgcc.a(_aeabi_uldivmod.o)
 .ARM.attributes
                0x00000449       0x32 C:/ST/STM32CubeIDE_1.16.0/STM32CubeIDE/plugins/com.st.stm32cube.ide.mcu.externaltools.gnu-tools-for-stm32.12.3.rel1.win32_1.0.200.202406191623/tools/bin/../lib/gcc/arm-none-eabi/12.3.1/thumb/v7e-m+dp/hard\libgcc.a(_udivmoddi4.o)
 .ARM.attributes
                0x0000047b       0x20 C:/ST/STM32CubeIDE_1.16.0/STM32CubeIDE/plugins/com.st.stm32cube.ide.mcu.externaltools.gnu-tools-for-stm32.12.3.rel1.win32_1.0.200.202406191623/tools/bin/../lib/gcc/arm-none-eabi/12.3.1/thumb/v7e-m+dp/hard\libgcc.a(_dvmd_tls.o)
 .ARM.attributes
                0x0000049b       0x20 C:/ST/STM32CubeIDE_1.16.0/STM32CubeIDE/plugins/com.st.stm32cube.ide.mcu.externaltools.gnu-tools-for-stm32.12.3.rel1.win32_1.0.200.202406191623/tools/bin/../lib/gcc/arm-none-eabi/12.3.1/thumb/v7e-m+dp/hard/crtn.o
OUTPUT(GNSS_Driver.elf elf32-littlearm)
LOAD linker stubs
LOAD C:/ST/STM32CubeIDE_1.16.0/STM32CubeIDE/plugins/com.st.stm32cube.ide.mcu.externaltools.gnu-tools-for-stm32.12.3.rel1.win32_1.0.200.202406191623/tools/bin/../lib/gcc/arm-none-eabi/12.3.1/../../../../arm-none-eabi/lib/thumb/v7e-m+dp/hard\libc.a
LOAD C:/ST/STM32CubeIDE_1.16.0/STM32CubeIDE/plugins/com.st.stm32cube.ide.mcu.externaltools.gnu-tools-for-stm32.12.3.rel1.win32_1.0.200.202406191623/tools/bin/../lib/gcc/arm-none-eabi/12.3.1/../../../../arm-none-eabi/lib/thumb/v7e-m+dp/hard\libm.a
LOAD C:/ST/STM32CubeIDE_1.16.0/STM32CubeIDE/plugins/com.st.stm32cube.ide.mcu.externaltools.gnu-tools-for-stm32.12.3.rel1.win32_1.0.200.202406191623/tools/bin/../lib/gcc/arm-none-eabi/12.3.1/thumb/v7e-m+dp/hard\libgcc.a

.debug_info     0x00000000    0x11f32
 .debug_info    0x00000000      0x9ae ./Core/GNSS/GNSS.o
 .debug_info    0x000009ae     0x1237 ./Core/GNSS/U-Blox_F9P_Driver/U-Blox_F9P_Driver.o
 .debug_info    0x00001be5     0x1336 ./Core/Src/main.o
 .debug_info    0x00002f1b     0x1408 ./Core/Src/stm32h7xx_hal_msp.o
 .debug_info    0x00004323      0x886 ./Core/Src/stm32h7xx_it.o
 .debug_info    0x00004ba9      0xb2e ./Core/Src/system_stm32h7xx.o
 .debug_info    0x000056d7       0x30 ./Core/Startup/startup_stm32h723zgtx.o
 .debug_info    0x00005707      0x12b ./Core/SysTick_Timer/SysTick_Timer.o
 .debug_info    0x00005832     0x1698 ./Drivers/STM32H7xx_HAL_Driver/Src/stm32h7xx_hal.o
 .debug_info    0x00006eca     0x10a0 ./Drivers/STM32H7xx_HAL_Driver/Src/stm32h7xx_hal_cortex.o
 .debug_info    0x00007f6a      0xb67 ./Drivers/STM32H7xx_HAL_Driver/Src/stm32h7xx_hal_dma.o
 .debug_info    0x00008ad1      0xc5c ./Drivers/STM32H7xx_HAL_Driver/Src/stm32h7xx_hal_gpio.o
 .debug_info    0x0000972d      0xdc4 ./Drivers/STM32H7xx_HAL_Driver/Src/stm32h7xx_hal_pwr_ex.o
 .debug_info    0x0000a4f1      0xd73 ./Drivers/STM32H7xx_HAL_Driver/Src/stm32h7xx_hal_rcc.o
 .debug_info    0x0000b264     0x11fc ./Drivers/STM32H7xx_HAL_Driver/Src/stm32h7xx_hal_rcc_ex.o
 .debug_info    0x0000c460     0x4b13 ./Drivers/STM32H7xx_HAL_Driver/Src/stm32h7xx_hal_uart.o
 .debug_info    0x00010f73      0xfbf ./Drivers/STM32H7xx_HAL_Driver/Src/stm32h7xx_hal_uart_ex.o

.debug_abbrev   0x00000000     0x25ab
 .debug_abbrev  0x00000000      0x22f ./Core/GNSS/GNSS.o
 .debug_abbrev  0x0000022f      0x309 ./Core/GNSS/U-Blox_F9P_Driver/U-Blox_F9P_Driver.o
 .debug_abbrev  0x00000538      0x2f8 ./Core/Src/main.o
 .debug_abbrev  0x00000830      0x20c ./Core/Src/stm32h7xx_hal_msp.o
 .debug_abbrev  0x00000a3c      0x188 ./Core/Src/stm32h7xx_it.o
 .debug_abbrev  0x00000bc4      0x13a ./Core/Src/system_stm32h7xx.o
 .debug_abbrev  0x00000cfe       0x24 ./Core/Startup/startup_stm32h723zgtx.o
 .debug_abbrev  0x00000d22       0xae ./Core/SysTick_Timer/SysTick_Timer.o
 .debug_abbrev  0x00000dd0      0x29e ./Drivers/STM32H7xx_HAL_Driver/Src/stm32h7xx_hal.o
 .debug_abbrev  0x0000106e      0x339 ./Drivers/STM32H7xx_HAL_Driver/Src/stm32h7xx_hal_cortex.o
 .debug_abbrev  0x000013a7      0x248 ./Drivers/STM32H7xx_HAL_Driver/Src/stm32h7xx_hal_dma.o
 .debug_abbrev  0x000015ef      0x1fe ./Drivers/STM32H7xx_HAL_Driver/Src/stm32h7xx_hal_gpio.o
 .debug_abbrev  0x000017ed      0x295 ./Drivers/STM32H7xx_HAL_Driver/Src/stm32h7xx_hal_pwr_ex.o
 .debug_abbrev  0x00001a82      0x2b1 ./Drivers/STM32H7xx_HAL_Driver/Src/stm32h7xx_hal_rcc.o
 .debug_abbrev  0x00001d33      0x269 ./Drivers/STM32H7xx_HAL_Driver/Src/stm32h7xx_hal_rcc_ex.o
 .debug_abbrev  0x00001f9c      0x33d ./Drivers/STM32H7xx_HAL_Driver/Src/stm32h7xx_hal_uart.o
 .debug_abbrev  0x000022d9      0x2d2 ./Drivers/STM32H7xx_HAL_Driver/Src/stm32h7xx_hal_uart_ex.o

.debug_aranges  0x00000000      0xba8
 .debug_aranges
                0x00000000       0x30 ./Core/GNSS/GNSS.o
 .debug_aranges
                0x00000030       0x78 ./Core/GNSS/U-Blox_F9P_Driver/U-Blox_F9P_Driver.o
 .debug_aranges
                0x000000a8       0x48 ./Core/Src/main.o
 .debug_aranges
                0x000000f0       0x30 ./Core/Src/stm32h7xx_hal_msp.o
 .debug_aranges
                0x00000120       0x60 ./Core/Src/stm32h7xx_it.o
 .debug_aranges
                0x00000180       0x28 ./Core/Src/system_stm32h7xx.o
 .debug_aranges
                0x000001a8       0x28 ./Core/Startup/startup_stm32h723zgtx.o
 .debug_aranges
                0x000001d0       0x30 ./Core/SysTick_Timer/SysTick_Timer.o
 .debug_aranges
                0x00000200      0x1c8 ./Drivers/STM32H7xx_HAL_Driver/Src/stm32h7xx_hal.o
 .debug_aranges
                0x000003c8      0x130 ./Drivers/STM32H7xx_HAL_Driver/Src/stm32h7xx_hal_cortex.o
 .debug_aranges
                0x000004f8       0xa0 ./Drivers/STM32H7xx_HAL_Driver/Src/stm32h7xx_hal_dma.o
 .debug_aranges
                0x00000598       0x58 ./Drivers/STM32H7xx_HAL_Driver/Src/stm32h7xx_hal_gpio.o
 .debug_aranges
                0x000005f0      0x148 ./Drivers/STM32H7xx_HAL_Driver/Src/stm32h7xx_hal_pwr_ex.o
 .debug_aranges
                0x00000738       0x88 ./Drivers/STM32H7xx_HAL_Driver/Src/stm32h7xx_hal_rcc.o
 .debug_aranges
                0x000007c0       0xf8 ./Drivers/STM32H7xx_HAL_Driver/Src/stm32h7xx_hal_rcc_ex.o
 .debug_aranges
                0x000008b8      0x248 ./Drivers/STM32H7xx_HAL_Driver/Src/stm32h7xx_hal_uart.o
 .debug_aranges
                0x00000b00       0xa8 ./Drivers/STM32H7xx_HAL_Driver/Src/stm32h7xx_hal_uart_ex.o

.debug_rnglists
                0x00000000      0x8ed
 .debug_rnglists
                0x00000000       0x21 ./Core/GNSS/GNSS.o
 .debug_rnglists
                0x00000021       0x56 ./Core/GNSS/U-Blox_F9P_Driver/U-Blox_F9P_Driver.o
 .debug_rnglists
                0x00000077       0x34 ./Core/Src/main.o
 .debug_rnglists
                0x000000ab       0x20 ./Core/Src/stm32h7xx_hal_msp.o
 .debug_rnglists
                0x000000cb       0x43 ./Core/Src/stm32h7xx_it.o
 .debug_rnglists
                0x0000010e       0x1b ./Core/Src/system_stm32h7xx.o
 .debug_rnglists
                0x00000129       0x19 ./Core/Startup/startup_stm32h723zgtx.o
 .debug_rnglists
                0x00000142       0x1f ./Core/SysTick_Timer/SysTick_Timer.o
 .debug_rnglists
                0x00000161      0x155 ./Drivers/STM32H7xx_HAL_Driver/Src/stm32h7xx_hal.o
 .debug_rnglists
                0x000002b6       0xe0 ./Drivers/STM32H7xx_HAL_Driver/Src/stm32h7xx_hal_cortex.o
 .debug_rnglists
                0x00000396       0x82 ./Drivers/STM32H7xx_HAL_Driver/Src/stm32h7xx_hal_dma.o
 .debug_rnglists
                0x00000418       0x3f ./Drivers/STM32H7xx_HAL_Driver/Src/stm32h7xx_hal_gpio.o
 .debug_rnglists
                0x00000457       0xf5 ./Drivers/STM32H7xx_HAL_Driver/Src/stm32h7xx_hal_pwr_ex.o
 .debug_rnglists
                0x0000054c       0x68 ./Drivers/STM32H7xx_HAL_Driver/Src/stm32h7xx_hal_rcc.o
 .debug_rnglists
                0x000005b4       0xc0 ./Drivers/STM32H7xx_HAL_Driver/Src/stm32h7xx_hal_rcc_ex.o
 .debug_rnglists
                0x00000674      0x1fa ./Drivers/STM32H7xx_HAL_Driver/Src/stm32h7xx_hal_uart.o
 .debug_rnglists
                0x0000086e       0x7f ./Drivers/STM32H7xx_HAL_Driver/Src/stm32h7xx_hal_uart_ex.o

.debug_macro    0x00000000    0x3196c
 .debug_macro   0x00000000       0x80 ./Core/GNSS/GNSS.o
 .debug_macro   0x00000080      0xacc ./Core/GNSS/GNSS.o
 .debug_macro   0x00000b4c       0x22 ./Core/GNSS/GNSS.o
 .debug_macro   0x00000b6e       0x8e ./Core/GNSS/GNSS.o
 .debug_macro   0x00000bfc       0x51 ./Core/GNSS/GNSS.o
 .debug_macro   0x00000c4d      0x103 ./Core/GNSS/GNSS.o
 .debug_macro   0x00000d50       0x6a ./Core/GNSS/GNSS.o
 .debug_macro   0x00000dba      0x1df ./Core/GNSS/GNSS.o
 .debug_macro   0x00000f99       0x2e ./Core/GNSS/GNSS.o
 .debug_macro   0x00000fc7      0x2d3 ./Core/GNSS/U-Blox_F9P_Driver/U-Blox_F9P_Driver.o
 .debug_macro   0x0000129a       0x28 ./Core/GNSS/U-Blox_F9P_Driver/U-Blox_F9P_Driver.o
 .debug_macro   0x000012c2       0x2e ./Core/GNSS/U-Blox_F9P_Driver/U-Blox_F9P_Driver.o
 .debug_macro   0x000012f0       0x3b ./Core/GNSS/U-Blox_F9P_Driver/U-Blox_F9P_Driver.o
 .debug_macro   0x0000132b       0x1c ./Core/GNSS/U-Blox_F9P_Driver/U-Blox_F9P_Driver.o
 .debug_macro   0x00001347       0x22 ./Core/GNSS/U-Blox_F9P_Driver/U-Blox_F9P_Driver.o
 .debug_macro   0x00001369       0xfb ./Core/GNSS/U-Blox_F9P_Driver/U-Blox_F9P_Driver.o
 .debug_macro   0x00001464     0x1305 ./Core/GNSS/U-Blox_F9P_Driver/U-Blox_F9P_Driver.o
 .debug_macro   0x00002769      0x11f ./Core/GNSS/U-Blox_F9P_Driver/U-Blox_F9P_Driver.o
 .debug_macro   0x00002888       0x27 ./Core/GNSS/U-Blox_F9P_Driver/U-Blox_F9P_Driver.o
 .debug_macro   0x000028af    0x2127f ./Core/GNSS/U-Blox_F9P_Driver/U-Blox_F9P_Driver.o
 .debug_macro   0x00023b2e       0x6d ./Core/GNSS/U-Blox_F9P_Driver/U-Blox_F9P_Driver.o
 .debug_macro   0x00023b9b      0x232 ./Core/GNSS/U-Blox_F9P_Driver/U-Blox_F9P_Driver.o
 .debug_macro   0x00023dcd     0x3d64 ./Core/GNSS/U-Blox_F9P_Driver/U-Blox_F9P_Driver.o
 .debug_macro   0x00027b31      0x189 ./Core/GNSS/U-Blox_F9P_Driver/U-Blox_F9P_Driver.o
 .debug_macro   0x00027cba       0x61 ./Core/GNSS/U-Blox_F9P_Driver/U-Blox_F9P_Driver.o
 .debug_macro   0x00027d1b       0x29 ./Core/GNSS/U-Blox_F9P_Driver/U-Blox_F9P_Driver.o
 .debug_macro   0x00027d44       0x43 ./Core/GNSS/U-Blox_F9P_Driver/U-Blox_F9P_Driver.o
 .debug_macro   0x00027d87       0x34 ./Core/GNSS/U-Blox_F9P_Driver/U-Blox_F9P_Driver.o
 .debug_macro   0x00027dbb       0x16 ./Core/GNSS/U-Blox_F9P_Driver/U-Blox_F9P_Driver.o
 .debug_macro   0x00027dd1       0x43 ./Core/GNSS/U-Blox_F9P_Driver/U-Blox_F9P_Driver.o
 .debug_macro   0x00027e14       0x34 ./Core/GNSS/U-Blox_F9P_Driver/U-Blox_F9P_Driver.o
 .debug_macro   0x00027e48       0x10 ./Core/GNSS/U-Blox_F9P_Driver/U-Blox_F9P_Driver.o
 .debug_macro   0x00027e58       0x58 ./Core/GNSS/U-Blox_F9P_Driver/U-Blox_F9P_Driver.o
 .debug_macro   0x00027eb0       0x8e ./Core/GNSS/U-Blox_F9P_Driver/U-Blox_F9P_Driver.o
 .debug_macro   0x00027f3e       0x1c ./Core/GNSS/U-Blox_F9P_Driver/U-Blox_F9P_Driver.o
 .debug_macro   0x00027f5a      0x177 ./Core/GNSS/U-Blox_F9P_Driver/U-Blox_F9P_Driver.o
 .debug_macro   0x000280d1      0x369 ./Core/GNSS/U-Blox_F9P_Driver/U-Blox_F9P_Driver.o
 .debug_macro   0x0002843a      0x19b ./Core/GNSS/U-Blox_F9P_Driver/U-Blox_F9P_Driver.o
 .debug_macro   0x000285d5       0x5d ./Core/GNSS/U-Blox_F9P_Driver/U-Blox_F9P_Driver.o
 .debug_macro   0x00028632     0x2462 ./Core/GNSS/U-Blox_F9P_Driver/U-Blox_F9P_Driver.o
 .debug_macro   0x0002aa94     0x1079 ./Core/GNSS/U-Blox_F9P_Driver/U-Blox_F9P_Driver.o
 .debug_macro   0x0002bb0d      0x154 ./Core/GNSS/U-Blox_F9P_Driver/U-Blox_F9P_Driver.o
 .debug_macro   0x0002bc61      0x114 ./Core/GNSS/U-Blox_F9P_Driver/U-Blox_F9P_Driver.o
 .debug_macro   0x0002bd75      0x3fc ./Core/GNSS/U-Blox_F9P_Driver/U-Blox_F9P_Driver.o
 .debug_macro   0x0002c171       0xac ./Core/GNSS/U-Blox_F9P_Driver/U-Blox_F9P_Driver.o
 .debug_macro   0x0002c21d      0x788 ./Core/GNSS/U-Blox_F9P_Driver/U-Blox_F9P_Driver.o
 .debug_macro   0x0002c9a5      0x228 ./Core/GNSS/U-Blox_F9P_Driver/U-Blox_F9P_Driver.o
 .debug_macro   0x0002cbcd       0x66 ./Core/GNSS/U-Blox_F9P_Driver/U-Blox_F9P_Driver.o
 .debug_macro   0x0002cc33      0x3a6 ./Core/GNSS/U-Blox_F9P_Driver/U-Blox_F9P_Driver.o
 .debug_macro   0x0002cfd9      0x3f9 ./Core/GNSS/U-Blox_F9P_Driver/U-Blox_F9P_Driver.o
 .debug_macro   0x0002d3d2      0x275 ./Core/GNSS/U-Blox_F9P_Driver/U-Blox_F9P_Driver.o
 .debug_macro   0x0002d647      0x3ca ./Core/GNSS/U-Blox_F9P_Driver/U-Blox_F9P_Driver.o
 .debug_macro   0x0002da11      0x45c ./Core/GNSS/U-Blox_F9P_Driver/U-Blox_F9P_Driver.o
 .debug_macro   0x0002de6d       0x3c ./Core/GNSS/U-Blox_F9P_Driver/U-Blox_F9P_Driver.o
 .debug_macro   0x0002dea9       0x4a ./Core/GNSS/U-Blox_F9P_Driver/U-Blox_F9P_Driver.o
 .debug_macro   0x0002def3      0x22c ./Core/GNSS/U-Blox_F9P_Driver/U-Blox_F9P_Driver.o
 .debug_macro   0x0002e11f       0x67 ./Core/GNSS/U-Blox_F9P_Driver/U-Blox_F9P_Driver.o
 .debug_macro   0x0002e186       0xa5 ./Core/GNSS/U-Blox_F9P_Driver/U-Blox_F9P_Driver.o
 .debug_macro   0x0002e22b      0x1c4 ./Core/GNSS/U-Blox_F9P_Driver/U-Blox_F9P_Driver.o
 .debug_macro   0x0002e3ef      0x22a ./Core/GNSS/U-Blox_F9P_Driver/U-Blox_F9P_Driver.o
 .debug_macro   0x0002e619       0x35 ./Core/GNSS/U-Blox_F9P_Driver/U-Blox_F9P_Driver.o
 .debug_macro   0x0002e64e      0x693 ./Core/GNSS/U-Blox_F9P_Driver/U-Blox_F9P_Driver.o
 .debug_macro   0x0002ece1       0xa6 ./Core/GNSS/U-Blox_F9P_Driver/U-Blox_F9P_Driver.o
 .debug_macro   0x0002ed87      0x5e6 ./Core/GNSS/U-Blox_F9P_Driver/U-Blox_F9P_Driver.o
 .debug_macro   0x0002f36d       0x16 ./Core/GNSS/U-Blox_F9P_Driver/U-Blox_F9P_Driver.o
 .debug_macro   0x0002f383       0x35 ./Core/GNSS/U-Blox_F9P_Driver/U-Blox_F9P_Driver.o
 .debug_macro   0x0002f3b8       0x20 ./Core/GNSS/U-Blox_F9P_Driver/U-Blox_F9P_Driver.o
 .debug_macro   0x0002f3d8      0x2a8 ./Core/Src/main.o
 .debug_macro   0x0002f680      0x29e ./Core/Src/stm32h7xx_hal_msp.o
 .debug_macro   0x0002f91e      0x2b1 ./Core/Src/stm32h7xx_it.o
 .debug_macro   0x0002fbcf      0x294 ./Core/Src/system_stm32h7xx.o
 .debug_macro   0x0002fe63      0x29e ./Core/SysTick_Timer/SysTick_Timer.o
 .debug_macro   0x00030101      0x2be ./Drivers/STM32H7xx_HAL_Driver/Src/stm32h7xx_hal.o
 .debug_macro   0x000303bf      0x294 ./Drivers/STM32H7xx_HAL_Driver/Src/stm32h7xx_hal_cortex.o
 .debug_macro   0x00030653      0x2e8 ./Drivers/STM32H7xx_HAL_Driver/Src/stm32h7xx_hal_dma.o
 .debug_macro   0x0003093b      0x29b ./Drivers/STM32H7xx_HAL_Driver/Src/stm32h7xx_hal_gpio.o
 .debug_macro   0x00030bd6      0x2cd ./Drivers/STM32H7xx_HAL_Driver/Src/stm32h7xx_hal_pwr_ex.o
 .debug_macro   0x00030ea3      0x2b8 ./Drivers/STM32H7xx_HAL_Driver/Src/stm32h7xx_hal_rcc.o
 .debug_macro   0x0003115b      0x2b2 ./Drivers/STM32H7xx_HAL_Driver/Src/stm32h7xx_hal_rcc_ex.o
 .debug_macro   0x0003140d      0x2bf ./Drivers/STM32H7xx_HAL_Driver/Src/stm32h7xx_hal_uart.o
 .debug_macro   0x000316cc      0x2a0 ./Drivers/STM32H7xx_HAL_Driver/Src/stm32h7xx_hal_uart_ex.o

.debug_line     0x00000000    0x121b6
 .debug_line    0x00000000      0x590 ./Core/GNSS/GNSS.o
 .debug_line    0x00000590      0xb94 ./Core/GNSS/U-Blox_F9P_Driver/U-Blox_F9P_Driver.o
 .debug_line    0x00001124      0xa4b ./Core/Src/main.o
 .debug_line    0x00001b6f      0x917 ./Core/Src/stm32h7xx_hal_msp.o
 .debug_line    0x00002486      0x9c6 ./Core/Src/stm32h7xx_it.o
 .debug_line    0x00002e4c      0xa64 ./Core/Src/system_stm32h7xx.o
 .debug_line    0x000038b0       0x7a ./Core/Startup/startup_stm32h723zgtx.o
 .debug_line    0x0000392a      0x8f8 ./Core/SysTick_Timer/SysTick_Timer.o
 .debug_line    0x00004222      0xef5 ./Drivers/STM32H7xx_HAL_Driver/Src/stm32h7xx_hal.o
 .debug_line    0x00005117      0xe93 ./Drivers/STM32H7xx_HAL_Driver/Src/stm32h7xx_hal_cortex.o
 .debug_line    0x00005faa     0x27ca ./Drivers/STM32H7xx_HAL_Driver/Src/stm32h7xx_hal_dma.o
 .debug_line    0x00008774      0xd28 ./Drivers/STM32H7xx_HAL_Driver/Src/stm32h7xx_hal_gpio.o
 .debug_line    0x0000949c      0xee2 ./Drivers/STM32H7xx_HAL_Driver/Src/stm32h7xx_hal_pwr_ex.o
 .debug_line    0x0000a37e     0x138b ./Drivers/STM32H7xx_HAL_Driver/Src/stm32h7xx_hal_rcc.o
 .debug_line    0x0000b709     0x1c5a ./Drivers/STM32H7xx_HAL_Driver/Src/stm32h7xx_hal_rcc_ex.o
 .debug_line    0x0000d363     0x3f51 ./Drivers/STM32H7xx_HAL_Driver/Src/stm32h7xx_hal_uart.o
 .debug_line    0x000112b4      0xf02 ./Drivers/STM32H7xx_HAL_Driver/Src/stm32h7xx_hal_uart_ex.o

.debug_str      0x00000000   0x13fa69
 .debug_str     0x00000000     0x42c9 ./Core/GNSS/GNSS.o
                               0x445d (size before relaxing)
 .debug_str     0x000042c9   0x137132 ./Core/GNSS/U-Blox_F9P_Driver/U-Blox_F9P_Driver.o
                             0x13b7c5 (size before relaxing)
 .debug_str     0x0013b3fb      0x67b ./Core/Src/main.o
                             0x13b6eb (size before relaxing)
 .debug_str     0x0013ba76      0xaf3 ./Core/Src/stm32h7xx_hal_msp.o
                             0x13be1d (size before relaxing)
 .debug_str     0x0013c569       0xd3 ./Core/Src/stm32h7xx_it.o
                             0x13b148 (size before relaxing)
 .debug_str     0x0013c63c      0x2ae ./Core/Src/system_stm32h7xx.o
                             0x13aeb9 (size before relaxing)
 .debug_str     0x0013c8ea       0x44 ./Core/Startup/startup_stm32h723zgtx.o
                                 0x65 (size before relaxing)
 .debug_str     0x0013c92e       0x4c ./Core/SysTick_Timer/SysTick_Timer.o
                             0x13aa52 (size before relaxing)
 .debug_str     0x0013c97a      0x9c4 ./Drivers/STM32H7xx_HAL_Driver/Src/stm32h7xx_hal.o
                             0x13bf43 (size before relaxing)
 .debug_str     0x0013d33e      0x2af ./Drivers/STM32H7xx_HAL_Driver/Src/stm32h7xx_hal_cortex.o
                             0x13b85d (size before relaxing)
 .debug_str     0x0013d5ed      0x8f6 ./Drivers/STM32H7xx_HAL_Driver/Src/stm32h7xx_hal_dma.o
                             0x13b66e (size before relaxing)
 .debug_str     0x0013dee3       0xec ./Drivers/STM32H7xx_HAL_Driver/Src/stm32h7xx_hal_gpio.o
                             0x13af04 (size before relaxing)
 .debug_str     0x0013dfcf      0x5ee ./Drivers/STM32H7xx_HAL_Driver/Src/stm32h7xx_hal_pwr_ex.o
                             0x13b30c (size before relaxing)
 .debug_str     0x0013e5bd      0x22e ./Drivers/STM32H7xx_HAL_Driver/Src/stm32h7xx_hal_rcc.o
                             0x13b287 (size before relaxing)
 .debug_str     0x0013e7eb      0x64b ./Drivers/STM32H7xx_HAL_Driver/Src/stm32h7xx_hal_rcc_ex.o
                             0x13b79f (size before relaxing)
 .debug_str     0x0013ee36      0x9c6 ./Drivers/STM32H7xx_HAL_Driver/Src/stm32h7xx_hal_uart.o
                             0x13be27 (size before relaxing)
 .debug_str     0x0013f7fc      0x26d ./Drivers/STM32H7xx_HAL_Driver/Src/stm32h7xx_hal_uart_ex.o
                             0x13b3e7 (size before relaxing)

.comment        0x00000000       0x43
 .comment       0x00000000       0x43 ./Core/GNSS/GNSS.o
                                 0x44 (size before relaxing)
 .comment       0x00000043       0x44 ./Core/GNSS/U-Blox_F9P_Driver/U-Blox_F9P_Driver.o
 .comment       0x00000043       0x44 ./Core/Src/main.o
 .comment       0x00000043       0x44 ./Core/Src/stm32h7xx_hal_msp.o
 .comment       0x00000043       0x44 ./Core/Src/stm32h7xx_it.o
 .comment       0x00000043       0x44 ./Core/Src/system_stm32h7xx.o
 .comment       0x00000043       0x44 ./Core/SysTick_Timer/SysTick_Timer.o
 .comment       0x00000043       0x44 ./Drivers/STM32H7xx_HAL_Driver/Src/stm32h7xx_hal.o
 .comment       0x00000043       0x44 ./Drivers/STM32H7xx_HAL_Driver/Src/stm32h7xx_hal_cortex.o
 .comment       0x00000043       0x44 ./Drivers/STM32H7xx_HAL_Driver/Src/stm32h7xx_hal_dma.o
 .comment       0x00000043       0x44 ./Drivers/STM32H7xx_HAL_Driver/Src/stm32h7xx_hal_gpio.o
 .comment       0x00000043       0x44 ./Drivers/STM32H7xx_HAL_Driver/Src/stm32h7xx_hal_pwr_ex.o
 .comment       0x00000043       0x44 ./Drivers/STM32H7xx_HAL_Driver/Src/stm32h7xx_hal_rcc.o
 .comment       0x00000043       0x44 ./Drivers/STM32H7xx_HAL_Driver/Src/stm32h7xx_hal_rcc_ex.o
 .comment       0x00000043       0x44 ./Drivers/STM32H7xx_HAL_Driver/Src/stm32h7xx_hal_uart.o
 .comment       0x00000043       0x44 ./Drivers/STM32H7xx_HAL_Driver/Src/stm32h7xx_hal_uart_ex.o

.debug_frame    0x00000000     0x2f34
 .debug_frame   0x00000000       0x74 ./Core/GNSS/GNSS.o
 .debug_frame   0x00000074      0x1bc ./Core/GNSS/U-Blox_F9P_Driver/U-Blox_F9P_Driver.o
 .debug_frame   0x00000230       0xcc ./Core/Src/main.o
 .debug_frame   0x000002fc       0x84 ./Core/Src/stm32h7xx_hal_msp.o
 .debug_frame   0x00000380      0x104 ./Core/Src/stm32h7xx_it.o
 .debug_frame   0x00000484       0x58 ./Core/Src/system_stm32h7xx.o
 .debug_frame   0x000004dc       0x78 ./Core/SysTick_Timer/SysTick_Timer.o
 .debug_frame   0x00000554      0x760 ./Drivers/STM32H7xx_HAL_Driver/Src/stm32h7xx_hal.o
 .debug_frame   0x00000cb4      0x508 ./Drivers/STM32H7xx_HAL_Driver/Src/stm32h7xx_hal_cortex.o
 .debug_frame   0x000011bc      0x2b4 ./Drivers/STM32H7xx_HAL_Driver/Src/stm32h7xx_hal_dma.o
 .debug_frame   0x00001470      0x14c ./Drivers/STM32H7xx_HAL_Driver/Src/stm32h7xx_hal_gpio.o
 .debug_frame   0x000015bc      0x540 ./Drivers/STM32H7xx_HAL_Driver/Src/stm32h7xx_hal_pwr_ex.o
 .debug_frame   0x00001afc      0x1fc ./Drivers/STM32H7xx_HAL_Driver/Src/stm32h7xx_hal_rcc.o
 .debug_frame   0x00001cf8      0x414 ./Drivers/STM32H7xx_HAL_Driver/Src/stm32h7xx_hal_rcc_ex.o
 .debug_frame   0x0000210c      0xa94 ./Drivers/STM32H7xx_HAL_Driver/Src/stm32h7xx_hal_uart.o
 .debug_frame   0x00002ba0      0x2c0 ./Drivers/STM32H7xx_HAL_Driver/Src/stm32h7xx_hal_uart_ex.o
 .debug_frame   0x00002e60       0x20 C:/ST/STM32CubeIDE_1.16.0/STM32CubeIDE/plugins/com.st.stm32cube.ide.mcu.externaltools.gnu-tools-for-stm32.12.3.rel1.win32_1.0.200.202406191623/tools/bin/../lib/gcc/arm-none-eabi/12.3.1/../../../../arm-none-eabi/lib/thumb/v7e-m+dp/hard\libc_nano.a(libc_a-memset.o)
 .debug_frame   0x00002e80       0x2c C:/ST/STM32CubeIDE_1.16.0/STM32CubeIDE/plugins/com.st.stm32cube.ide.mcu.externaltools.gnu-tools-for-stm32.12.3.rel1.win32_1.0.200.202406191623/tools/bin/../lib/gcc/arm-none-eabi/12.3.1/../../../../arm-none-eabi/lib/thumb/v7e-m+dp/hard\libc_nano.a(libc_a-init.o)
 .debug_frame   0x00002eac       0x28 C:/ST/STM32CubeIDE_1.16.0/STM32CubeIDE/plugins/com.st.stm32cube.ide.mcu.externaltools.gnu-tools-for-stm32.12.3.rel1.win32_1.0.200.202406191623/tools/bin/../lib/gcc/arm-none-eabi/12.3.1/../../../../arm-none-eabi/lib/thumb/v7e-m+dp/hard\libc_nano.a(libc_a-memcpy-stub.o)
 .debug_frame   0x00002ed4       0x2c C:/ST/STM32CubeIDE_1.16.0/STM32CubeIDE/plugins/com.st.stm32cube.ide.mcu.externaltools.gnu-tools-for-stm32.12.3.rel1.win32_1.0.200.202406191623/tools/bin/../lib/gcc/arm-none-eabi/12.3.1/thumb/v7e-m+dp/hard\libgcc.a(_aeabi_uldivmod.o)
 .debug_frame   0x00002f00       0x34 C:/ST/STM32CubeIDE_1.16.0/STM32CubeIDE/plugins/com.st.stm32cube.ide.mcu.externaltools.gnu-tools-for-stm32.12.3.rel1.win32_1.0.200.202406191623/tools/bin/../lib/gcc/arm-none-eabi/12.3.1/thumb/v7e-m+dp/hard\libgcc.a(_udivmoddi4.o)

.debug_line_str
                0x00000000       0x49
 .debug_line_str
                0x00000000       0x49 ./Core/Startup/startup_stm32h723zgtx.o
