Archive member included to satisfy reference by file (symbol)

C:/ST/STM32CubeIDE_1.16.0/STM32CubeIDE/plugins/com.st.stm32cube.ide.mcu.externaltools.gnu-tools-for-stm32.12.3.rel1.win32_1.0.200.202406191623/tools/bin/../lib/gcc/arm-none-eabi/12.3.1/../../../../arm-none-eabi/lib/thumb/v7e-m+dp/hard\libc_nano.a(libc_a-exit.o)
                              C:/ST/STM32CubeIDE_1.16.0/STM32CubeIDE/plugins/com.st.stm32cube.ide.mcu.externaltools.gnu-tools-for-stm32.12.3.rel1.win32_1.0.200.202406191623/tools/bin/../lib/gcc/arm-none-eabi/12.3.1/../../../../arm-none-eabi/lib/thumb/v7e-m+dp/hard/crt0.o (exit)
C:/ST/STM32CubeIDE_1.16.0/STM32CubeIDE/plugins/com.st.stm32cube.ide.mcu.externaltools.gnu-tools-for-stm32.12.3.rel1.win32_1.0.200.202406191623/tools/bin/../lib/gcc/arm-none-eabi/12.3.1/../../../../arm-none-eabi/lib/thumb/v7e-m+dp/hard\libc_nano.a(libc_a-findfp.o)
                              C:/ST/STM32CubeIDE_1.16.0/STM32CubeIDE/plugins/com.st.stm32cube.ide.mcu.externaltools.gnu-tools-for-stm32.12.3.rel1.win32_1.0.200.202406191623/tools/bin/../lib/gcc/arm-none-eabi/12.3.1/../../../../arm-none-eabi/lib/thumb/v7e-m+dp/hard\libc_nano.a(libc_a-exit.o) (__stdio_exit_handler)
C:/ST/STM32CubeIDE_1.16.0/STM32CubeIDE/plugins/com.st.stm32cube.ide.mcu.externaltools.gnu-tools-for-stm32.12.3.rel1.win32_1.0.200.202406191623/tools/bin/../lib/gcc/arm-none-eabi/12.3.1/../../../../arm-none-eabi/lib/thumb/v7e-m+dp/hard\libc_nano.a(libc_a-fwalk.o)
                              C:/ST/STM32CubeIDE_1.16.0/STM32CubeIDE/plugins/com.st.stm32cube.ide.mcu.externaltools.gnu-tools-for-stm32.12.3.rel1.win32_1.0.200.202406191623/tools/bin/../lib/gcc/arm-none-eabi/12.3.1/../../../../arm-none-eabi/lib/thumb/v7e-m+dp/hard\libc_nano.a(libc_a-findfp.o) (_fwalk_sglue)
C:/ST/STM32CubeIDE_1.16.0/STM32CubeIDE/plugins/com.st.stm32cube.ide.mcu.externaltools.gnu-tools-for-stm32.12.3.rel1.win32_1.0.200.202406191623/tools/bin/../lib/gcc/arm-none-eabi/12.3.1/../../../../arm-none-eabi/lib/thumb/v7e-m+dp/hard\libc_nano.a(libc_a-stdio.o)
                              C:/ST/STM32CubeIDE_1.16.0/STM32CubeIDE/plugins/com.st.stm32cube.ide.mcu.externaltools.gnu-tools-for-stm32.12.3.rel1.win32_1.0.200.202406191623/tools/bin/../lib/gcc/arm-none-eabi/12.3.1/../../../../arm-none-eabi/lib/thumb/v7e-m+dp/hard\libc_nano.a(libc_a-findfp.o) (__sread)
C:/ST/STM32CubeIDE_1.16.0/STM32CubeIDE/plugins/com.st.stm32cube.ide.mcu.externaltools.gnu-tools-for-stm32.12.3.rel1.win32_1.0.200.202406191623/tools/bin/../lib/gcc/arm-none-eabi/12.3.1/../../../../arm-none-eabi/lib/thumb/v7e-m+dp/hard\libc_nano.a(libc_a-memset.o)
                              C:/ST/STM32CubeIDE_1.16.0/STM32CubeIDE/plugins/com.st.stm32cube.ide.mcu.externaltools.gnu-tools-for-stm32.12.3.rel1.win32_1.0.200.202406191623/tools/bin/../lib/gcc/arm-none-eabi/12.3.1/../../../../arm-none-eabi/lib/thumb/v7e-m+dp/hard/crt0.o (memset)
C:/ST/STM32CubeIDE_1.16.0/STM32CubeIDE/plugins/com.st.stm32cube.ide.mcu.externaltools.gnu-tools-for-stm32.12.3.rel1.win32_1.0.200.202406191623/tools/bin/../lib/gcc/arm-none-eabi/12.3.1/../../../../arm-none-eabi/lib/thumb/v7e-m+dp/hard\libc_nano.a(libc_a-closer.o)
                              C:/ST/STM32CubeIDE_1.16.0/STM32CubeIDE/plugins/com.st.stm32cube.ide.mcu.externaltools.gnu-tools-for-stm32.12.3.rel1.win32_1.0.200.202406191623/tools/bin/../lib/gcc/arm-none-eabi/12.3.1/../../../../arm-none-eabi/lib/thumb/v7e-m+dp/hard\libc_nano.a(libc_a-stdio.o) (_close_r)
C:/ST/STM32CubeIDE_1.16.0/STM32CubeIDE/plugins/com.st.stm32cube.ide.mcu.externaltools.gnu-tools-for-stm32.12.3.rel1.win32_1.0.200.202406191623/tools/bin/../lib/gcc/arm-none-eabi/12.3.1/../../../../arm-none-eabi/lib/thumb/v7e-m+dp/hard\libc_nano.a(libc_a-reent.o)
                              C:/ST/STM32CubeIDE_1.16.0/STM32CubeIDE/plugins/com.st.stm32cube.ide.mcu.externaltools.gnu-tools-for-stm32.12.3.rel1.win32_1.0.200.202406191623/tools/bin/../lib/gcc/arm-none-eabi/12.3.1/../../../../arm-none-eabi/lib/thumb/v7e-m+dp/hard\libc_nano.a(libc_a-closer.o) (errno)
C:/ST/STM32CubeIDE_1.16.0/STM32CubeIDE/plugins/com.st.stm32cube.ide.mcu.externaltools.gnu-tools-for-stm32.12.3.rel1.win32_1.0.200.202406191623/tools/bin/../lib/gcc/arm-none-eabi/12.3.1/../../../../arm-none-eabi/lib/thumb/v7e-m+dp/hard\libc_nano.a(libc_a-impure.o)
                              C:/ST/STM32CubeIDE_1.16.0/STM32CubeIDE/plugins/com.st.stm32cube.ide.mcu.externaltools.gnu-tools-for-stm32.12.3.rel1.win32_1.0.200.202406191623/tools/bin/../lib/gcc/arm-none-eabi/12.3.1/../../../../arm-none-eabi/lib/thumb/v7e-m+dp/hard\libc_nano.a(libc_a-reent.o) (_impure_ptr)
C:/ST/STM32CubeIDE_1.16.0/STM32CubeIDE/plugins/com.st.stm32cube.ide.mcu.externaltools.gnu-tools-for-stm32.12.3.rel1.win32_1.0.200.202406191623/tools/bin/../lib/gcc/arm-none-eabi/12.3.1/../../../../arm-none-eabi/lib/thumb/v7e-m+dp/hard\libc_nano.a(libc_a-lseekr.o)
[...]
Memory Configuration

Name             Origin             Length             Attributes
ITCMRAM          0x00000000         0x00010000         xrw
DTCMRAM          0x20000000         0x00020000         xrw
FLASH            0x08000000         0x00100000         xr
RAM_D1           0x24000000         0x00050000         xrw
RAM_D2           0x30000000         0x00008000         xrw
RAM_D3           0x38000000         0x00004000         xrw
*default*        0x00000000         0xffffffff

Linker script and memory map

LOAD C:/ST/STM32CubeIDE_1.16.0/STM32CubeIDE/plugins/com.st.stm32cube.ide.mcu.externaltools.gnu-tools-for-stm32.12.3.rel1.win32_1.0.200.202406191623/tools/bin/../lib/gcc/arm-none-eabi/12.3.1/thumb/v7e-m+dp/hard/crti.o
LOAD C:/ST/STM32CubeIDE_1.16.0/STM32CubeIDE/plugins/com.st.stm32cube.ide.mcu.externaltools.gnu-tools-for-stm32.12.3.rel1.win32_1.0.200.202406191623/tools/bin/../lib/gcc/arm-none-eabi/12.3.1/thumb/v7e-m+dp/hard/crtbegin.o
LOAD C:/ST/STM32CubeIDE_1.16.0/STM32CubeIDE/plugins/com.st.stm32cube.ide.mcu.externaltools.gnu-tools-for-stm32.12.3.rel1.win32_1.0.200.202406191623/tools/bin/../lib/gcc/arm-none-eabi/12.3.1/../../../../arm-none-eabi/lib/thumb/v7e-m+dp/hard/crt0.o
LOAD ./Core/GNSS/GNSS.o
LOAD ./Core/GNSS/U-Blox_F9P_Driver/U-Blox_F9P_Driver.o
LOAD ./Core/Src/main.o
LOAD ./Core/Src/stm32h7xx_hal_msp.o
LOAD ./Core/Src/stm32h7xx_it.o
LOAD ./Core/Src/syscalls.o
LOAD ./Core/Src/sysmem.o
LOAD ./Core/Src/system_stm32h7xx.o
LOAD ./Core/Startup/startup_stm32h723zgtx.o
LOAD ./Core/SysTick_Timer/SysTick_Timer.o
LOAD ./Drivers/STM32H7xx_HAL_Driver/Src/stm32h7xx_hal.o
LOAD ./Drivers/STM32H7xx_HAL_Driver/Src/stm32h7xx_hal_cortex.o
LOAD ./Drivers/STM32H7xx_HAL_Driver/Src/stm32h7xx_hal_dma.o
LOAD ./Drivers/STM32H7xx_HAL_Driver/Src/stm32h7xx_hal_dma_ex.o
LOAD ./Drivers/STM32H7xx_HAL_Driver/Src/stm32h7xx_hal_exti.o
LOAD ./Drivers/STM32H7xx_HAL_Driver/Src/stm32h7xx_hal_flash.o
LOAD ./Drivers/STM32H7xx_HAL_Driver/Src/stm32h7xx_hal_flash_ex.o
LOAD ./Drivers/STM32H7xx_HAL_Driver/Src/stm32h7xx_hal_gpio.o
LOAD ./Drivers/STM32H7xx_HAL_Driver/Src/stm32h7xx_hal_hsem.o
LOAD ./Drivers/STM32H7xx_HAL_Driver/Src/stm32h7xx_hal_i2c.o
LOAD ./Drivers/STM32H7xx_HAL_Driver/Src/stm32h7xx_hal_i2c_ex.o
LOAD ./Drivers/STM32H7xx_HAL_Driver/Src/stm32h7xx_hal_mdma.o
LOAD ./Drivers/STM32H7xx_HAL_Driver/Src/stm32h7xx_hal_pwr.o
LOAD ./Drivers/STM32H7xx_HAL_Driver/Src/stm32h7xx_hal_pwr_ex.o
LOAD ./Drivers/STM32H7xx_HAL_Driver/Src/stm32h7xx_hal_rcc.o
LOAD ./Drivers/STM32H7xx_HAL_Driver/Src/stm32h7xx_hal_rcc_ex.o
LOAD ./Drivers/STM32H7xx_HAL_Driver/Src/stm32h7xx_hal_tim.o
LOAD ./Drivers/STM32H7xx_HAL_Driver/Src/stm32h7xx_hal_tim_ex.o
LOAD ./Drivers/STM32H7xx_HAL_Driver/Src/stm32h7xx_hal_uart.o
LOAD ./Drivers/STM32H7xx_HAL_Driver/Src/stm32h7xx_hal_uart_ex.o
START GROUP
LOAD C:/ST/STM32CubeIDE_1.16.0/STM32CubeIDE/plugins/com.st.stm32cube.ide.mcu.externaltools.gnu-tools-for-stm32.12.3.rel1.win32_1.0.200.202406191623/tools/bin/../lib/gcc/arm-none-eabi/12.3.1/../../../../arm-none-eabi/lib/thumb/v7e-m+dp/hard\libc_nano.a
LOAD C:/ST/STM32CubeIDE_1.16.0/STM32CubeIDE/plugins/com.st.stm32cube.ide.mcu.externaltools.gnu-tools-for-stm32.12.3.rel1.win32_1.0.200.202406191623/tools/bin/../lib/gcc/arm-none-eabi/12.3.1/../../../../arm-none-eabi/lib/thumb/v7e-m+dp/hard\libm.a
END GROUP
START GROUP
LOAD C:/ST/STM32CubeIDE_1.16.0/STM32CubeIDE/plugins/com.st.stm32cube.ide.mcu.externaltools.gnu-tools-for-stm32.12.3.rel1.win32_1.0.200.202406191623/tools/bin/../lib/gcc/arm-none-eabi/12.3.1/thumb/v7e-m+dp/hard\libgcc.a
LOAD C:/ST/STM32CubeIDE_1.16.0/STM32CubeIDE/plugins/com.st.stm32cube.ide.mcu.externaltools.gnu-tools-for-stm32.12.3.rel1.win32_1.0.200.202406191623/tools/bin/../lib/gcc/arm-none-eabi/12.3.1/../../../../arm-none-eabi/lib/thumb/v7e-m+dp/hard\libc_nano.a
END GROUP
START GROUP
LOAD C:/ST/STM32CubeIDE_1.16.0/STM32CubeIDE/plugins/com.st.stm32cube.ide.mcu.externaltools.gnu-tools-for-stm32.12.3.rel1.win32_1.0.200.202406191623/tools/bin/../lib/gcc/arm-none-eabi/12.3.1/thumb/v7e-m+dp/hard\libgcc.a
LOAD C:/ST/STM32CubeIDE_1.16.0/STM32CubeIDE/plugins/com.st.stm32cube.ide.mcu.externaltools.gnu-tools-for-stm32.12.3.rel1.win32_1.0.200.202406191623/tools/bin/../lib/gcc/arm-none-eabi/12.3.1/../../../../arm-none-eabi/lib/thumb/v7e-m+dp/hard\libc_nano.a
LOAD C:/ST/STM32CubeIDE_1.16.0/STM32CubeIDE/plugins/com.st.stm32cube.ide.mcu.externaltools.gnu-tools-for-stm32.12.3.rel1.win32_1.0.200.202406191623/tools/bin/../lib/gcc/arm-none-eabi/12.3.1/../../../../arm-none-eabi/lib/thumb/v7e-m+dp/hard\libnosys.a
END GROUP
START GROUP
LOAD C:/ST/STM32CubeIDE_1.16.0/STM32CubeIDE/plugins/com.st.stm32cube.ide.mcu.externaltools.gnu-tools-for-stm32.12.3.rel1.win32_1.0.200.202406191623/tools/bin/../lib/gcc/arm-none-eabi/12.3.1/thumb/v7e-m+dp/hard\libgcc.a
LOAD C:/ST/STM32CubeIDE_1.16.0/STM32CubeIDE/plugins/com.st.stm32cube.ide.mcu.externaltools.gnu-tools-for-stm32.12.3.rel1.win32_1.0.200.202406191623/tools/bin/../lib/gcc/arm-none-eabi/12.3.1/../../../../arm-none-eabi/lib/thumb/v7e-m+dp/hard\libc_nano.a
LOAD C:/ST/STM32CubeIDE_1.16.0/STM32CubeIDE/plugins/com.st.stm32cube.ide.mcu.externaltools.gnu-tools-for-stm32.12.3.rel1.win32_1.0.200.202406191623/tools/bin/../lib/gcc/arm-none-eabi/12.3.1/../../../../arm-none-eabi/lib/thumb/v7e-m+dp/hard\libnosys.a
END GROUP
LOAD C:/ST/STM32CubeIDE_1.16.0/STM32CubeIDE/plugins/com.st.stm32cube.ide.mcu.externaltools.gnu-tools-for-stm32.12.3.rel1.win32_1.0.200.202406191623/tools/bin/../lib/gcc/arm-none-eabi/12.3.1/thumb/v7e-m+dp/hard/crtend.o
LOAD C:/ST/STM32CubeIDE_1.16.0/STM32CubeIDE/plugins/com.st.stm32cube.ide.mcu.externaltools.gnu-tools-for-stm32.12.3.rel1.win32_1.0.200.202406191623/tools/bin/../lib/gcc/arm-none-eabi/12.3.1/thumb/v7e-m+dp/hard/crtn.o
                0x24050000                        _estack = (ORIGIN (RAM_D1) + LENGTH (RAM_D1))
                0x00000200                        _Min_Heap_Size = 0x200
                0x00000400                        _Min_Stack_Size = 0x400

.isr_vector     0x08000000      0x2cc
                0x08000000                        . = ALIGN (0x4)
 *(.isr_vector)
 .isr_vector    0x08000000      0x2cc ./Core/Startup/startup_stm32h723zgtx.o
                0x08000000                g_pfnVectors
                0x080002cc                        . = ALIGN (0x4)

.text           0x080002cc     0x9418
                0x080002cc                        . = ALIGN (0x4)
 *(.text)
 .text          0x080002cc       0x40 C:/ST/STM32CubeIDE_1.16.0/STM32CubeIDE/plugins/com.st.stm32cube.ide.mcu.externaltools.gnu-tools-for-stm32.12.3.rel1.win32_1.0.200.202406191623/tools/bin/../lib/gcc/arm-none-eabi/12.3.1/thumb/v7e-m+dp/hard/crtbegin.o
 .text          0x0800030c       0x30 C:/ST/STM32CubeIDE_1.16.0/STM32CubeIDE/plugins/com.st.stm32cube.ide.mcu.externaltools.gnu-tools-for-stm32.12.3.rel1.win32_1.0.200.202406191623/tools/bin/../lib/gcc/arm-none-eabi/12.3.1/thumb/v7e-m+dp/hard\libgcc.a(_aeabi_uldivmod.o)
                0x0800030c                __aeabi_uldivmod
 .text          0x0800033c      0x2bc C:/ST/STM32CubeIDE_1.16.0/STM32CubeIDE/plugins/com.st.stm32cube.ide.mcu.externaltools.gnu-tools-for-stm32.12.3.rel1.win32_1.0.200.202406191623/tools/bin/../lib/gcc/arm-none-eabi/12.3.1/thumb/v7e-m+dp/hard\libgcc.a(_udivmoddi4.o)
                0x0800033c                __udivmoddi4
 .text          0x080005f8        0x4 C:/ST/STM32CubeIDE_1.16.0/STM32CubeIDE/plugins/com.st.stm32cube.ide.mcu.externaltools.gnu-tools-for-stm32.12.3.rel1.win32_1.0.200.202406191623/tools/bin/../lib/gcc/arm-none-eabi/12.3.1/thumb/v7e-m+dp/hard\libgcc.a(_dvmd_tls.o)
                0x080005f8                __aeabi_idiv0
                0x080005f8                __aeabi_ldiv0
 *(.text*)
 .text.GNSS_Tanimla
                0x080005fc       0xcc ./Core/GNSS/GNSS.o
                0x080005fc                GNSS_Tanimla
 .text.GNSS_Gorev
                0x080006c8      0x1fc ./Core/GNSS/GNSS.o
                0x080006c8                GNSS_Gorev
 .text.U_Blox_Init
                0x080008c4       0x30 ./Core/GNSS/U-Blox_F9P_Driver/U-Blox_F9P_Driver.o
                0x080008c4                U_Blox_Init
 .text.U_Blox_Task
                0x080008f4       0xf0 ./Core/GNSS/U-Blox_F9P_Driver/U-Blox_F9P_Driver.o
                0x080008f4                U_Blox_Task
 .text.U_Blox_Set_Frame
                0x080009e4       0x7c ./Core/GNSS/U-Blox_F9P_Driver/U-Blox_F9P_Driver.o
                0x080009e4                U_Blox_Set_Frame
 .text.U_Blox_Send_Frame
                0x08000a60       0x34 ./Core/GNSS/U-Blox_F9P_Driver/U-Blox_F9P_Driver.o
                0x08000a60                U_Blox_Send_Frame
 .text.U_Blox_Calculate_Checksum
                0x08000a94       0x62 ./Core/GNSS/U-Blox_F9P_Driver/U-Blox_F9P_Driver.o
                0x08000a94                U_Blox_Calculate_Checksum
 *fill*         0x08000af6        0x2 
 .text.U_Blox_Is_Packet_Ready
                0x08000af8       0x20 ./Core/GNSS/U-Blox_F9P_Driver/U-Blox_F9P_Driver.o
                0x08000af8                U_Blox_Is_Packet_Ready
 .text.U_Blox_Get_Package
                0x08000b18       0x74 ./Core/GNSS/U-Blox_F9P_Driver/U-Blox_F9P_Driver.o
                0x08000b18                U_Blox_Get_Package
 .text.HAL_UART_TxCpltCallback
                0x08000b8c       0x20 ./Core/GNSS/U-Blox_F9P_Driver/U-Blox_F9P_Driver.o
                0x08000b8c                HAL_UART_TxCpltCallback
 .text.HAL_UART_RxCpltCallback
                0x08000bac       0x24 ./Core/GNSS/U-Blox_F9P_Driver/U-Blox_F9P_Driver.o
                0x08000bac                HAL_UART_RxCpltCallback
 .text.GetRxBufferIndex
                0x08000bd0       0x34 ./Core/GNSS/U-Blox_F9P_Driver/U-Blox_F9P_Driver.o
                0x08000bd0                GetRxBufferIndex
 .text.main     0x08000c04       0x60 ./Core/Src/main.o
                0x08000c04                main
 .text.SystemClock_Config
                0x08000c64       0xdc ./Core/Src/main.o
                0x08000c64                SystemClock_Config
 .text.MX_USART3_UART_Init
                0x08000d40       0x98 ./Core/Src/main.o
 .text.MX_DMA_Init
                0x08000dd8       0x40 ./Core/Src/main.o
 .text.MX_GPIO_Init
                0x08000e18       0xd4 ./Core/Src/main.o
 .text.MPU_Config
                0x08000eec       0x58 ./Core/Src/main.o
 .text.Error_Handler
                0x08000f44        0xc ./Core/Src/main.o
                0x08000f44                Error_Handler
 .text.HAL_MspInit
                0x08000f50       0x34 ./Core/Src/stm32h7xx_hal_msp.o
                0x08000f50                HAL_MspInit
 .text.HAL_UART_MspInit
                0x08000f84      0x148 ./Core/Src/stm32h7xx_hal_msp.o
                0x08000f84                HAL_UART_MspInit
 .text.NMI_Handler
                0x080010cc        0x8 ./Core/Src/stm32h7xx_it.o
                0x080010cc                NMI_Handler
 .text.HardFault_Handler
                0x080010d4        0x8 ./Core/Src/stm32h7xx_it.o
                0x080010d4                HardFault_Handler
 .text.MemManage_Handler
                0x080010dc        0x8 ./Core/Src/stm32h7xx_it.o
                0x080010dc                MemManage_Handler
 .text.BusFault_Handler
                0x080010e4        0x8 ./Core/Src/stm32h7xx_it.o
                0x080010e4                BusFault_Handler
 .text.UsageFault_Handler
                0x080010ec        0x8 ./Core/Src/stm32h7xx_it.o
                0x080010ec                UsageFault_Handler
 .text.SVC_Handler
                0x080010f4        0xe ./Core/Src/stm32h7xx_it.o
                0x080010f4                SVC_Handler
 .text.DebugMon_Handler
                0x08001102        0xe ./Core/Src/stm32h7xx_it.o
                0x08001102                DebugMon_Handler
 .text.PendSV_Handler
                0x08001110        0xe ./Core/Src/stm32h7xx_it.o
                0x08001110                PendSV_Handler
 *fill*         0x0800111e        0x2 
 .text.DMA1_Stream0_IRQHandler
                0x08001120       0x14 ./Core/Src/stm32h7xx_it.o
                0x08001120                DMA1_Stream0_IRQHandler
 .text.USART3_IRQHandler
                0x08001134       0x14 ./Core/Src/stm32h7xx_it.o
                0x08001134                USART3_IRQHandler
 .text.HAL_UART_RxHalfCpltCallback
                0x08001148       0x14 ./Core/Src/stm32h7xx_it.o
                0x08001148                HAL_UART_RxHalfCpltCallback
 .text.SystemInit
                0x0800115c       0xf0 ./Core/Src/system_stm32h7xx.o
                0x0800115c                SystemInit
 .text.Reset_Handler
                0x0800124c       0x50 ./Core/Startup/startup_stm32h723zgtx.o
                0x0800124c                Reset_Handler
 .text.Default_Handler
                0x0800129c        0x2 ./Core/Startup/startup_stm32h723zgtx.o
                0x0800129c                RTC_Alarm_IRQHandler
                0x0800129c                EXTI2_IRQHandler
                0x0800129c                TIM8_CC_IRQHandler
                0x0800129c                UART8_IRQHandler
                0x0800129c                SPI4_IRQHandler
                0x0800129c                FDCAN3_IT0_IRQHandler
                0x0800129c                TIM1_CC_IRQHandler
                0x0800129c                BDMA_Channel6_IRQHandler
                0x0800129c                DMA2_Stream5_IRQHandler
                0x0800129c                DMA1_Stream5_IRQHandler
                0x0800129c                CORDIC_IRQHandler
                0x0800129c                BDMA_Channel1_IRQHandler
                0x0800129c                TAMP_STAMP_IRQHandler
                0x0800129c                EXTI3_IRQHandler
                0x0800129c                LPTIM4_IRQHandler
                0x0800129c                TIM8_TRG_COM_TIM14_IRQHandler
                0x0800129c                LPTIM2_IRQHandler
                0x0800129c                DFSDM1_FLT1_IRQHandler
                0x0800129c                DMAMUX2_OVR_IRQHandler
                0x0800129c                TIM8_UP_TIM13_IRQHandler
                0x0800129c                I2C3_ER_IRQHandler
                0x0800129c                DFSDM1_FLT2_IRQHandler
                0x0800129c                I2C5_EV_IRQHandler
                0x0800129c                USART10_IRQHandler
                0x0800129c                MDMA_IRQHandler
                0x0800129c                LPTIM3_IRQHandler
                0x0800129c                HSEM1_IRQHandler
                0x0800129c                EXTI0_IRQHandler
                0x0800129c                I2C2_EV_IRQHandler
                0x0800129c                DMA1_Stream2_IRQHandler
                0x0800129c                FPU_IRQHandler
                0x0800129c                OTG_HS_WKUP_IRQHandler
                0x0800129c                FDCAN1_IT1_IRQHandler
                0x0800129c                LTDC_ER_IRQHandler
                0x0800129c                DMA2_Stream2_IRQHandler
                0x0800129c                SPI1_IRQHandler
                0x0800129c                OCTOSPI1_IRQHandler
                0x0800129c                TIM6_DAC_IRQHandler
                0x0800129c                DMA2_Stream3_IRQHandler
                0x0800129c                OCTOSPI2_IRQHandler
                0x0800129c                DFSDM1_FLT3_IRQHandler
                0x0800129c                TIM23_IRQHandler
                0x0800129c                USART6_IRQHandler
                0x0800129c                TIM17_IRQHandler
                0x0800129c                BDMA_Channel7_IRQHandler
                0x0800129c                LPTIM5_IRQHandler
                0x0800129c                UART5_IRQHandler
                0x0800129c                ADC3_IRQHandler
                0x0800129c                DMA2_Stream0_IRQHandler
                0x0800129c                TIM4_IRQHandler
                0x0800129c                BDMA_Channel2_IRQHandler
                0x0800129c                I2C1_EV_IRQHandler
                0x0800129c                DMA1_Stream6_IRQHandler
                0x0800129c                DMAMUX1_OVR_IRQHandler
                0x0800129c                DMA1_Stream1_IRQHandler
                0x0800129c                TIM16_IRQHandler
                0x0800129c                UART4_IRQHandler
                0x0800129c                BDMA_Channel5_IRQHandler
                0x0800129c                TIM3_IRQHandler
                0x0800129c                RCC_IRQHandler
                0x0800129c                UART9_IRQHandler
                0x0800129c                TIM8_BRK_TIM12_IRQHandler
                0x0800129c                TIM1_TRG_COM_IRQHandler
                0x0800129c                Default_Handler
                0x0800129c                ECC_IRQHandler
                0x0800129c                FMAC_IRQHandler
                0x0800129c                CEC_IRQHandler
                0x0800129c                EXTI15_10_IRQHandler
                0x0800129c                BDMA_Channel0_IRQHandler
                0x0800129c                ADC_IRQHandler
                0x0800129c                I2C5_ER_IRQHandler
                0x0800129c                DMA1_Stream7_IRQHandler
                0x0800129c                SPI5_IRQHandler
                0x0800129c                TIM7_IRQHandler
                0x0800129c                FDCAN3_IT1_IRQHandler
                0x0800129c                SDMMC1_IRQHandler
                0x0800129c                TIM5_IRQHandler
                0x0800129c                DMA2_Stream7_IRQHandler
                0x0800129c                TIM15_IRQHandler
                0x0800129c                PVD_AVD_IRQHandler
                0x0800129c                I2C3_EV_IRQHandler
                0x0800129c                EXTI9_5_IRQHandler
                0x0800129c                RTC_WKUP_IRQHandler
                0x0800129c                LTDC_IRQHandler
                0x0800129c                ETH_WKUP_IRQHandler
                0x0800129c                SPDIF_RX_IRQHandler
                0x0800129c                SPI2_IRQHandler
                0x0800129c                OTG_HS_EP1_IN_IRQHandler
                0x0800129c                TIM24_IRQHandler
                0x0800129c                CRS_IRQHandler
                0x0800129c                EXTI4_IRQHandler
                0x0800129c                RNG_IRQHandler
                0x0800129c                FDCAN2_IT1_IRQHandler
                0x0800129c                ETH_IRQHandler
                0x0800129c                TIM1_UP_IRQHandler
                0x0800129c                BDMA_Channel4_IRQHandler
                0x0800129c                OTG_HS_EP1_OUT_IRQHandler
                0x0800129c                WWDG_IRQHandler
                0x0800129c                SPI6_IRQHandler
                0x0800129c                MDIOS_IRQHandler
                0x0800129c                I2C4_EV_IRQHandler
                0x0800129c                FDCAN2_IT0_IRQHandler
                0x0800129c                LPUART1_IRQHandler
                0x0800129c                FDCAN1_IT0_IRQHandler
                0x0800129c                TIM2_IRQHandler
                0x0800129c                OTG_HS_IRQHandler
                0x0800129c                DMA2D_IRQHandler
                0x0800129c                TIM1_BRK_IRQHandler
                0x0800129c                EXTI1_IRQHandler
                0x0800129c                SDMMC2_IRQHandler
                0x0800129c                BDMA_Channel3_IRQHandler
                0x0800129c                DTS_IRQHandler
                0x0800129c                UART7_IRQHandler
                0x0800129c                MDIOS_WKUP_IRQHandler
                0x0800129c                USART2_IRQHandler
                0x0800129c                DFSDM1_FLT0_IRQHandler
                0x0800129c                SAI4_IRQHandler
                0x0800129c                I2C2_ER_IRQHandler
                0x0800129c                DMA2_Stream1_IRQHandler
                0x0800129c                FLASH_IRQHandler
                0x0800129c                DMA2_Stream4_IRQHandler
                0x0800129c                USART1_IRQHandler
                0x0800129c                SPI3_IRQHandler
                0x0800129c                WAKEUP_PIN_IRQHandler
                0x0800129c                DMA1_Stream4_IRQHandler
                0x0800129c                I2C1_ER_IRQHandler
                0x0800129c                FMC_IRQHandler
                0x0800129c                FDCAN_CAL_IRQHandler
                0x0800129c                SWPMI1_IRQHandler
                0x0800129c                COMP1_IRQHandler
                0x0800129c                LPTIM1_IRQHandler
                0x0800129c                DCMI_PSSI_IRQHandler
                0x0800129c                I2C4_ER_IRQHandler
                0x0800129c                DMA2_Stream6_IRQHandler
                0x0800129c                SAI1_IRQHandler
                0x0800129c                DMA1_Stream3_IRQHandler
 *fill*         0x0800129e        0x2 
 .text.SystickGetMs
                0x080012a0       0x18 ./Core/SysTick_Timer/SysTick_Timer.o
                0x080012a0                SystickGetMs
 .text.SystickCheckMs
                0x080012b8       0x30 ./Core/SysTick_Timer/SysTick_Timer.o
                0x080012b8                SystickCheckMs
 .text.SysTick_Handler
                0x080012e8       0x1c ./Core/SysTick_Timer/SysTick_Timer.o
                0x080012e8                SysTick_Handler
 .text.HAL_Init
                0x08001304       0x78 ./Drivers/STM32H7xx_HAL_Driver/Src/stm32h7xx_hal.o
                0x08001304                HAL_Init
 .text.HAL_InitTick
                0x0800137c       0x6c ./Drivers/STM32H7xx_HAL_Driver/Src/stm32h7xx_hal.o
                0x0800137c                HAL_InitTick
 .text.HAL_GetTick
                0x080013e8       0x18 ./Drivers/STM32H7xx_HAL_Driver/Src/stm32h7xx_hal.o
                0x080013e8                HAL_GetTick
 .text.__NVIC_SetPriorityGrouping
                0x08001400       0x48 ./Drivers/STM32H7xx_HAL_Driver/Src/stm32h7xx_hal_cortex.o
 .text.__NVIC_GetPriorityGrouping
                0x08001448       0x1c ./Drivers/STM32H7xx_HAL_Driver/Src/stm32h7xx_hal_cortex.o
 .text.__NVIC_EnableIRQ
                0x08001464       0x3c ./Drivers/STM32H7xx_HAL_Driver/Src/stm32h7xx_hal_cortex.o
 .text.__NVIC_SetPriority
                0x080014a0       0x54 ./Drivers/STM32H7xx_HAL_Driver/Src/stm32h7xx_hal_cortex.o
 .text.NVIC_EncodePriority
                0x080014f4       0x66 ./Drivers/STM32H7xx_HAL_Driver/Src/stm32h7xx_hal_cortex.o
 *fill*         0x0800155a        0x2 
 .text.SysTick_Config
                0x0800155c       0x44 ./Drivers/STM32H7xx_HAL_Driver/Src/stm32h7xx_hal_cortex.o
 .text.HAL_NVIC_SetPriorityGrouping
                0x080015a0       0x16 ./Drivers/STM32H7xx_HAL_Driver/Src/stm32h7xx_hal_cortex.o
                0x080015a0                HAL_NVIC_SetPriorityGrouping
 .text.HAL_NVIC_SetPriority
                0x080015b6       0x34 ./Drivers/STM32H7xx_HAL_Driver/Src/stm32h7xx_hal_cortex.o
                0x080015b6                HAL_NVIC_SetPriority
 .text.HAL_NVIC_EnableIRQ
                0x080015ea       0x1c ./Drivers/STM32H7xx_HAL_Driver/Src/stm32h7xx_hal_cortex.o
                0x080015ea                HAL_NVIC_EnableIRQ
 .text.HAL_SYSTICK_Config
                0x08001606       0x18 ./Drivers/STM32H7xx_HAL_Driver/Src/stm32h7xx_hal_cortex.o
                0x08001606                HAL_SYSTICK_Config
 *fill*         0x0800161e        0x2 
 .text.HAL_MPU_Disable
                0x08001620       0x30 ./Drivers/STM32H7xx_HAL_Driver/Src/stm32h7xx_hal_cortex.o
                0x08001620                HAL_MPU_Disable
 .text.HAL_MPU_Enable
                0x08001650       0x40 ./Drivers/STM32H7xx_HAL_Driver/Src/stm32h7xx_hal_cortex.o
                0x08001650                HAL_MPU_Enable
 .text.HAL_MPU_ConfigRegion
                0x08001690       0x80 ./Drivers/STM32H7xx_HAL_Driver/Src/stm32h7xx_hal_cortex.o
                0x08001690                HAL_MPU_ConfigRegion
 .text.HAL_DMA_Init
                0x08001710      0x6b0 ./Drivers/STM32H7xx_HAL_Driver/Src/stm32h7xx_hal_dma.o
                0x08001710                HAL_DMA_Init
 .text.HAL_DMA_Start_IT
                0x08001dc0      0x4d4 ./Drivers/STM32H7xx_HAL_Driver/Src/stm32h7xx_hal_dma.o
                0x08001dc0                HAL_DMA_Start_IT
 .text.HAL_DMA_Abort
                0x08002294      0x63c ./Drivers/STM32H7xx_HAL_Driver/Src/stm32h7xx_hal_dma.o
                0x08002294                HAL_DMA_Abort
 .text.HAL_DMA_Abort_IT
                0x080028d0      0x48c ./Drivers/STM32H7xx_HAL_Driver/Src/stm32h7xx_hal_dma.o
                0x080028d0                HAL_DMA_Abort_IT
 .text.HAL_DMA_IRQHandler
                0x08002d5c      0xe54 ./Drivers/STM32H7xx_HAL_Driver/Src/stm32h7xx_hal_dma.o
                0x08002d5c                HAL_DMA_IRQHandler
 .text.HAL_DMA_GetError
                0x08003bb0       0x18 ./Drivers/STM32H7xx_HAL_Driver/Src/stm32h7xx_hal_dma.o
                0x08003bb0                HAL_DMA_GetError
 .text.DMA_SetConfig
                0x08003bc8      0x358 ./Drivers/STM32H7xx_HAL_Driver/Src/stm32h7xx_hal_dma.o
 .text.DMA_CalcBaseAndBitshift
                0x08003f20      0x164 ./Drivers/STM32H7xx_HAL_Driver/Src/stm32h7xx_hal_dma.o
 .text.DMA_CheckFifoParam
                0x08004084       0xf8 ./Drivers/STM32H7xx_HAL_Driver/Src/stm32h7xx_hal_dma.o
 .text.DMA_CalcDMAMUXChannelBaseAndMask
                0x0800417c      0x134 ./Drivers/STM32H7xx_HAL_Driver/Src/stm32h7xx_hal_dma.o
 .text.DMA_CalcDMAMUXRequestGenBaseAndMask
                0x080042b0       0xe8 ./Drivers/STM32H7xx_HAL_Driver/Src/stm32h7xx_hal_dma.o
 .text.HAL_GPIO_Init
                0x08004398      0x350 ./Drivers/STM32H7xx_HAL_Driver/Src/stm32h7xx_hal_gpio.o
                0x08004398                HAL_GPIO_Init
 .text.HAL_GPIO_WritePin
                0x080046e8       0x32 ./Drivers/STM32H7xx_HAL_Driver/Src/stm32h7xx_hal_gpio.o
                0x080046e8                HAL_GPIO_WritePin
 *fill*         0x0800471a        0x2 
 .text.HAL_PWREx_ConfigSupply
                0x0800471c       0x74 ./Drivers/STM32H7xx_HAL_Driver/Src/stm32h7xx_hal_pwr_ex.o
                0x0800471c                HAL_PWREx_ConfigSupply
 .text.HAL_RCC_OscConfig
                0x08004790      0x7b4 ./Drivers/STM32H7xx_HAL_Driver/Src/stm32h7xx_hal_rcc.o
                0x08004790                HAL_RCC_OscConfig
 .text.HAL_RCC_ClockConfig
                0x08004f44      0x36c ./Drivers/STM32H7xx_HAL_Driver/Src/stm32h7xx_hal_rcc.o
                0x08004f44                HAL_RCC_ClockConfig
 .text.HAL_RCC_GetSysClockFreq
                0x080052b0      0x2f4 ./Drivers/STM32H7xx_HAL_Driver/Src/stm32h7xx_hal_rcc.o
                0x080052b0                HAL_RCC_GetSysClockFreq
 .text.HAL_RCC_GetHCLKFreq
                0x080055a4       0x60 ./Drivers/STM32H7xx_HAL_Driver/Src/stm32h7xx_hal_rcc.o
                0x080055a4                HAL_RCC_GetHCLKFreq
 .text.HAL_RCC_GetPCLK1Freq
                0x08005604       0x2c ./Drivers/STM32H7xx_HAL_Driver/Src/stm32h7xx_hal_rcc.o
                0x08005604                HAL_RCC_GetPCLK1Freq
 .text.HAL_RCC_GetPCLK2Freq
                0x08005630       0x2c ./Drivers/STM32H7xx_HAL_Driver/Src/stm32h7xx_hal_rcc.o
                0x08005630                HAL_RCC_GetPCLK2Freq
 .text.HAL_RCCEx_PeriphCLKConfig
                0x0800565c     0x1340 ./Drivers/STM32H7xx_HAL_Driver/Src/stm32h7xx_hal_rcc_ex.o
                0x0800565c                HAL_RCCEx_PeriphCLKConfig
 .text.HAL_RCCEx_GetD3PCLK1Freq
                0x0800699c       0x2c ./Drivers/STM32H7xx_HAL_Driver/Src/stm32h7xx_hal_rcc_ex.o
                0x0800699c                HAL_RCCEx_GetD3PCLK1Freq
 .text.HAL_RCCEx_GetPLL2ClockFreq
                0x080069c8      0x2a8 ./Drivers/STM32H7xx_HAL_Driver/Src/stm32h7xx_hal_rcc_ex.o
                0x080069c8                HAL_RCCEx_GetPLL2ClockFreq
 .text.HAL_RCCEx_GetPLL3ClockFreq
                0x08006c70      0x2a8 ./Drivers/STM32H7xx_HAL_Driver/Src/stm32h7xx_hal_rcc_ex.o
                0x08006c70                HAL_RCCEx_GetPLL3ClockFreq
 .text.RCCEx_PLL2_Config
                0x08006f18      0x164 ./Drivers/STM32H7xx_HAL_Driver/Src/stm32h7xx_hal_rcc_ex.o
 .text.RCCEx_PLL3_Config
                0x0800707c      0x164 ./Drivers/STM32H7xx_HAL_Driver/Src/stm32h7xx_hal_rcc_ex.o
 .text.HAL_UART_Init
                0x080071e0       0xa0 ./Drivers/STM32H7xx_HAL_Driver/Src/stm32h7xx_hal_uart.o
                0x080071e0                HAL_UART_Init
 .text.HAL_UART_Transmit
                0x08007280      0x11c ./Drivers/STM32H7xx_HAL_Driver/Src/stm32h7xx_hal_uart.o
                0x08007280                HAL_UART_Transmit
 .text.HAL_UART_Transmit_DMA
                0x0800739c      0x100 ./Drivers/STM32H7xx_HAL_Driver/Src/stm32h7xx_hal_uart.o
                0x0800739c                HAL_UART_Transmit_DMA
 .text.HAL_UART_Receive_DMA
                0x0800749c       0x98 ./Drivers/STM32H7xx_HAL_Driver/Src/stm32h7xx_hal_uart.o
                0x0800749c                HAL_UART_Receive_DMA
 .text.HAL_UART_DMAStop
                0x08007534      0x12c ./Drivers/STM32H7xx_HAL_Driver/Src/stm32h7xx_hal_uart.o
                0x08007534                HAL_UART_DMAStop
 .text.HAL_UART_IRQHandler
                0x08007660      0x774 ./Drivers/STM32H7xx_HAL_Driver/Src/stm32h7xx_hal_uart.o
                0x08007660                HAL_UART_IRQHandler
 .text.HAL_UART_TxHalfCpltCallback
                0x08007dd4       0x14 ./Drivers/STM32H7xx_HAL_Driver/Src/stm32h7xx_hal_uart.o
                0x08007dd4                HAL_UART_TxHalfCpltCallback
 .text.HAL_UART_ErrorCallback
                0x08007de8       0x14 ./Drivers/STM32H7xx_HAL_Driver/Src/stm32h7xx_hal_uart.o
                0x08007de8                HAL_UART_ErrorCallback
 .text.HAL_UARTEx_RxEventCallback
                0x08007dfc       0x18 ./Drivers/STM32H7xx_HAL_Driver/Src/stm32h7xx_hal_uart.o
                0x08007dfc                HAL_UARTEx_RxEventCallback
 .text.UART_SetConfig
                0x08007e14      0xcd8 ./Drivers/STM32H7xx_HAL_Driver/Src/stm32h7xx_hal_uart.o
                0x08007e14                UART_SetConfig
 .text.UART_AdvFeatureConfig
                0x08008aec      0x144 ./Drivers/STM32H7xx_HAL_Driver/Src/stm32h7xx_hal_uart.o
                0x08008aec                UART_AdvFeatureConfig
 .text.UART_CheckIdleState
                0x08008c30      0x154 ./Drivers/STM32H7xx_HAL_Driver/Src/stm32h7xx_hal_uart.o
                0x08008c30                UART_CheckIdleState
 .text.UART_WaitOnFlagUntilTimeout
                0x08008d84       0xda ./Drivers/STM32H7xx_HAL_Driver/Src/stm32h7xx_hal_uart.o
                0x08008d84                UART_WaitOnFlagUntilTimeout
 *fill*         0x08008e5e        0x2 
 .text.UART_Start_Receive_DMA
                0x08008e60      0x14c ./Drivers/STM32H7xx_HAL_Driver/Src/stm32h7xx_hal_uart.o
                0x08008e60                UART_Start_Receive_DMA
 .text.UART_EndTxTransfer
                0x08008fac       0x82 ./Drivers/STM32H7xx_HAL_Driver/Src/stm32h7xx_hal_uart.o
 *fill*         0x0800902e        0x2 
 .text.UART_EndRxTransfer
                0x08009030       0xcc ./Drivers/STM32H7xx_HAL_Driver/Src/stm32h7xx_hal_uart.o
 .text.UART_DMATransmitCplt
                0x080090fc       0x96 ./Drivers/STM32H7xx_HAL_Driver/Src/stm32h7xx_hal_uart.o
 .text.UART_DMATxHalfCplt
                0x08009192       0x1c ./Drivers/STM32H7xx_HAL_Driver/Src/stm32h7xx_hal_uart.o
 .text.UART_DMAReceiveCplt
                0x080091ae      0x128 ./Drivers/STM32H7xx_HAL_Driver/Src/stm32h7xx_hal_uart.o
 .text.UART_DMARxHalfCplt
                0x080092d6       0x3e ./Drivers/STM32H7xx_HAL_Driver/Src/stm32h7xx_hal_uart.o
 .text.UART_DMAError
                0x08009314       0x80 ./Drivers/STM32H7xx_HAL_Driver/Src/stm32h7xx_hal_uart.o
 .text.UART_DMAAbortOnError
                0x08009394       0x2c ./Drivers/STM32H7xx_HAL_Driver/Src/stm32h7xx_hal_uart.o
 .text.UART_EndTransmit_IT
                0x080093c0       0x56 ./Drivers/STM32H7xx_HAL_Driver/Src/stm32h7xx_hal_uart.o
 .text.HAL_UARTEx_WakeupCallback
                0x08009416       0x14 ./Drivers/STM32H7xx_HAL_Driver/Src/stm32h7xx_hal_uart_ex.o
                0x08009416                HAL_UARTEx_WakeupCallback
 .text.HAL_UARTEx_RxFifoFullCallback
                0x0800942a       0x14 ./Drivers/STM32H7xx_HAL_Driver/Src/stm32h7xx_hal_uart_ex.o
                0x0800942a                HAL_UARTEx_RxFifoFullCallback
 .text.HAL_UARTEx_TxFifoEmptyCallback
                0x0800943e       0x14 ./Drivers/STM32H7xx_HAL_Driver/Src/stm32h7xx_hal_uart_ex.o
                0x0800943e                HAL_UARTEx_TxFifoEmptyCallback
 .text.HAL_UARTEx_DisableFifoMode
                0x08009452       0x72 ./Drivers/STM32H7xx_HAL_Driver/Src/stm32h7xx_hal_uart_ex.o
                0x08009452                HAL_UARTEx_DisableFifoMode
 .text.HAL_UARTEx_SetTxFifoThreshold
                0x080094c4       0x7c ./Drivers/STM32H7xx_HAL_Driver/Src/stm32h7xx_hal_uart_ex.o
                0x080094c4                HAL_UARTEx_SetTxFifoThreshold
 .text.HAL_UARTEx_SetRxFifoThreshold
                0x08009540       0x7c ./Drivers/STM32H7xx_HAL_Driver/Src/stm32h7xx_hal_uart_ex.o
                0x08009540                HAL_UARTEx_SetRxFifoThreshold
 .text.UARTEx_SetNbDataToProcess
                0x080095bc       0x9c ./Drivers/STM32H7xx_HAL_Driver/Src/stm32h7xx_hal_uart_ex.o
 .text.memset   0x08009658       0x10 C:/ST/STM32CubeIDE_1.16.0/STM32CubeIDE/plugins/com.st.stm32cube.ide.mcu.externaltools.gnu-tools-for-stm32.12.3.rel1.win32_1.0.200.202406191623/tools/bin/../lib/gcc/arm-none-eabi/12.3.1/../../../../arm-none-eabi/lib/thumb/v7e-m+dp/hard\libc_nano.a(libc_a-memset.o)
                0x08009658                memset
 .text.__libc_init_array
                0x08009668       0x48 C:/ST/STM32CubeIDE_1.16.0/STM32CubeIDE/plugins/com.st.stm32cube.ide.mcu.externaltools.gnu-tools-for-stm32.12.3.rel1.win32_1.0.200.202406191623/tools/bin/../lib/gcc/arm-none-eabi/12.3.1/../../../../arm-none-eabi/lib/thumb/v7e-m+dp/hard\libc_nano.a(libc_a-init.o)
                0x08009668                __libc_init_array
 .text.memcpy   0x080096b0       0x1c C:/ST/STM32CubeIDE_1.16.0/STM32CubeIDE/plugins/com.st.stm32cube.ide.mcu.externaltools.gnu-tools-for-stm32.12.3.rel1.win32_1.0.200.202406191623/tools/bin/../lib/gcc/arm-none-eabi/12.3.1/../../../../arm-none-eabi/lib/thumb/v7e-m+dp/hard\libc_nano.a(libc_a-memcpy-stub.o)
                0x080096b0                memcpy
 *(.glue_7)
 .glue_7        0x080096cc        0x0 linker stubs
 *(.glue_7t)
 .glue_7t       0x080096cc        0x0 linker stubs
 *(.eh_frame)
 .eh_frame      0x080096cc        0x0 C:/ST/STM32CubeIDE_1.16.0/STM32CubeIDE/plugins/com.st.stm32cube.ide.mcu.externaltools.gnu-tools-for-stm32.12.3.rel1.win32_1.0.200.202406191623/tools/bin/../lib/gcc/arm-none-eabi/12.3.1/thumb/v7e-m+dp/hard/crtbegin.o
 *(.init)
 .init          0x080096cc        0x4 C:/ST/STM32CubeIDE_1.16.0/STM32CubeIDE/plugins/com.st.stm32cube.ide.mcu.externaltools.gnu-tools-for-stm32.12.3.rel1.win32_1.0.200.202406191623/tools/bin/../lib/gcc/arm-none-eabi/12.3.1/thumb/v7e-m+dp/hard/crti.o
                0x080096cc                _init
 .init          0x080096d0        0x8 C:/ST/STM32CubeIDE_1.16.0/STM32CubeIDE/plugins/com.st.stm32cube.ide.mcu.externaltools.gnu-tools-for-stm32.12.3.rel1.win32_1.0.200.202406191623/tools/bin/../lib/gcc/arm-none-eabi/12.3.1/thumb/v7e-m+dp/hard/crtn.o
 *(.fini)
 .fini          0x080096d8        0x4 C:/ST/STM32CubeIDE_1.16.0/STM32CubeIDE/plugins/com.st.stm32cube.ide.mcu.externaltools.gnu-tools-for-stm32.12.3.rel1.win32_1.0.200.202406191623/tools/bin/../lib/gcc/arm-none-eabi/12.3.1/thumb/v7e-m+dp/hard/crti.o
                0x080096d8                _fini
 .fini          0x080096dc        0x8 C:/ST/STM32CubeIDE_1.16.0/STM32CubeIDE/plugins/com.st.stm32cube.ide.mcu.externaltools.gnu-tools-for-stm32.12.3.rel1.win32_1.0.200.202406191623/tools/bin/../lib/gcc/arm-none-eabi/12.3.1/thumb/v7e-m+dp/hard/crtn.o
                0x080096e4                        . = ALIGN (0x4)
                0x080096e4                        _etext = .

.vfp11_veneer   0x080096e4        0x0
 .vfp11_veneer  0x080096e4        0x0 linker stubs

.v4_bx          0x080096e4        0x0
 .v4_bx         0x080096e4        0x0 linker stubs

.iplt           0x080096e4        0x0
 .iplt          0x080096e4        0x0 C:/ST/STM32CubeIDE_1.16.0/STM32CubeIDE/plugins/com.st.stm32cube.ide.mcu.externaltools.gnu-tools-for-stm32.12.3.rel1.win32_1.0.200.202406191623/tools/bin/../lib/gcc/arm-none-eabi/12.3.1/thumb/v7e-m+dp/hard/crtbegin.o

.rodata         0x080096e4       0x40
                0x080096e4                        . = ALIGN (0x4)
 *(.rodata)
 *(.rodata*)
 .rodata.D1CorePrescTable
                0x080096e4       0x10 ./Core/Src/system_stm32h7xx.o
                0x080096e4                D1CorePrescTable
 .rodata.flagBitshiftOffset.0
                0x080096f4        0x8 ./Drivers/STM32H7xx_HAL_Driver/Src/stm32h7xx_hal_dma.o
 .rodata.UARTPrescTable
                0x080096fc       0x18 ./Drivers/STM32H7xx_HAL_Driver/Src/stm32h7xx_hal_uart.o
                0x080096fc                UARTPrescTable
 .rodata.numerator.1
                0x08009714        0x8 ./Drivers/STM32H7xx_HAL_Driver/Src/stm32h7xx_hal_uart_ex.o
 .rodata.denominator.0
                0x0800971c        0x8 ./Drivers/STM32H7xx_HAL_Driver/Src/stm32h7xx_hal_uart_ex.o
                0x08009724                        . = ALIGN (0x4)

.ARM.extab
 *(.ARM.extab* .gnu.linkonce.armextab.*)

.ARM            0x08009724        0x8
                0x08009724                        __exidx_start = .
 *(.ARM.exidx*)
 .ARM.exidx     0x08009724        0x8 C:/ST/STM32CubeIDE_1.16.0/STM32CubeIDE/plugins/com.st.stm32cube.ide.mcu.externaltools.gnu-tools-for-stm32.12.3.rel1.win32_1.0.200.202406191623/tools/bin/../lib/gcc/arm-none-eabi/12.3.1/thumb/v7e-m+dp/hard\libgcc.a(_udivmoddi4.o)
                0x0800972c                        __exidx_end = .

.preinit_array  0x0800972c        0x0
                0x0800972c                        PROVIDE (__preinit_array_start = .)
 *(.preinit_array*)
                0x0800972c                        PROVIDE (__preinit_array_end = .)

.init_array     0x0800972c        0x4
                0x0800972c                        PROVIDE (__init_array_start = .)
 *(SORT_BY_NAME(.init_array.*))
 *(.init_array*)
 .init_array    0x0800972c        0x4 C:/ST/STM32CubeIDE_1.16.0/STM32CubeIDE/plugins/com.st.stm32cube.ide.mcu.externaltools.gnu-tools-for-stm32.12.3.rel1.win32_1.0.200.202406191623/tools/bin/../lib/gcc/arm-none-eabi/12.3.1/thumb/v7e-m+dp/hard/crtbegin.o
                0x08009730                        PROVIDE (__init_array_end = .)

.fini_array     0x08009730        0x4
                [!provide]                        PROVIDE (__fini_array_start = .)
 *(SORT_BY_NAME(.fini_array.*))
 *(.fini_array*)
 .fini_array    0x08009730        0x4 C:/ST/STM32CubeIDE_1.16.0/STM32CubeIDE/plugins/com.st.stm32cube.ide.mcu.externaltools.gnu-tools-for-stm32.12.3.rel1.win32_1.0.200.202406191623/tools/bin/../lib/gcc/arm-none-eabi/12.3.1/thumb/v7e-m+dp/hard/crtbegin.o
                [!provide]                        PROVIDE (__fini_array_end = .)
                0x08009734                        _sidata = LOADADDR (.data)

.rel.dyn        0x08009734        0x0
 .rel.iplt      0x08009734        0x0 C:/ST/STM32CubeIDE_1.16.0/STM32CubeIDE/plugins/com.st.stm32cube.ide.mcu.externaltools.gnu-tools-for-stm32.12.3.rel1.win32_1.0.200.202406191623/tools/bin/../lib/gcc/arm-none-eabi/12.3.1/thumb/v7e-m+dp/hard/crtbegin.o

.data           0x24000000       0x10 load address 0x08009734
                0x24000000                        . = ALIGN (0x4)
                0x24000000                        _sdata = .
 *(.data)
 *(.data*)
 .data.SystemCoreClock
                0x24000000        0x4 ./Core/Src/system_stm32h7xx.o
                0x24000000                SystemCoreClock
 .data.SystemD2Clock
                0x24000004        0x4 ./Core/Src/system_stm32h7xx.o
                0x24000004                SystemD2Clock
 .data.uwTickPrio
                0x24000008        0x4 ./Drivers/STM32H7xx_HAL_Driver/Src/stm32h7xx_hal.o
                0x24000008                uwTickPrio
 .data.uwTickFreq
                0x2400000c        0x1 ./Drivers/STM32H7xx_HAL_Driver/Src/stm32h7xx_hal.o
                0x2400000c                uwTickFreq
 *(.RamFunc)
 *(.RamFunc*)
                0x24000010                        . = ALIGN (0x4)
 *fill*         0x2400000d        0x3 
                0x24000010                        _edata = .

.igot.plt       0x24000010        0x0 load address 0x08009744
 .igot.plt      0x24000010        0x0 C:/ST/STM32CubeIDE_1.16.0/STM32CubeIDE/plugins/com.st.stm32cube.ide.mcu.externaltools.gnu-tools-for-stm32.12.3.rel1.win32_1.0.200.202406191623/tools/bin/../lib/gcc/arm-none-eabi/12.3.1/thumb/v7e-m+dp/hard/crtbegin.o
                0x24000010                        . = ALIGN (0x4)

.bss            0x24000010      0xb34 load address 0x08009744
                0x24000010                        _sbss = .
                0x24000010                        __bss_start__ = _sbss
 *(.bss)
 .bss           0x24000010       0x1c C:/ST/STM32CubeIDE_1.16.0/STM32CubeIDE/plugins/com.st.stm32cube.ide.mcu.externaltools.gnu-tools-for-stm32.12.3.rel1.win32_1.0.200.202406191623/tools/bin/../lib/gcc/arm-none-eabi/12.3.1/thumb/v7e-m+dp/hard/crtbegin.o
 *(.bss*)
 .bss.U_Blox_frame_tx
                0x2400002c      0x1f8 ./Core/GNSS/GNSS.o
                0x2400002c                U_Blox_frame_tx
 .bss.U_Blox_frame_rx
                0x24000224      0x1f8 ./Core/GNSS/GNSS.o
                0x24000224                U_Blox_frame_rx
 .bss.zaman     0x2400041c        0x4 ./Core/GNSS/GNSS.o
 .bss.zamanlama.0
                0x24000420        0x4 ./Core/GNSS/GNSS.o
 .bss.U_Blox_frame_low_layer_transmit
                0x24000424      0x1fa ./Core/GNSS/U-Blox_F9P_Driver/U-Blox_F9P_Driver.o
                0x24000424                U_Blox_frame_low_layer_transmit
 *fill*         0x2400061e        0x2 
 .bss.U_Blox_Rx
                0x24000620      0x1f8 ./Core/GNSS/U-Blox_F9P_Driver/U-Blox_F9P_Driver.o
 .bss.U_Blox_Tx
                0x24000818      0x1f8 ./Core/GNSS/U-Blox_F9P_Driver/U-Blox_F9P_Driver.o
 .bss.huart3    0x24000a10       0x94 ./Core/Src/main.o
                0x24000a10                huart3
 .bss.hdma_usart3_rx
                0x24000aa4       0x78 ./Core/Src/main.o
                0x24000aa4                hdma_usart3_rx
 .bss.GNSS_t    0x24000b1c       0x1c ./Core/Src/main.o
                0x24000b1c                GNSS_t
 .bss.a         0x24000b38        0x4 ./Core/Src/main.o
                0x24000b38                a
 .bss.ms        0x24000b3c        0x4 ./Core/SysTick_Timer/SysTick_Timer.o
 .bss.uwTick    0x24000b40        0x4 ./Drivers/STM32H7xx_HAL_Driver/Src/stm32h7xx_hal.o
                0x24000b40                uwTick
 *(COMMON)
                0x24000b44                        . = ALIGN (0x4)
                0x24000b44                        _ebss = .
                0x24000b44                        __bss_end__ = _ebss

._user_heap_stack
                0x24000b44      0x604 load address 0x08009744
                0x24000b48                        . = ALIGN (0x8)
 *fill*         0x24000b44        0x4 
                [!provide]                        PROVIDE (end = .)
                0x24000b48                        PROVIDE (_end = .)
                0x24000d48                        . = (. + _Min_Heap_Size)
 *fill*         0x24000b48      0x200 
                0x24001148                        . = (. + _Min_Stack_Size)
 *fill*         0x24000d48      0x400 
                0x24001148                        . = ALIGN (0x8)

/DISCARD/
 libc.a(*)
 libm.a(*)
 libgcc.a(*)

.ARM.attributes
                0x00000000       0x2e
 *(.ARM.attributes)
 .ARM.attributes
                0x00000000       0x20 C:/ST/STM32CubeIDE_1.16.0/STM32CubeIDE/plugins/com.st.stm32cube.ide.mcu.externaltools.gnu-tools-for-stm32.12.3.rel1.win32_1.0.200.202406191623/tools/bin/../lib/gcc/arm-none-eabi/12.3.1/thumb/v7e-m+dp/hard/crti.o
 .ARM.attributes
                0x00000020       0x32 C:/ST/STM32CubeIDE_1.16.0/STM32CubeIDE/plugins/com.st.stm32cube.ide.mcu.externaltools.gnu-tools-for-stm32.12.3.rel1.win32_1.0.200.202406191623/tools/bin/../lib/gcc/arm-none-eabi/12.3.1/thumb/v7e-m+dp/hard/crtbegin.o
 .ARM.attributes
                0x00000052       0x32 ./Core/GNSS/GNSS.o
 .ARM.attributes
                0x00000084       0x32 ./Core/GNSS/U-Blox_F9P_Driver/U-Blox_F9P_Driver.o
 .ARM.attributes
                0x000000b6       0x32 ./Core/Src/main.o
 .ARM.attributes
                0x000000e8       0x32 ./Core/Src/stm32h7xx_hal_msp.o
 .ARM.attributes
                0x0000011a       0x32 ./Core/Src/stm32h7xx_it.o
 .ARM.attributes
                0x0000014c       0x32 ./Core/Src/system_stm32h7xx.o
 .ARM.attributes
                0x0000017e       0x21 ./Core/Startup/startup_stm32h723zgtx.o
 .ARM.attributes
                0x0000019f       0x32 ./Core/SysTick_Timer/SysTick_Timer.o
 .ARM.attributes
                0x000001d1       0x32 ./Drivers/STM32H7xx_HAL_Driver/Src/stm32h7xx_hal.o
 .ARM.attributes
                0x00000203       0x32 ./Drivers/STM32H7xx_HAL_Driver/Src/stm32h7xx_hal_cortex.o
 .ARM.attributes
                0x00000235       0x32 ./Drivers/STM32H7xx_HAL_Driver/Src/stm32h7xx_hal_dma.o
 .ARM.attributes
                0x00000267       0x32 ./Drivers/STM32H7xx_HAL_Driver/Src/stm32h7xx_hal_gpio.o
 .ARM.attributes
                0x00000299       0x32 ./Drivers/STM32H7xx_HAL_Driver/Src/stm32h7xx_hal_pwr_ex.o
 .ARM.attributes
                0x000002cb       0x32 ./Drivers/STM32H7xx_HAL_Driver/Src/stm32h7xx_hal_rcc.o
 .ARM.attributes
                0x000002fd       0x32 ./Drivers/STM32H7xx_HAL_Driver/Src/stm32h7xx_hal_rcc_ex.o
 .ARM.attributes
                0x0000032f       0x32 ./Drivers/STM32H7xx_HAL_Driver/Src/stm32h7xx_hal_uart.o
 .ARM.attributes
                0x00000361       0x32 ./Drivers/STM32H7xx_HAL_Driver/Src/stm32h7xx_hal_uart_ex.o
 .ARM.attributes
                0x00000393       0x32 C:/ST/STM32CubeIDE_1.16.0/STM32CubeIDE/plugins/com.st.stm32cube.ide.mcu.externaltools.gnu-tools-for-stm32.12.3.rel1.win32_1.0.200.202406191623/tools/bin/../lib/gcc/arm-none-eabi/12.3.1/../../../../arm-none-eabi/lib/thumb/v7e-m+dp/hard\libc_nano.a(libc_a-memset.o)
 .ARM.attributes
                0x000003c5       0x32 C:/ST/STM32CubeIDE_1.16.0/STM32CubeIDE/plugins/com.st.stm32cube.ide.mcu.externaltools.gnu-tools-for-stm32.12.3.rel1.win32_1.0.200.202406191623/tools/bin/../lib/gcc/arm-none-eabi/12.3.1/../../../../arm-none-eabi/lib/thumb/v7e-m+dp/hard\libc_nano.a(libc_a-init.o)
 .ARM.attributes
                0x000003f7       0x32 C:/ST/STM32CubeIDE_1.16.0/STM32CubeIDE/plugins/com.st.stm32cube.ide.mcu.externaltools.gnu-tools-for-stm32.12.3.rel1.win32_1.0.200.202406191623/tools/bin/../lib/gcc/arm-none-eabi/12.3.1/../../../../arm-none-eabi/lib/thumb/v7e-m+dp/hard\libc_nano.a(libc_a-memcpy-stub.o)
 .ARM.attributes
                0x00000429       0x20 C:/ST/STM32CubeIDE_1.16.0/STM32CubeIDE/plugins/com.st.stm32cube.ide.mcu.externaltools.gnu-tools-for-stm32.12.3.rel1.win32_1.0.200.202406191623/tools/bin/../lib/gcc/arm-none-eabi/12.3.1/thumb/v7e-m+dp/hard\libgcc.a(_aeabi_uldivmod.o)
 .ARM.attributes
                0x00000449       0x32 C:/ST/STM32CubeIDE_1.16.0/STM32CubeIDE/plugins/com.st.stm32cube.ide.mcu.externaltools.gnu-tools-for-stm32.12.3.rel1.win32_1.0.200.202406191623/tools/bin/../lib/gcc/arm-none-eabi/12.3.1/thumb/v7e-m+dp/hard\libgcc.a(_udivmoddi4.o)
 .ARM.attributes
                0x0000047b       0x20 C:/ST/STM32CubeIDE_1.16.0/STM32CubeIDE/plugins/com.st.stm32cube.ide.mcu.externaltools.gnu-tools-for-stm32.12.3.rel1.win32_1.0.200.202406191623/tools/bin/../lib/gcc/arm-none-eabi/12.3.1/thumb/v7e-m+dp/hard\libgcc.a(_dvmd_tls.o)
 .ARM.attributes
                0x0000049b       0x20 C:/ST/STM32CubeIDE_1.16.0/STM32CubeIDE/plugins/com.st.stm32cube.ide.mcu.externaltools.gnu-tools-for-stm32.12.3.rel1.win32_1.0.200.202406191623/tools/bin/../lib/gcc/arm-none-eabi/12.3.1/thumb/v7e-m+dp/hard/crtn.o
OUTPUT(GNSS_Driver.elf elf32-littlearm)
LOAD linker stubs
LOAD C:/ST/STM32CubeIDE_1.16.0/STM32CubeIDE/plugins/com.st.stm32cube.ide.mcu.externaltools.gnu-tools-for-stm32.12.3.rel1.win32_1.0.200.202406191623/tools/bin/../lib/gcc/arm-none-eabi/12.3.1/../../../../arm-none-eabi/lib/thumb/v7e-m+dp/hard\libc.a
LOAD C:/ST/STM32CubeIDE_1.16.0/STM32CubeIDE/plugins/com.st.stm32cube.ide.mcu.externaltools.gnu-tools-for-stm32.12.3.rel1.win32_1.0.200.202406191623/tools/bin/../lib/gcc/arm-none-eabi/12.3.1/../../../../arm-none-eabi/lib/thumb/v7e-m+dp/hard\libm.a
LOAD C:/ST/STM32CubeIDE_1.16.0/STM32CubeIDE/plugins/com.st.stm32cube.ide.mcu.externaltools.gnu-tools-for-stm32.12.3.rel1.win32_1.0.200.202406191623/tools/bin/../lib/gcc/arm-none-eabi/12.3.1/thumb/v7e-m+dp/hard\libgcc.a

.debug_info     0x00000000    0x1269a
 .debug_info    0x00000000      0xa45 ./Core/GNSS/GNSS.o
 .debug_info    0x00000a45     0x13d6 ./Core/GNSS/U-Blox_F9P_Driver/U-Blox_F9P_Driver.o
 .debug_info    0x00001e1b     0x17e7 ./Core/Src/main.o
 .debug_info    0x00003602     0x14a5 ./Core/Src/stm32h7xx_hal_msp.o
 .debug_info    0x00004aa7      0x86a ./Core/Src/stm32h7xx_it.o
 .debug_info    0x00005311      0xb2e ./Core/Src/system_stm32h7xx.o
 .debug_info    0x00005e3f       0x30 ./Core/Startup/startup_stm32h723zgtx.o
 .debug_info    0x00005e6f      0x12b ./Core/SysTick_Timer/SysTick_Timer.o
 .debug_info    0x00005f9a     0x1698 ./Drivers/STM32H7xx_HAL_Driver/Src/stm32h7xx_hal.o
 .debug_info    0x00007632     0x10a0 ./Drivers/STM32H7xx_HAL_Driver/Src/stm32h7xx_hal_cortex.o
 .debug_info    0x000086d2      0xb67 ./Drivers/STM32H7xx_HAL_Driver/Src/stm32h7xx_hal_dma.o
 .debug_info    0x00009239      0xc5c ./Drivers/STM32H7xx_HAL_Driver/Src/stm32h7xx_hal_gpio.o
 .debug_info    0x00009e95      0xdc4 ./Drivers/STM32H7xx_HAL_Driver/Src/stm32h7xx_hal_pwr_ex.o
 .debug_info    0x0000ac59      0xd73 ./Drivers/STM32H7xx_HAL_Driver/Src/stm32h7xx_hal_rcc.o
 .debug_info    0x0000b9cc     0x11fc ./Drivers/STM32H7xx_HAL_Driver/Src/stm32h7xx_hal_rcc_ex.o
 .debug_info    0x0000cbc8     0x4b13 ./Drivers/STM32H7xx_HAL_Driver/Src/stm32h7xx_hal_uart.o
 .debug_info    0x000116db      0xfbf ./Drivers/STM32H7xx_HAL_Driver/Src/stm32h7xx_hal_uart_ex.o

.debug_abbrev   0x00000000     0x25f6
 .debug_abbrev  0x00000000      0x237 ./Core/GNSS/GNSS.o
 .debug_abbrev  0x00000237      0x33b ./Core/GNSS/U-Blox_F9P_Driver/U-Blox_F9P_Driver.o
 .debug_abbrev  0x00000572      0x2f3 ./Core/Src/main.o
 .debug_abbrev  0x00000865      0x220 ./Core/Src/stm32h7xx_hal_msp.o
 .debug_abbrev  0x00000a85      0x18a ./Core/Src/stm32h7xx_it.o
 .debug_abbrev  0x00000c0f      0x13a ./Core/Src/system_stm32h7xx.o
 .debug_abbrev  0x00000d49       0x24 ./Core/Startup/startup_stm32h723zgtx.o
 .debug_abbrev  0x00000d6d       0xae ./Core/SysTick_Timer/SysTick_Timer.o
 .debug_abbrev  0x00000e1b      0x29e ./Drivers/STM32H7xx_HAL_Driver/Src/stm32h7xx_hal.o
 .debug_abbrev  0x000010b9      0x339 ./Drivers/STM32H7xx_HAL_Driver/Src/stm32h7xx_hal_cortex.o
 .debug_abbrev  0x000013f2      0x248 ./Drivers/STM32H7xx_HAL_Driver/Src/stm32h7xx_hal_dma.o
 .debug_abbrev  0x0000163a      0x1fe ./Drivers/STM32H7xx_HAL_Driver/Src/stm32h7xx_hal_gpio.o
 .debug_abbrev  0x00001838      0x295 ./Drivers/STM32H7xx_HAL_Driver/Src/stm32h7xx_hal_pwr_ex.o
 .debug_abbrev  0x00001acd      0x2b1 ./Drivers/STM32H7xx_HAL_Driver/Src/stm32h7xx_hal_rcc.o
 .debug_abbrev  0x00001d7e      0x269 ./Drivers/STM32H7xx_HAL_Driver/Src/stm32h7xx_hal_rcc_ex.o
 .debug_abbrev  0x00001fe7      0x33d ./Drivers/STM32H7xx_HAL_Driver/Src/stm32h7xx_hal_uart.o
 .debug_abbrev  0x00002324      0x2d2 ./Drivers/STM32H7xx_HAL_Driver/Src/stm32h7xx_hal_uart_ex.o

.debug_aranges  0x00000000      0xbe8
 .debug_aranges
                0x00000000       0x30 ./Core/GNSS/GNSS.o
 .debug_aranges
                0x00000030       0xa0 ./Core/GNSS/U-Blox_F9P_Driver/U-Blox_F9P_Driver.o
 .debug_aranges
                0x000000d0       0x50 ./Core/Src/main.o
 .debug_aranges
                0x00000120       0x30 ./Core/Src/stm32h7xx_hal_msp.o
 .debug_aranges
                0x00000150       0x70 ./Core/Src/stm32h7xx_it.o
 .debug_aranges
                0x000001c0       0x28 ./Core/Src/system_stm32h7xx.o
 .debug_aranges
                0x000001e8       0x28 ./Core/Startup/startup_stm32h723zgtx.o
 .debug_aranges
                0x00000210       0x30 ./Core/SysTick_Timer/SysTick_Timer.o
 .debug_aranges
                0x00000240      0x1c8 ./Drivers/STM32H7xx_HAL_Driver/Src/stm32h7xx_hal.o
 .debug_aranges
                0x00000408      0x130 ./Drivers/STM32H7xx_HAL_Driver/Src/stm32h7xx_hal_cortex.o
 .debug_aranges
                0x00000538       0xa0 ./Drivers/STM32H7xx_HAL_Driver/Src/stm32h7xx_hal_dma.o
 .debug_aranges
                0x000005d8       0x58 ./Drivers/STM32H7xx_HAL_Driver/Src/stm32h7xx_hal_gpio.o
 .debug_aranges
                0x00000630      0x148 ./Drivers/STM32H7xx_HAL_Driver/Src/stm32h7xx_hal_pwr_ex.o
 .debug_aranges
                0x00000778       0x88 ./Drivers/STM32H7xx_HAL_Driver/Src/stm32h7xx_hal_rcc.o
 .debug_aranges
                0x00000800       0xf8 ./Drivers/STM32H7xx_HAL_Driver/Src/stm32h7xx_hal_rcc_ex.o
 .debug_aranges
                0x000008f8      0x248 ./Drivers/STM32H7xx_HAL_Driver/Src/stm32h7xx_hal_uart.o
 .debug_aranges
                0x00000b40       0xa8 ./Drivers/STM32H7xx_HAL_Driver/Src/stm32h7xx_hal_uart_ex.o

.debug_rnglists
                0x00000000      0x91e
 .debug_rnglists
                0x00000000       0x22 ./Core/GNSS/GNSS.o
 .debug_rnglists
                0x00000022       0x74 ./Core/GNSS/U-Blox_F9P_Driver/U-Blox_F9P_Driver.o
 .debug_rnglists
                0x00000096       0x3a ./Core/Src/main.o
 .debug_rnglists
                0x000000d0       0x20 ./Core/Src/stm32h7xx_hal_msp.o
 .debug_rnglists
                0x000000f0       0x4f ./Core/Src/stm32h7xx_it.o
 .debug_rnglists
                0x0000013f       0x1b ./Core/Src/system_stm32h7xx.o
 .debug_rnglists
                0x0000015a       0x19 ./Core/Startup/startup_stm32h723zgtx.o
 .debug_rnglists
                0x00000173       0x1f ./Core/SysTick_Timer/SysTick_Timer.o
 .debug_rnglists
                0x00000192      0x155 ./Drivers/STM32H7xx_HAL_Driver/Src/stm32h7xx_hal.o
 .debug_rnglists
                0x000002e7       0xe0 ./Drivers/STM32H7xx_HAL_Driver/Src/stm32h7xx_hal_cortex.o
 .debug_rnglists
                0x000003c7       0x82 ./Drivers/STM32H7xx_HAL_Driver/Src/stm32h7xx_hal_dma.o
 .debug_rnglists
                0x00000449       0x3f ./Drivers/STM32H7xx_HAL_Driver/Src/stm32h7xx_hal_gpio.o
 .debug_rnglists
                0x00000488       0xf5 ./Drivers/STM32H7xx_HAL_Driver/Src/stm32h7xx_hal_pwr_ex.o
 .debug_rnglists
                0x0000057d       0x68 ./Drivers/STM32H7xx_HAL_Driver/Src/stm32h7xx_hal_rcc.o
 .debug_rnglists
                0x000005e5       0xc0 ./Drivers/STM32H7xx_HAL_Driver/Src/stm32h7xx_hal_rcc_ex.o
 .debug_rnglists
                0x000006a5      0x1fa ./Drivers/STM32H7xx_HAL_Driver/Src/stm32h7xx_hal_uart.o
 .debug_rnglists
                0x0000089f       0x7f ./Drivers/STM32H7xx_HAL_Driver/Src/stm32h7xx_hal_uart_ex.o

.debug_macro    0x00000000    0x31984
 .debug_macro   0x00000000       0x80 ./Core/GNSS/GNSS.o
 .debug_macro   0x00000080      0xacc ./Core/GNSS/GNSS.o
 .debug_macro   0x00000b4c       0x22 ./Core/GNSS/GNSS.o
 .debug_macro   0x00000b6e       0x8e ./Core/GNSS/GNSS.o
 .debug_macro   0x00000bfc       0x51 ./Core/GNSS/GNSS.o
 .debug_macro   0x00000c4d      0x103 ./Core/GNSS/GNSS.o
 .debug_macro   0x00000d50       0x6a ./Core/GNSS/GNSS.o
 .debug_macro   0x00000dba      0x1df ./Core/GNSS/GNSS.o
 .debug_macro   0x00000f99       0x3a ./Core/GNSS/GNSS.o
 .debug_macro   0x00000fd3      0x2d3 ./Core/GNSS/U-Blox_F9P_Driver/U-Blox_F9P_Driver.o
 .debug_macro   0x000012a6       0x34 ./Core/GNSS/U-Blox_F9P_Driver/U-Blox_F9P_Driver.o
 .debug_macro   0x000012da       0x2e ./Core/GNSS/U-Blox_F9P_Driver/U-Blox_F9P_Driver.o
 .debug_macro   0x00001308       0x3b ./Core/GNSS/U-Blox_F9P_Driver/U-Blox_F9P_Driver.o
 .debug_macro   0x00001343       0x1c ./Core/GNSS/U-Blox_F9P_Driver/U-Blox_F9P_Driver.o
 .debug_macro   0x0000135f       0x22 ./Core/GNSS/U-Blox_F9P_Driver/U-Blox_F9P_Driver.o
 .debug_macro   0x00001381       0xfb ./Core/GNSS/U-Blox_F9P_Driver/U-Blox_F9P_Driver.o
 .debug_macro   0x0000147c     0x1305 ./Core/GNSS/U-Blox_F9P_Driver/U-Blox_F9P_Driver.o
 .debug_macro   0x00002781      0x11f ./Core/GNSS/U-Blox_F9P_Driver/U-Blox_F9P_Driver.o
 .debug_macro   0x000028a0       0x27 ./Core/GNSS/U-Blox_F9P_Driver/U-Blox_F9P_Driver.o
 .debug_macro   0x000028c7    0x2127f ./Core/GNSS/U-Blox_F9P_Driver/U-Blox_F9P_Driver.o
 .debug_macro   0x00023b46       0x6d ./Core/GNSS/U-Blox_F9P_Driver/U-Blox_F9P_Driver.o
 .debug_macro   0x00023bb3      0x232 ./Core/GNSS/U-Blox_F9P_Driver/U-Blox_F9P_Driver.o
 .debug_macro   0x00023de5     0x3d64 ./Core/GNSS/U-Blox_F9P_Driver/U-Blox_F9P_Driver.o
 .debug_macro   0x00027b49      0x189 ./Core/GNSS/U-Blox_F9P_Driver/U-Blox_F9P_Driver.o
 .debug_macro   0x00027cd2       0x61 ./Core/GNSS/U-Blox_F9P_Driver/U-Blox_F9P_Driver.o
 .debug_macro   0x00027d33       0x29 ./Core/GNSS/U-Blox_F9P_Driver/U-Blox_F9P_Driver.o
 .debug_macro   0x00027d5c       0x43 ./Core/GNSS/U-Blox_F9P_Driver/U-Blox_F9P_Driver.o
 .debug_macro   0x00027d9f       0x34 ./Core/GNSS/U-Blox_F9P_Driver/U-Blox_F9P_Driver.o
 .debug_macro   0x00027dd3       0x16 ./Core/GNSS/U-Blox_F9P_Driver/U-Blox_F9P_Driver.o
 .debug_macro   0x00027de9       0x43 ./Core/GNSS/U-Blox_F9P_Driver/U-Blox_F9P_Driver.o
 .debug_macro   0x00027e2c       0x34 ./Core/GNSS/U-Blox_F9P_Driver/U-Blox_F9P_Driver.o
 .debug_macro   0x00027e60       0x10 ./Core/GNSS/U-Blox_F9P_Driver/U-Blox_F9P_Driver.o
 .debug_macro   0x00027e70       0x58 ./Core/GNSS/U-Blox_F9P_Driver/U-Blox_F9P_Driver.o
 .debug_macro   0x00027ec8       0x8e ./Core/GNSS/U-Blox_F9P_Driver/U-Blox_F9P_Driver.o
 .debug_macro   0x00027f56       0x1c ./Core/GNSS/U-Blox_F9P_Driver/U-Blox_F9P_Driver.o
 .debug_macro   0x00027f72      0x177 ./Core/GNSS/U-Blox_F9P_Driver/U-Blox_F9P_Driver.o
 .debug_macro   0x000280e9      0x369 ./Core/GNSS/U-Blox_F9P_Driver/U-Blox_F9P_Driver.o
 .debug_macro   0x00028452      0x19b ./Core/GNSS/U-Blox_F9P_Driver/U-Blox_F9P_Driver.o
 .debug_macro   0x000285ed       0x5d ./Core/GNSS/U-Blox_F9P_Driver/U-Blox_F9P_Driver.o
 .debug_macro   0x0002864a     0x2462 ./Core/GNSS/U-Blox_F9P_Driver/U-Blox_F9P_Driver.o
 .debug_macro   0x0002aaac     0x1079 ./Core/GNSS/U-Blox_F9P_Driver/U-Blox_F9P_Driver.o
 .debug_macro   0x0002bb25      0x154 ./Core/GNSS/U-Blox_F9P_Driver/U-Blox_F9P_Driver.o
 .debug_macro   0x0002bc79      0x114 ./Core/GNSS/U-Blox_F9P_Driver/U-Blox_F9P_Driver.o
 .debug_macro   0x0002bd8d      0x3fc ./Core/GNSS/U-Blox_F9P_Driver/U-Blox_F9P_Driver.o
 .debug_macro   0x0002c189       0xac ./Core/GNSS/U-Blox_F9P_Driver/U-Blox_F9P_Driver.o
 .debug_macro   0x0002c235      0x788 ./Core/GNSS/U-Blox_F9P_Driver/U-Blox_F9P_Driver.o
 .debug_macro   0x0002c9bd      0x228 ./Core/GNSS/U-Blox_F9P_Driver/U-Blox_F9P_Driver.o
 .debug_macro   0x0002cbe5       0x66 ./Core/GNSS/U-Blox_F9P_Driver/U-Blox_F9P_Driver.o
 .debug_macro   0x0002cc4b      0x3a6 ./Core/GNSS/U-Blox_F9P_Driver/U-Blox_F9P_Driver.o
 .debug_macro   0x0002cff1      0x3f9 ./Core/GNSS/U-Blox_F9P_Driver/U-Blox_F9P_Driver.o
 .debug_macro   0x0002d3ea      0x275 ./Core/GNSS/U-Blox_F9P_Driver/U-Blox_F9P_Driver.o
 .debug_macro   0x0002d65f      0x3ca ./Core/GNSS/U-Blox_F9P_Driver/U-Blox_F9P_Driver.o
 .debug_macro   0x0002da29      0x45c ./Core/GNSS/U-Blox_F9P_Driver/U-Blox_F9P_Driver.o
 .debug_macro   0x0002de85       0x3c ./Core/GNSS/U-Blox_F9P_Driver/U-Blox_F9P_Driver.o
 .debug_macro   0x0002dec1       0x4a ./Core/GNSS/U-Blox_F9P_Driver/U-Blox_F9P_Driver.o
 .debug_macro   0x0002df0b      0x22c ./Core/GNSS/U-Blox_F9P_Driver/U-Blox_F9P_Driver.o
 .debug_macro   0x0002e137       0x67 ./Core/GNSS/U-Blox_F9P_Driver/U-Blox_F9P_Driver.o
 .debug_macro   0x0002e19e       0xa5 ./Core/GNSS/U-Blox_F9P_Driver/U-Blox_F9P_Driver.o
 .debug_macro   0x0002e243      0x1c4 ./Core/GNSS/U-Blox_F9P_Driver/U-Blox_F9P_Driver.o
 .debug_macro   0x0002e407      0x22a ./Core/GNSS/U-Blox_F9P_Driver/U-Blox_F9P_Driver.o
 .debug_macro   0x0002e631       0x35 ./Core/GNSS/U-Blox_F9P_Driver/U-Blox_F9P_Driver.o
 .debug_macro   0x0002e666      0x693 ./Core/GNSS/U-Blox_F9P_Driver/U-Blox_F9P_Driver.o
 .debug_macro   0x0002ecf9       0xa6 ./Core/GNSS/U-Blox_F9P_Driver/U-Blox_F9P_Driver.o
 .debug_macro   0x0002ed9f      0x5e6 ./Core/GNSS/U-Blox_F9P_Driver/U-Blox_F9P_Driver.o
 .debug_macro   0x0002f385       0x16 ./Core/GNSS/U-Blox_F9P_Driver/U-Blox_F9P_Driver.o
 .debug_macro   0x0002f39b       0x35 ./Core/GNSS/U-Blox_F9P_Driver/U-Blox_F9P_Driver.o
 .debug_macro   0x0002f3d0       0x20 ./Core/GNSS/U-Blox_F9P_Driver/U-Blox_F9P_Driver.o
 .debug_macro   0x0002f3f0      0x2a8 ./Core/Src/main.o
 .debug_macro   0x0002f698      0x29e ./Core/Src/stm32h7xx_hal_msp.o
 .debug_macro   0x0002f936      0x2b1 ./Core/Src/stm32h7xx_it.o
 .debug_macro   0x0002fbe7      0x294 ./Core/Src/system_stm32h7xx.o
 .debug_macro   0x0002fe7b      0x29e ./Core/SysTick_Timer/SysTick_Timer.o
 .debug_macro   0x00030119      0x2be ./Drivers/STM32H7xx_HAL_Driver/Src/stm32h7xx_hal.o
 .debug_macro   0x000303d7      0x294 ./Drivers/STM32H7xx_HAL_Driver/Src/stm32h7xx_hal_cortex.o
 .debug_macro   0x0003066b      0x2e8 ./Drivers/STM32H7xx_HAL_Driver/Src/stm32h7xx_hal_dma.o
 .debug_macro   0x00030953      0x29b ./Drivers/STM32H7xx_HAL_Driver/Src/stm32h7xx_hal_gpio.o
 .debug_macro   0x00030bee      0x2cd ./Drivers/STM32H7xx_HAL_Driver/Src/stm32h7xx_hal_pwr_ex.o
 .debug_macro   0x00030ebb      0x2b8 ./Drivers/STM32H7xx_HAL_Driver/Src/stm32h7xx_hal_rcc.o
 .debug_macro   0x00031173      0x2b2 ./Drivers/STM32H7xx_HAL_Driver/Src/stm32h7xx_hal_rcc_ex.o
 .debug_macro   0x00031425      0x2bf ./Drivers/STM32H7xx_HAL_Driver/Src/stm32h7xx_hal_uart.o
 .debug_macro   0x000316e4      0x2a0 ./Drivers/STM32H7xx_HAL_Driver/Src/stm32h7xx_hal_uart_ex.o

.debug_line     0x00000000    0x123c3
 .debug_line    0x00000000      0x68c ./Core/GNSS/GNSS.o
 .debug_line    0x0000068c      0xc2c ./Core/GNSS/U-Blox_F9P_Driver/U-Blox_F9P_Driver.o
 .debug_line    0x000012b8      0xa74 ./Core/Src/main.o
 .debug_line    0x00001d2c      0x93e ./Core/Src/stm32h7xx_hal_msp.o
 .debug_line    0x0000266a      0x9ef ./Core/Src/stm32h7xx_it.o
 .debug_line    0x00003059      0xa64 ./Core/Src/system_stm32h7xx.o
 .debug_line    0x00003abd       0x7a ./Core/Startup/startup_stm32h723zgtx.o
 .debug_line    0x00003b37      0x8f8 ./Core/SysTick_Timer/SysTick_Timer.o
 .debug_line    0x0000442f      0xef5 ./Drivers/STM32H7xx_HAL_Driver/Src/stm32h7xx_hal.o
 .debug_line    0x00005324      0xe93 ./Drivers/STM32H7xx_HAL_Driver/Src/stm32h7xx_hal_cortex.o
 .debug_line    0x000061b7     0x27ca ./Drivers/STM32H7xx_HAL_Driver/Src/stm32h7xx_hal_dma.o
 .debug_line    0x00008981      0xd28 ./Drivers/STM32H7xx_HAL_Driver/Src/stm32h7xx_hal_gpio.o
 .debug_line    0x000096a9      0xee2 ./Drivers/STM32H7xx_HAL_Driver/Src/stm32h7xx_hal_pwr_ex.o
 .debug_line    0x0000a58b     0x138b ./Drivers/STM32H7xx_HAL_Driver/Src/stm32h7xx_hal_rcc.o
 .debug_line    0x0000b916     0x1c5a ./Drivers/STM32H7xx_HAL_Driver/Src/stm32h7xx_hal_rcc_ex.o
 .debug_line    0x0000d570     0x3f51 ./Drivers/STM32H7xx_HAL_Driver/Src/stm32h7xx_hal_uart.o
 .debug_line    0x000114c1      0xf02 ./Drivers/STM32H7xx_HAL_Driver/Src/stm32h7xx_hal_uart_ex.o

.debug_str      0x00000000   0x13fb88
 .debug_str     0x00000000     0x435d ./Core/GNSS/GNSS.o
                               0x44f1 (size before relaxing)
 .debug_str     0x0000435d   0x137203 ./Core/GNSS/U-Blox_F9P_Driver/U-Blox_F9P_Driver.o
                             0x13b8d8 (size before relaxing)
 .debug_str     0x0013b560      0xe10 ./Core/Src/main.o
                             0x13bf7a (size before relaxing)
 .debug_str     0x0013c370      0x387 ./Core/Src/stm32h7xx_hal_msp.o
                             0x13be6a (size before relaxing)
 .debug_str     0x0013c6f7      0x11a ./Core/Src/stm32h7xx_it.o
                             0x13b172 (size before relaxing)
 .debug_str     0x0013c811      0x2ae ./Core/Src/system_stm32h7xx.o
                             0x13aeb9 (size before relaxing)
 .debug_str     0x0013cabf       0x44 ./Core/Startup/startup_stm32h723zgtx.o
                                 0x65 (size before relaxing)
 .debug_str     0x0013cb03       0x4c ./Core/SysTick_Timer/SysTick_Timer.o
                             0x13aa52 (size before relaxing)
 .debug_str     0x0013cb4f      0x9c4 ./Drivers/STM32H7xx_HAL_Driver/Src/stm32h7xx_hal.o
                             0x13bf43 (size before relaxing)
 .debug_str     0x0013d513      0x2af ./Drivers/STM32H7xx_HAL_Driver/Src/stm32h7xx_hal_cortex.o
                             0x13b85d (size before relaxing)
 .debug_str     0x0013d7c2      0x8b4 ./Drivers/STM32H7xx_HAL_Driver/Src/stm32h7xx_hal_dma.o
                             0x13b66e (size before relaxing)
 .debug_str     0x0013e076       0xec ./Drivers/STM32H7xx_HAL_Driver/Src/stm32h7xx_hal_gpio.o
                             0x13af04 (size before relaxing)
 .debug_str     0x0013e162      0x5ee ./Drivers/STM32H7xx_HAL_Driver/Src/stm32h7xx_hal_pwr_ex.o
                             0x13b30c (size before relaxing)
 .debug_str     0x0013e750      0x22e ./Drivers/STM32H7xx_HAL_Driver/Src/stm32h7xx_hal_rcc.o
                             0x13b287 (size before relaxing)
 .debug_str     0x0013e97e      0x64b ./Drivers/STM32H7xx_HAL_Driver/Src/stm32h7xx_hal_rcc_ex.o
                             0x13b79f (size before relaxing)
 .debug_str     0x0013efc9      0x952 ./Drivers/STM32H7xx_HAL_Driver/Src/stm32h7xx_hal_uart.o
                             0x13be27 (size before relaxing)
 .debug_str     0x0013f91b      0x26d ./Drivers/STM32H7xx_HAL_Driver/Src/stm32h7xx_hal_uart_ex.o
                             0x13b3e7 (size before relaxing)

.comment        0x00000000       0x43
 .comment       0x00000000       0x43 ./Core/GNSS/GNSS.o
                                 0x44 (size before relaxing)
 .comment       0x00000043       0x44 ./Core/GNSS/U-Blox_F9P_Driver/U-Blox_F9P_Driver.o
 .comment       0x00000043       0x44 ./Core/Src/main.o
 .comment       0x00000043       0x44 ./Core/Src/stm32h7xx_hal_msp.o
 .comment       0x00000043       0x44 ./Core/Src/stm32h7xx_it.o
 .comment       0x00000043       0x44 ./Core/Src/system_stm32h7xx.o
 .comment       0x00000043       0x44 ./Core/SysTick_Timer/SysTick_Timer.o
 .comment       0x00000043       0x44 ./Drivers/STM32H7xx_HAL_Driver/Src/stm32h7xx_hal.o
 .comment       0x00000043       0x44 ./Drivers/STM32H7xx_HAL_Driver/Src/stm32h7xx_hal_cortex.o
 .comment       0x00000043       0x44 ./Drivers/STM32H7xx_HAL_Driver/Src/stm32h7xx_hal_dma.o
 .comment       0x00000043       0x44 ./Drivers/STM32H7xx_HAL_Driver/Src/stm32h7xx_hal_gpio.o
 .comment       0x00000043       0x44 ./Drivers/STM32H7xx_HAL_Driver/Src/stm32h7xx_hal_pwr_ex.o
 .comment       0x00000043       0x44 ./Drivers/STM32H7xx_HAL_Driver/Src/stm32h7xx_hal_rcc.o
 .comment       0x00000043       0x44 ./Drivers/STM32H7xx_HAL_Driver/Src/stm32h7xx_hal_rcc_ex.o
 .comment       0x00000043       0x44 ./Drivers/STM32H7xx_HAL_Driver/Src/stm32h7xx_hal_uart.o
 .comment       0x00000043       0x44 ./Drivers/STM32H7xx_HAL_Driver/Src/stm32h7xx_hal_uart_ex.o

.debug_frame    0x00000000     0x305c
 .debug_frame   0x00000000       0x7c ./Core/GNSS/GNSS.o
 .debug_frame   0x0000007c      0x274 ./Core/GNSS/U-Blox_F9P_Driver/U-Blox_F9P_Driver.o
 .debug_frame   0x000002f0       0xf0 ./Core/Src/main.o
 .debug_frame   0x000003e0       0x84 ./Core/Src/stm32h7xx_hal_msp.o
 .debug_frame   0x00000464      0x148 ./Core/Src/stm32h7xx_it.o
 .debug_frame   0x000005ac       0x58 ./Core/Src/system_stm32h7xx.o
 .debug_frame   0x00000604       0x78 ./Core/SysTick_Timer/SysTick_Timer.o
 .debug_frame   0x0000067c      0x760 ./Drivers/STM32H7xx_HAL_Driver/Src/stm32h7xx_hal.o
 .debug_frame   0x00000ddc      0x508 ./Drivers/STM32H7xx_HAL_Driver/Src/stm32h7xx_hal_cortex.o
 .debug_frame   0x000012e4      0x2b4 ./Drivers/STM32H7xx_HAL_Driver/Src/stm32h7xx_hal_dma.o
 .debug_frame   0x00001598      0x14c ./Drivers/STM32H7xx_HAL_Driver/Src/stm32h7xx_hal_gpio.o
 .debug_frame   0x000016e4      0x540 ./Drivers/STM32H7xx_HAL_Driver/Src/stm32h7xx_hal_pwr_ex.o
 .debug_frame   0x00001c24      0x1fc ./Drivers/STM32H7xx_HAL_Driver/Src/stm32h7xx_hal_rcc.o
 .debug_frame   0x00001e20      0x414 ./Drivers/STM32H7xx_HAL_Driver/Src/stm32h7xx_hal_rcc_ex.o
 .debug_frame   0x00002234      0xa94 ./Drivers/STM32H7xx_HAL_Driver/Src/stm32h7xx_hal_uart.o
 .debug_frame   0x00002cc8      0x2c0 ./Drivers/STM32H7xx_HAL_Driver/Src/stm32h7xx_hal_uart_ex.o
 .debug_frame   0x00002f88       0x20 C:/ST/STM32CubeIDE_1.16.0/STM32CubeIDE/plugins/com.st.stm32cube.ide.mcu.externaltools.gnu-tools-for-stm32.12.3.rel1.win32_1.0.200.202406191623/tools/bin/../lib/gcc/arm-none-eabi/12.3.1/../../../../arm-none-eabi/lib/thumb/v7e-m+dp/hard\libc_nano.a(libc_a-memset.o)
 .debug_frame   0x00002fa8       0x2c C:/ST/STM32CubeIDE_1.16.0/STM32CubeIDE/plugins/com.st.stm32cube.ide.mcu.externaltools.gnu-tools-for-stm32.12.3.rel1.win32_1.0.200.202406191623/tools/bin/../lib/gcc/arm-none-eabi/12.3.1/../../../../arm-none-eabi/lib/thumb/v7e-m+dp/hard\libc_nano.a(libc_a-init.o)
 .debug_frame   0x00002fd4       0x28 C:/ST/STM32CubeIDE_1.16.0/STM32CubeIDE/plugins/com.st.stm32cube.ide.mcu.externaltools.gnu-tools-for-stm32.12.3.rel1.win32_1.0.200.202406191623/tools/bin/../lib/gcc/arm-none-eabi/12.3.1/../../../../arm-none-eabi/lib/thumb/v7e-m+dp/hard\libc_nano.a(libc_a-memcpy-stub.o)
 .debug_frame   0x00002ffc       0x2c C:/ST/STM32CubeIDE_1.16.0/STM32CubeIDE/plugins/com.st.stm32cube.ide.mcu.externaltools.gnu-tools-for-stm32.12.3.rel1.win32_1.0.200.202406191623/tools/bin/../lib/gcc/arm-none-eabi/12.3.1/thumb/v7e-m+dp/hard\libgcc.a(_aeabi_uldivmod.o)
 .debug_frame   0x00003028       0x34 C:/ST/STM32CubeIDE_1.16.0/STM32CubeIDE/plugins/com.st.stm32cube.ide.mcu.externaltools.gnu-tools-for-stm32.12.3.rel1.win32_1.0.200.202406191623/tools/bin/../lib/gcc/arm-none-eabi/12.3.1/thumb/v7e-m+dp/hard\libgcc.a(_udivmoddi4.o)

.debug_line_str
                0x00000000       0x49
 .debug_line_str
                0x00000000       0x49 ./Core/Startup/startup_stm32h723zgtx.o
