../Core/Src/stm32h7xx_it.c:71:6:NMI_Handler	4	static
../Core/Src/stm32h7xx_it.c:86:6:HardFault_Handler	4	static
../Core/Src/stm32h7xx_it.c:101:6:MemManage_Handler	4	static
../Core/Src/stm32h7xx_it.c:116:6:BusFault_Handler	4	static
../Core/Src/stm32h7xx_it.c:131:6:UsageFault_Handler	4	static
../Core/Src/stm32h7xx_it.c:146:6:SVC_Handler	4	static
../Core/Src/stm32h7xx_it.c:159:6:DebugMon_Handler	4	static
../Core/Src/stm32h7xx_it.c:172:6:PendSV_Handler	4	static
../Core/Src/stm32h7xx_it.c:196:6:DMA1_Stream0_IRQHandler	8	static
../Core/Src/stm32h7xx_it.c:210:6:USART3_IRQHandler	8	static
../Core/Src/stm32h7xx_it.c:224:6:HAL_UART_RxHalfCpltCallback	16	static
